08-10 07:07:13.123  2394  2424 I MessagingApp: Carrier configs loaded: Bundle[{httpSocketTimeout=60000, aliasMinChars=2, smsToMmsTextThreshold=-1, enableSMSDeliveryReports=true, maxMessageTextSize=-1, supportMmsContentDisposition=true, enabledTransID=false, aliasEnabled=false, supportHttpCharsetHeader=false, allowAttachAudio=true, smsToMmsTextLengthThreshold=-1, recipientLimit=2147483647, uaProfTagName=x-wap-profile, aliasMaxChars=48, maxImageHeight=480, enableMMSDeliveryReports=false, userAgent=, config_cellBroadcastAppLinks=true, maxSubjectLength=40, httpParams=, enableGroupMms=true, emailGatewayNumber=, maxMessageSize=307200, naiSuffix=, enableMMSReadReports=false, maxImageWidth=640, uaProfUrl=, enabledMMS=true, enabledNotifyWapMMSC=false, sendMultipartSmsAsSeparateMessages=false, enableMultipartSMS=true}] from resources+system for subId=1
08-10 07:07:13.238  2373  2373 I CalendarProvider2: Sending notification intent: Intent { act=android.intent.action.PROVIDER_CHANGED dat=content://com.android.calendar }
08-10 07:07:13.238  2373  2373 W ContentResolver: Failed to get type for: content://com.android.calendar (Unknown URL content://com.android.calendar)
08-10 07:07:13.565  2417  2417 D ExtensionsFactory: No custom extensions.
08-10 07:07:13.646  1776  1776 V OtaStartupReceiver: onOtaspChanged: mOtaspMode=3
08-10 07:07:13.647  1528  1573 D WIFI    : Registering NetworkFactory
08-10 07:07:13.647  1528  1573 D WIFI_UT : Registering NetworkFactory
08-10 07:07:13.647  1528  1575 D ConnectivityService: Got NetworkFactory Messenger for WIFI
08-10 07:07:13.648  1528  1575 D ConnectivityService: Got NetworkFactory Messenger for WIFI_UT
08-10 07:07:13.648  1528  1573 D WIFI    : got request NetworkRequest [ id=1, legacyType=-1, [ Capabilities: INTERNET&NOT_RESTRICTED&TRUSTED&NOT_VPN] ] with score 50
08-10 07:07:13.648  1528  1573 D WIFI_UT : got request NetworkRequest [ id=1, legacyType=-1, [ Capabilities: INTERNET&NOT_RESTRICTED&TRUSTED&NOT_VPN] ] with score 50
08-10 07:07:13.700  1528  1540 I ActivityManager: Start proc 2452:com.android.managedprovisioning/u0a8 for broadcast com.android.managedprovisioning/.BootReminder
08-10 07:07:13.707  2452  2452 W System  : ClassLoader referenced unknown path: /system/priv-app/ManagedProvisioning/lib/x86
08-10 07:07:13.714  2394  2465 I MessagingAppDataModel: SyncMessagesAction: Starting batch for messages from 1470728823667 to 1470812832852 (message update limit = 80, message scan limit = 4000)
08-10 07:07:13.768  2394  2468 I MessagingAppDataModel: SyncMessagesAction: All messages now in sync
08-10 07:07:13.789  2394  2425 W art     : Long monitor contention event with owner method=libcore.io.BufferIterator libcore.io.HeapBufferIterator.iterator(byte[], int, int, java.nio.ByteOrder) from HeapBufferIterator.java:84 waiters=0 for 150ms
08-10 07:07:13.840  1528  1678 D CountryDetector: The first listener is added
08-10 07:07:14.295  1868  1879 W art     : Long monitor contention event with owner method=com.android.i18n.phonenumbers.Phonemetadata$PhoneMetadata com.android.i18n.phonenumbers.PhoneNumberUtil.getMetadataForRegion(java.lang.String) from PhoneNumberUtil.java:2042 waiters=0 for 324ms
08-10 07:07:14.378  1981  2469 W MediaScanner: Error opening directory '/oem/media/', skipping: No such file or directory.
08-10 07:07:15.195  1886  1886 D WearableService: callingUid 10007, callindPid: 1886
08-10 07:07:15.201  1886  1886 E GmsWearableNodeHelper: GoogleApiClient connection failed: ConnectionResult{statusCode=API_UNAVAILABLE, resolution=null, message=null}
08-10 07:07:15.242  1868  1879 W art     : Long monitor contention event with owner method=com.android.i18n.phonenumbers.Phonemetadata$PhoneMetadata com.android.i18n.phonenumbers.PhoneNumberUtil.getMetadataForRegion(java.lang.String) from PhoneNumberUtil.java:2042 waiters=0 for 856ms
08-10 07:07:16.639  2134  2470 D FileApkUtils: Spent 82ms computing apk sha1.
08-10 07:07:16.642  2134  2470 D FileApkUtils: Module already staged or being staged:chimera-modules/MapsModule.apk
08-10 07:07:16.654  2134  2134 W InstanceID/Rpc: Found 10007
08-10 07:07:16.707  2134  2470 D DexOptUtils: Module /data/user/0/com.google.android.gms/app_chimera/chimera-module-root/module-a3e4fba11e705727c59ff3116ef21fa4834b9f56/MapsModule.apk is already optimized. Bailing.
08-10 07:07:16.710  2134  2470 D FileApkUtils: Keeping up-to-date module: module-a3e4fba11e705727c59ff3116ef21fa4834b9f56
08-10 07:07:16.715  2134  2470 D ChimeraCfgMgr: Reading stored module config
08-10 07:07:16.746  2134  2470 D GmsModuleFndr: Beginning GMS chimera module scan
08-10 07:07:16.923  2134  2470 D GmsModuleFndr: Module pkg com.google.android.play.games not installed, skipping
08-10 07:07:16.923  2134  2470 D GmsModuleFndr: Module pkg com.google.android.apps.kids.familylink not installed, skipping
08-10 07:07:16.924  2134  2470 D ChimeraCfgMgr: Beginning module configuration check
08-10 07:07:16.928  2134  2470 D ChimeraCfgMgr: Module APKs unchanged, check complete
08-10 07:07:17.020  2134  2134 I CheckinService: Checkin interval check for package: unspecified last checkin: 1470243827756 min interval config: 0 actual interval: 569009264
08-10 07:07:17.035  2134  2479 D GCM     : COMPAT: Multi user not supported
08-10 07:07:17.044  2134  2481 I CheckinService: Disabling old GoogleServicesFramework version
08-10 07:07:17.054  2134  2134 D SystemUpdateService: onCreate
08-10 07:07:17.054  2134  2479 I GCoreUlr: Starting service, intent=Intent { act=com.google.android.location.reporting.ACTION_UPDATE_WORLD cmp=com.google.android.gms/com.google.android.location.reporting.service.DispatchingService (has extras) }, extras=Bundle[{receiverAction=android.intent.action.BOOT_COMPLETED}]
08-10 07:07:17.060  1886  1886 D GCM     : COMPAT: Multi user not supported
08-10 07:07:17.079  2134  2134 D SystemUpdateService: onStartCommand: intent: Intent { cmp=com.google.android.gms/.update.SystemUpdateService (has extras) }
08-10 07:07:17.087  2134  2488 V AuthZen : Handling intent: android.intent.action.BOOT_COMPLETED
08-10 07:07:17.101  2134  2134 D ChimeraCfgMgr: Loading module com.google.android.gms.gass from APK com.google.android.gms
08-10 07:07:17.103  2134  2134 D BootCompletedReceiver: Will schedule periodic tasks:android.intent.action.BOOT_COMPLETED.
08-10 07:07:17.103  2134  2134 D BootCompletedReceiver: Got an BootCompleted event.
08-10 07:07:17.104  1528  1540 I AccountManagerService: getTypesVisibleToCaller: isPermitted? true
08-10 07:07:17.109  2134  2134 D BootCompletedReceiver: Will NOT schedule AdAttestation signal task because it's disabled.
08-10 07:07:17.128  2134  2488 D AuthZenEventHandler: Handling event: android.intent.action.BOOT_COMPLETED
08-10 07:07:17.183  2134  2488 W BaseAppContext: Using Auth Proxy for data requests.
08-10 07:07:17.208  2134  2487 I SystemUpdateService: cancelUpdate (empty URL)
08-10 07:07:17.208  2134  2487 I SystemUpdateService: active receiver: disabled
08-10 07:07:17.218  2134  2134 D SystemUpdateService: onDestroy
08-10 07:07:17.230  2134  2482 I CheckinService: Checking schedule, now: 1470812837230 next: 1470833795719
08-10 07:07:17.230  2134  2482 I CheckinService: active receiver: disabled
08-10 07:07:17.315  2134  2488 E BaseAppContext: Tried to stop global GMSCore RequestQueue. This is likely unintended, so ignoring.
08-10 07:07:17.323  1528  1821 I AccountManagerService: getTypesVisibleToCaller: isPermitted? true
08-10 07:07:17.341  2134  2488 D AuthZenTransactionCache: Initialized cache in: /data/user/0/com.google.android.gms/files
08-10 07:07:17.341  2134  2488 D AuthZenTransactionCache: Clearing transaction cache
08-10 07:07:17.667  1886  2503 D GCM     : GcmService start Intent { act=android.intent.action.BOOT_COMPLETED flg=0x8000010 cmp=com.google.android.gms/.gcm.GcmService (has extras) } android.intent.action.BOOT_COMPLETED
08-10 07:07:17.766  1886  1886 I GCoreUlr: DispatchingService.onCreate()
08-10 07:07:18.119  1886  2507 I GCoreUlr: WorldUpdater received intent Intent { act=com.google.android.location.reporting.ACTION_UPDATE_WORLD cmp=com.google.android.gms/com.google.android.location.reporting.service.DispatchingService (has extras) } with receiverAction android.intent.action.BOOT_COMPLETED
08-10 07:07:18.325  1886  2502 I GCM     : GCM config loaded
08-10 07:07:18.333  1886  1886 W Auth    : [FRP,FrpUpdateIntentService] Received invalid intent action: com.google.android.gms.auth.ACTION_INVALID
08-10 07:07:18.338  1886  1886 V GLSActivity: AuthDelegateWrapperCreated with selected intent: Intent { cmp=com.google.android.gms/.auth.DefaultAuthDelegateService }
08-10 07:07:18.340  1528  1540 I AccountManagerService: getTypesVisibleToCaller: isPermitted? true
08-10 07:07:18.341  1528  1539 I AccountManagerService: getTypesVisibleToCaller: isPermitted? true
08-10 07:07:18.341  1528  1677 I AccountManagerService: getTypesVisibleToCaller: isPermitted? true
08-10 07:07:18.406  1886  2507 I GCoreUlr: WorldUpdater:android.intent.action.BOOT_COMPLETED: Ensuring that reporting is stopped because of reasons: (no Google accounts)
08-10 07:07:18.410  1886  2507 I GCoreUlr: Unbound from all location providers
08-10 07:07:18.410  1886  2507 I GCoreUlr: Place inference reporting - stopped
08-10 07:07:18.471  1886  1886 I GCoreUlr: DispatchingService.onDestroy()
08-10 07:07:18.471  1886  1886 I GCoreUlr: Stopping handler for UlrDispSvcFast
08-10 07:07:18.482  1886  1886 I GCoreUlr: Unbound from all location providers
08-10 07:07:18.482  1886  1886 I GCoreUlr: Place inference reporting - stopped
08-10 07:07:18.488  1886  1886 D PersistentNotificationBroadcastReceiver: Received intent: Intent { act=android.intent.action.BOOT_COMPLETED flg=0x8000010 cmp=com.google.android.gms/.common.notification.PersistentNotificationBroadcastReceiver (has extras) }
08-10 07:07:18.535  1528  1539 I AccountManagerService: getTypesVisibleToCaller: isPermitted? true
08-10 07:07:18.550  2350  2350 D AlertReceiver: onReceive: a=android.intent.action.BOOT_COMPLETED Intent { act=android.intent.action.BOOT_COMPLETED flg=0x8000010 cmp=com.android.calendar/.alerts.AlertReceiver (has extras) }
08-10 07:07:18.553  2287  2287 V AlarmClock: AlarmInitReceiver android.intent.action.BOOT_COMPLETED
08-10 07:07:18.605  2030  2110 I SearchServiceFactory: refreshing internal icing corpora
08-10 07:07:18.606  2030  2110 I SearchServiceFactory: Checking for language pack updates
08-10 07:07:18.610  2030  2276 I SearchServiceFactory: refreshing search history.
08-10 07:07:18.611  2030  2393 I GservicesUpdateTask: Updating Gservices keys
08-10 07:07:18.613  2350  2350 D AlertUtils: Flushing old alerts from shared prefs table
08-10 07:07:18.614  2350  2527 D AlertService: 0 Action = android.intent.action.BOOT_COMPLETED
08-10 07:07:18.615  2350  2527 D AlertService: Scheduling next alarm with AlarmScheduler. sEventReminderReceived: null
08-10 07:07:18.629  2030  2532 I UpdateLanguagePacksTask: Language pack update policy prevents downloading now.
08-10 07:07:18.634  2030  2539 I UpdateIcingCorporaServi: Updating corpora: APPS=MAYBE, CONTACTS=MAYBE
08-10 07:07:18.644  2030  2276 I WebViewFactory: Loading com.android.webview version 44.0.2403.119 (code 246011910)
08-10 07:07:18.669  2030  2276 W System  : ClassLoader referenced unknown path: /system/app/webview/lib/x86
08-10 07:07:18.702  2350  2527 D AlarmScheduler: No events found starting within 1 week.
08-10 07:07:18.795  2287  2387 V AlarmClock: AlarmInitReceiver - Reset timers and clear stopwatch data
08-10 07:07:19.164  2287  2387 V AlarmClock: AlarmInitReceiver finished
08-10 07:07:19.172  1528  1821 I ActivityManager: Start proc 2553:com.android.email/u0a28 for broadcast com.android.email/.service.EmailBroadcastReceiver
08-10 07:07:19.237  2553  2553 W System  : ClassLoader referenced unknown path: /system/app/Email/lib/x86
08-10 07:07:19.624  2030  2539 I UpdateIcingCorporaServi: UpdateCorporaTask done [took 989 ms] updated apps [took 989 ms]
08-10 07:07:19.785  2030  2549 W art     : Attempt to remove non-JNI local reference, dumping thread
08-10 07:07:19.790  1528  1574 D WifiService: New client listening to asynchronous messages
08-10 07:07:19.824  2030  2549 W CronetSyncConnectionRcs: Upload content type not set.
08-10 07:07:19.837  1528  1678 I ActivityManager: Start proc 2571:com.android.exchange/u0a30 for service com.android.exchange/.service.EasService
08-10 07:07:19.867  2571  2571 W System  : ClassLoader referenced unknown path: /system/app/Exchange2/lib/x86
08-10 07:07:19.900  2553  2584 D ActivityThread: Loading provider com.android.email.provider;com.android.email.notifier: com.android.email.provider.EmailProvider
08-10 07:07:19.904  2553  2586 D ActivityThread: Loading provider com.android.email.provider;com.android.email.notifier: com.android.email.provider.EmailProvider
08-10 07:07:19.920  2030  2276 I LibraryLoader: Time to load native libraries: 237 ms (timestamps 8732-8969)
08-10 07:07:19.922  2030  2276 I LibraryLoader: Expected native library version number "",actual native library version number ""
08-10 07:07:19.960  2030  2276 W art     : Attempt to remove non-JNI local reference, dumping thread
08-10 07:07:20.049  1528  1539 I AccountManagerService: getTypesVisibleToCaller: isPermitted? true
08-10 07:07:20.050  1528  1821 I AccountManagerService: getTypesVisibleToCaller: isPermitted? true
08-10 07:07:20.172  1528  1677 I AccountManagerService: getTypesVisibleToCaller: isPermitted? true
08-10 07:07:20.172  1528  1968 I AccountManagerService: getTypesVisibleToCaller: isPermitted? true
08-10 07:07:20.232  1528  1678 W ActivityManager: Unable to start service Intent { cmp=com.android.email/.service.AttachmentService } U=0: not found
08-10 07:07:20.233  1528  1539 W ActivityManager: Unable to start service Intent { cmp=com.android.email/.service.AttachmentService } U=0: not found
08-10 07:07:20.235  1528  1821 W ActivityManager: Unable to start service Intent { cmp=com.android.email/.service.AttachmentService } U=0: not found
08-10 07:07:20.235  2553  2600 I Email   : Observing account changes for notifications
08-10 07:07:20.240  1528  1678 I AccountManagerService: getTypesVisibleToCaller: isPermitted? true
08-10 07:07:20.240  1528  1968 I AccountManagerService: getTypesVisibleToCaller: isPermitted? true
08-10 07:07:20.242  1528  1539 I AccountManagerService: getTypesVisibleToCaller: isPermitted? true
08-10 07:07:20.242  1528  1821 I AccountManagerService: getTypesVisibleToCaller: isPermitted? true
08-10 07:07:20.424  1753  1753 I SystemBroadcastReceiver: Boot has been completed
08-10 07:07:20.424  1753  1753 I SystemBroadcastReceiver: toggleAppIcon() : FLAG_SYSTEM = true
08-10 07:07:20.446  1528  1539 I ActivityManager: Start proc 2602:ir.mservices.market/u0a71 for broadcast ir.mservices.market/.receivers.BootReceiver
08-10 07:07:20.568  2271  2325 D JobManager: Reschedule 0 jobs of 1 jobs
08-10 07:07:20.599  1528  1540 I AccountManagerService: getTypesVisibleToCaller: isPermitted? true
08-10 07:07:20.600  1528  1677 I AccountManagerService: getTypesVisibleToCaller: isPermitted? true
08-10 07:07:21.030  2553  2553 E ActivityThread: Service com.android.email.service.EmailBroadcastProcessorService has leaked ServiceConnection com.android.emailcommon.service.ServiceProxy$ProxyConnection@5eaa394 that was originally bound here
08-10 07:07:21.030  2553  2553 E ActivityThread: android.app.ServiceConnectionLeaked: Service com.android.email.service.EmailBroadcastProcessorService has leaked ServiceConnection com.android.emailcommon.service.ServiceProxy$ProxyConnection@5eaa394 that was originally bound here
08-10 07:07:21.030  2553  2553 E ActivityThread:        at android.app.LoadedApk$ServiceDispatcher.<init>(LoadedApk.java:1092)
08-10 07:07:21.030  2553  2553 E ActivityThread:        at android.app.LoadedApk.getServiceDispatcher(LoadedApk.java:986)
08-10 07:07:21.030  2553  2553 E ActivityThread:        at android.app.ContextImpl.bindServiceCommon(ContextImpl.java:1303)
08-10 07:07:21.030  2553  2553 E ActivityThread:        at android.app.ContextImpl.bindService(ContextImpl.java:1286)
08-10 07:07:21.030  2553  2553 E ActivityThread:        at android.content.ContextWrapper.bindService(ContextWrapper.java:604)
08-10 07:07:21.030  2553  2553 E ActivityThread:        at com.android.emailcommon.service.ServiceProxy.setTask(ServiceProxy.java:181)
08-10 07:07:21.030  2553  2553 E ActivityThread:        at com.android.emailcommon.service.ServiceProxy.test(ServiceProxy.java:224)
08-10 07:07:21.030  2553  2553 E ActivityThread:        at com.android.email.service.EmailServiceUtils.isServiceAvailable(EmailServiceUtils.java:160)
08-10 07:07:21.030  2553  2553 E ActivityThread:        at com.android.email.provider.AccountReconciler.reconcileAccountsInternal(AccountReconciler.java:171)
08-10 07:07:21.030  2553  2553 E ActivityThread:        at com.android.email.provider.AccountReconciler.reconcileAccounts(AccountReconciler.java:115)
08-10 07:07:21.030  2553  2553 E ActivityThread:        at com.android.email.service.EmailBroadcastProcessorService.reconcileAndStartServices(EmailBroadcastProcessorService.java:305)
08-10 07:07:21.030  2553  2553 E ActivityThread:        at com.android.email.service.EmailBroadcastProcessorService.onBootCompleted(EmailBroadcastProcessorService.java:295)
08-10 07:07:21.030  2553  2553 E ActivityThread:        at com.android.email.service.EmailBroadcastProcessorService.onHandleIntent(EmailBroadcastProcessorService.java:130)
08-10 07:07:21.030  2553  2553 E ActivityThread:        at android.app.IntentService$ServiceHandler.handleMessage(IntentService.java:66)
08-10 07:07:21.030  2553  2553 E ActivityThread:        at android.os.Handler.dispatchMessage(Handler.java:102)
08-10 07:07:21.030  2553  2553 E ActivityThread:        at android.os.Looper.loop(Looper.java:148)
08-10 07:07:21.030  2553  2553 E ActivityThread:        at android.os.HandlerThread.run(HandlerThread.java:61)
08-10 07:07:21.304  2571  2571 I Exchange: EasService.onCreate
08-10 07:07:21.332  2571  2617 I Exchange: RestartPingTask
08-10 07:07:21.449  2571  2571 I Exchange: RestartPingsTask did not start any pings.
08-10 07:07:21.449  2571  2571 I Exchange: PSS stopIfIdle
08-10 07:07:21.449  2571  2571 I Exchange: PSS has no active accounts; stopping service.
08-10 07:07:21.611  2571  2571 I Exchange: onDestroy
08-10 07:07:21.714  2602  2602 I GMPM    : App measurement is starting up, version: 8487
08-10 07:07:21.714  2602  2602 I GMPM    : To enable debug logging run: adb shell setprop log.tag.GMPM VERBOSE
08-10 07:07:21.717  2030  2276 W Search.SearchUrlHelper: Auth token not ready, no auth header set.
08-10 07:07:21.793  2602  2602 I GMPM    : AppMeasurement disabled with google_app_measurement_enable=0
08-10 07:07:21.793  2030  2535 W Search.SearchUrlHelper: Auth token not ready, no auth header set.
08-10 07:07:22.072  2030  2535 W Search.LoginHelper: blockingGetGaiaWebLoginLink: account null, returning.
08-10 07:07:22.742  1528  1540 D WifiService: acquireWifiLockLocked: WifiLock{MyketWifiLock type=1 binder=android.os.BinderProxy@34e474f}
08-10 07:07:22.876  1528  1677 I ActivityManager: Start proc 2649:com.ssad/u0a81 for broadcast com.ssad/com.appyet.receiver.BootCompletedReceiver
08-10 07:07:23.091  2134  2238 I GMPM-SVC: App measurement is starting up, version: 8489
08-10 07:07:23.091  2134  2238 I GMPM-SVC: To enable debug logging run: adb shell setprop log.tag.GMPM VERBOSE
08-10 07:07:23.913  2602  2628 W art     : Long monitor contention event with owner method=void com.android.org.conscrypt.FileClientSessionCache$Impl.putSessionData(javax.net.ssl.SSLSession, byte[]) from FileClientSessionCache.java:4294967295 waiters=0 for 556ms
08-10 07:07:23.973  2134  2665 W GMPM-SVC: Combining sample with a non-positive weight: 0
08-10 07:07:23.999  2649  2649 I MultiDex: VM with version 2.1.0 has multidex support
08-10 07:07:23.999  2649  2649 I MultiDex: install
08-10 07:07:24.000  2649  2649 I MultiDex: VM has multidex support, MultiDex support library is disabled.
08-10 07:07:25.754  1528  1677 D WifiService: releaseWifiLockLocked: WifiLock{MyketWifiLock type=1 binder=android.os.BinderProxy@34e474f}
08-10 07:07:25.914  1528  1678 I ActivityManager: Killing 1634:com.android.externalstorage/u0a6 (adj 15): empty #17
08-10 07:07:25.934  2649  2649 I DaoManager: Loaded configuration for class com.appyet.data.Feed
08-10 07:07:25.935  2649  2649 I DaoManager: Loaded configuration for class com.appyet.data.FeedItem
08-10 07:07:25.935  2649  2649 I DaoManager: Loaded configuration for class com.appyet.data.FileCache
08-10 07:07:25.935  2649  2649 I DaoManager: Loaded configuration for class com.appyet.data.Module
08-10 07:07:25.935  2649  2649 I DaoManager: Loaded configuration for class com.appyet.data.Web
08-10 07:07:25.935  2649  2649 I DaoManager: Loaded configuration for class com.appyet.data.Forum
08-10 07:07:25.935  2649  2649 I DaoManager: Loaded configuration for class com.appyet.data.ForumTopic
08-10 07:07:25.935  2649  2649 I DaoManager: Loaded configuration for class com.appyet.data.Document
08-10 07:07:26.034  2649  2649 I GAv4    : Google Analytics 8.4.87 is starting up. To enable debug logging on a device run:
08-10 07:07:26.034  2649  2649 I GAv4    :   adb shell setprop log.tag.GAv4 DEBUG
08-10 07:07:26.034  2649  2649 I GAv4    :   adb logcat -s GAv4
08-10 07:07:26.067  1528  1821 I ActivityManager: Start proc 2670:com.farsitel.bazaar/u0a75 for broadcast com.farsitel.bazaar/.receiver.BootReceiver
08-10 07:07:26.068  1528  1821 I ActivityManager: Killing 1801:com.android.printspooler/u0a44 (adj 15): empty #17
08-10 07:07:26.301  2670  2684 I GMPM    : App measurement is starting up
08-10 07:07:26.483  2670  2670 I CrashlyticsCore: Initializing Crashlytics 2.3.8.97
08-10 07:07:26.626  2670  2680 W art     : Suspending all threads took: 42.494ms
08-10 07:07:26.728  2134  2665 W GMPM-SVC: Combining sample with a non-positive weight: 0
08-10 07:07:26.750  2271  2271 I Dumpster: 2271:2271: startService manager after boot
08-10 07:07:26.761  1528  1677 I ActivityManager: Start proc 2702:com.baloota.dumpster:manager/u0a74 for service com.baloota.dumpster/.service.DumpsterManager
08-10 07:07:26.777  2702  2702 I MultiDex: VM with version 2.1.0 has multidex support
08-10 07:07:26.778  2702  2702 I MultiDex: install
08-10 07:07:26.778  2702  2702 I MultiDex: VM has multidex support, MultiDex support library is disabled.
08-10 07:07:26.793  2702  2702 I Fabric  : Initializing Crashlytics 2.3.3.61
08-10 07:07:26.804  1528  1821 I AccountManagerService: getTypesVisibleToCaller: isPermitted? true
08-10 07:07:26.848  2702  2702 I Dumpster: 2702:2702: man cr
08-10 07:07:26.935  1886  1886 V UserPresentBroadcastReceiver: Received Intent { act=android.intent.action.USER_PRESENT flg=0x24000010 cmp=com.google.android.gms/.auth.trustagent.UserPresentBroadcastReceiver }.
08-10 07:07:26.943  2702  2712 W art     : Suspending all threads took: 21.443ms
08-10 07:07:26.956  2702  2727 W GooglePlayServicesUtil: Google Play services out of date.  Requires 9080000 but found 8489470
08-10 07:07:26.976  2702  2723 W GooglePlayServicesUtil: Google Play services out of date.  Requires 9080000 but found 8489470
08-10 07:07:26.989  2702  2733 W GooglePlayServicesUtil: Google Play services out of date.  Requires 9080000 but found 8489470
08-10 07:07:27.006  1789  1789 E ReflectionService: Message dropped: the service handler is null.
08-10 07:07:27.008  1789  1789 E ReflectionService: Message dropped: the service handler is null.
08-10 07:07:27.085  2702  2702 W GoogleTagManager: Failed to extract the container from the resource file. Resource is a UTF-8 encoded string but doesn't contain a JSON container
08-10 07:07:27.291  2702  2702 E GoogleTagManager: Invalid macro: _gtm.loadEventEnabled
08-10 07:07:27.353  2702  2740 W GooglePlayServicesUtil: Google Play services out of date.  Requires 9080000 but found 8489470
08-10 07:07:27.359  1528  1565 I InputReader: Reconfiguring input devices.  changes=0x00000010
08-10 07:07:27.421  2134  2743 D LocationInitializer: Restart initialization of location
08-10 07:07:27.457  1789  2060 D WidgetsModel: com.google.android.googlequicksearchbox is filtered and not added to the widget tray.
08-10 07:07:27.891  1886  2745 E copresGcore: WifiMedium: Wifi is not supported!!
08-10 07:07:27.974  2702  2741 E GoogleTagManager: Invalid macro: _gtm.loadEventEnabled
08-10 07:07:28.130  1886  1886 D AuthorizationBluetoothService: Received GmsCore event: Intent { act=com.google.android.gms.INITIALIZE flg=0x10 pkg=com.google.android.gms cmp=com.google.android.gms/.auth.be.proximity.authorization.bt.AuthorizationBluetoothService$AutoStarter }.
08-10 07:07:28.251  1886  1886 D a       : Opening database auth.proximity.permit_store...
08-10 07:07:28.263  1886  1886 D WearableService: callingUid 10007, callindPid: 1886
08-10 07:07:28.267  1886  1886 I GCoreNlp: shouldConfirmNlp, NLP off. Ensuring opt-in disabled
08-10 07:07:28.419  1886  2745 E copresGcore: ObfuscatedGaiaIdLookup: Could not load ObfuscatedGaiaIds: /data/user/0/com.google.android.gms/files/copresence_gaia_id: open failed: ENOENT (No such file or directory)
08-10 07:07:28.420  1528  1677 I AccountManagerService: getTypesVisibleToCaller: isPermitted? true
08-10 07:07:28.765  2702  2752 E GoogleTagManager: Invalid macro: _gtm.loadEventEnabled
08-10 07:07:28.895  1528  1821 I AccountManagerService: getTypesVisibleToCaller: isPermitted? true
08-10 07:07:29.232  1886  1886 E BluetoothAdapter: Bluetooth binder is null
08-10 07:07:29.432  2134  2746 W IcingInternalCorpora: getNumBytesRead when not calculated.
08-10 07:07:29.462  2760  2760 W dex2oat : Unexpected CPU variant for X86 using defaults: x86
08-10 07:07:29.462  2760  2760 W dex2oat : Mismatch between dex2oat instruction set features (ISA: X86 Feature string: smp,-ssse3,-sse4.1,-sse4.2,-avx,-avx2) and those of dex2oat executable (ISA: X86 Feature string: smp,ssse3,-sse4.1,-sse4.2,-avx,-avx2) for the command line:
08-10 07:07:29.462  2760  2760 W dex2oat : /system/bin/dex2oat --runtime-arg -classpath --runtime-arg  --instruction-set=x86 --instruction-set-features=smp,ssse3,-sse4.1,-sse4.2,-avx,-avx2 --runtime-arg -Xrelocate --boot-image=/system/framework/boot.art --runtime-arg -Xms64m --runtime-arg -Xmx512m --instruction-set-variant=x86 --instruction-set-features=default --dex-file=/data/user/0/com.baloota.dumpster/cache/.???? --oat-file=/data/user/0/com.baloota.dumpster/cache/.??
08-10 07:07:29.497  2760  2760 I dex2oat : /system/bin/dex2oat --dex-file=/data/user/0/com.baloota.dumpster/cache/.???? --oat-file=/data/user/0/com.baloota.dumpster/cache/.??
08-10 07:07:29.497  2760  2760 E cutils-trace: Error opening trace file: Permission denied (13)
08-10 07:07:29.905  1886  1886 V GLSActivity: AuthDelegateWrapperCreated with selected intent: Intent { cmp=com.google.android.gms/.auth.DefaultAuthDelegateService }
08-10 07:07:29.906  1886  1886 V GLSActivity: AuthDelegateWrapperCreated with selected intent: Intent { cmp=com.google.android.gms/.auth.DefaultAuthDelegateService }
08-10 07:07:29.908  1528  1540 I AccountManagerService: getTypesVisibleToCaller: isPermitted? true
08-10 07:07:29.913  1528  1968 I AccountManagerService: getTypesVisibleToCaller: isPermitted? true
08-10 07:07:29.916  1528  1968 I AccountManagerService: getTypesVisibleToCaller: isPermitted? true
08-10 07:07:29.924  1886  2742 E MDM     : [130] b.run: Couldn't connect to Google API client: ConnectionResult{statusCode=API_UNAVAILABLE, resolution=null, message=null}
08-10 07:07:29.926  1886  2745 E BluetoothAdapter: Bluetooth binder is null
08-10 07:07:30.115  1528  1821 I AccountManagerService: getTypesVisibleToCaller: isPermitted? true
08-10 07:07:30.115  2134  2134 E MDM     : [1] SitrepService.a: No Google accounts; deferring server state update.
08-10 07:07:30.141  2760  2760 W dex2oat : Compilation of void com.upalytics.sdk.??$?.<init>(java.lang.Object) took 200.841ms
08-10 07:07:30.166  2134  2778 I iu.SyncManager: SYNC; picasa accounts
08-10 07:07:30.237  2134  2134 D NetworkLogImpl: Loaded NetworkSpeedPredictor
08-10 07:07:30.239  2134  2134 I iu.Environment: update connectivity state; isNetworkMetered? true*, isRoaming? false, isBackgroundDataAllowed? true*
08-10 07:07:30.283  2760  2760 W dex2oat : Compilation of java.lang.Object com.upalytics.sdk.??$?.??() took 141.568ms
08-10 07:07:30.283  2760  2760 I dex2oat : Skipping compilation of java.lang.String com.upalytics.sdk.??$?.?(short, short, int): it contains a non natural loop
08-10 07:07:30.286  2134  2148 I art     : Background sticky concurrent mark sweep GC freed 20933(2MB) AllocSpace objects, 22(436KB) LOS objects, 22% free, 6MB/8MB, paused 1.039ms total 347.649ms
08-10 07:07:30.416  1886  2781 E MDM     : [142] b.run: Couldn't connect to Google API client: ConnectionResult{statusCode=API_UNAVAILABLE, resolution=null, message=null}
08-10 07:07:30.416  2134  2782 D LocationInitializer: Restart initialization of location
08-10 07:07:30.423  1886  1886 D AuthorizationBluetoothService: Received GmsCore event: Intent { act=com.google.android.gms.INITIALIZE flg=0x10 pkg=com.google.android.gms cmp=com.google.android.gms/.auth.be.proximity.authorization.bt.AuthorizationBluetoothService$AutoStarter }.
08-10 07:07:30.431  1528  1968 I AccountManagerService: getTypesVisibleToCaller: isPermitted? true
08-10 07:07:30.434  1886  1886 V GLSActivity: AuthDelegateWrapperCreated with selected intent: Intent { cmp=com.google.android.gms/.auth.DefaultAuthDelegateService }
08-10 07:07:30.436  1528  1540 I AccountManagerService: getTypesVisibleToCaller: isPermitted? true
08-10 07:07:30.439  1528  1677 I AccountManagerService: getTypesVisibleToCaller: isPermitted? true
08-10 07:07:30.443  1528  1678 I AccountManagerService: getTypesVisibleToCaller: isPermitted? true
08-10 07:07:30.451  2134  2778 I iu.UploadsManager: num queued entries: 0
08-10 07:07:30.451  2134  2778 I iu.UploadsManager: num updated entries: 0
08-10 07:07:30.451  2134  2778 I iu.SyncManager: NEXT; no task
08-10 07:07:30.527  2760  2760 I dex2oat : dex2oat took 1.065s (threads: 2) arena alloc=120KB java alloc=21KB native alloc=1185KB free=862KB
08-10 07:07:30.697  2786  2786 W dex2oat : Unexpected CPU variant for X86 using defaults: x86
08-10 07:07:30.697  2786  2786 W dex2oat : Mismatch between dex2oat instruction set features (ISA: X86 Feature string: smp,-ssse3,-sse4.1,-sse4.2,-avx,-avx2) and those of dex2oat executable (ISA: X86 Feature string: smp,ssse3,-sse4.1,-sse4.2,-avx,-avx2) for the command line:
08-10 07:07:30.697  2786  2786 W dex2oat : /system/bin/dex2oat --runtime-arg -classpath --runtime-arg  --instruction-set=x86 --instruction-set-features=smp,ssse3,-sse4.1,-sse4.2,-avx,-avx2 --runtime-arg -Xrelocate --boot-image=/system/framework/boot.art --runtime-arg -Xms64m --runtime-arg -Xmx512m --instruction-set-variant=x86 --instruction-set-features=default --dex-file=/data/user/0/com.baloota.dumpster/cache/.???? --oat-file=/data/user/0/com.baloota.dumpster/cache/.??
08-10 07:07:30.697  2786  2786 I dex2oat : /system/bin/dex2oat --dex-file=/data/user/0/com.baloota.dumpster/cache/.???? --oat-file=/data/user/0/com.baloota.dumpster/cache/.??
08-10 07:07:30.698  2786  2786 E cutils-trace: Error opening trace file: Permission denied (13)
08-10 07:07:30.714  2786  2788 I dex2oat : Skipping compilation of java.lang.String com.upalytics.sdk.Cln.?(int, byte, int): it contains a non natural loop
08-10 07:07:30.717  2786  2786 I dex2oat : Skipping compilation of java.lang.String com.upalytics.sdk.??.?(short, short, short): it contains a non natural loop
08-10 07:07:30.726  2786  2788 I dex2oat : Skipping compilation of java.lang.String com.upalytics.sdk.??.?(short, int, short): it contains a non natural loop
08-10 07:07:30.727  2786  2786 I dex2oat : Skipping compilation of java.lang.String com.upalytics.sdk.??.?(int, int, int): it contains a non natural loop
08-10 07:07:30.728  2786  2788 I dex2oat : Skipping compilation of java.lang.String com.upalytics.sdk.coN.?(int, byte, int): it contains a non natural loop
08-10 07:07:30.729  2786  2786 I dex2oat : Skipping compilation of java.lang.String com.upalytics.sdk.??.?(int, short, byte): it contains a non natural loop
08-10 07:07:30.913  2786  2786 I dex2oat : dex2oat took 215.676ms (threads: 2) arena alloc=338KB java alloc=41KB native alloc=1806KB free=1777KB
08-10 07:07:31.126  1528  1821 W ActivityManager: Unable to start service Intent { cmp=com.baloota.dumpster/com.upalytics.sdk.AnalyticsService (has extras) } U=0: not found
08-10 07:07:31.181  2702  2702 E upalytics: Upalytics.start, Start Upalytics service failed
08-10 07:07:31.332  2702  2702 W Dumpster: 2702:2702: TaskKiller is installed on device
08-10 07:07:31.337  1528  1559 W ActivityManager: Unable to start service Intent { act=AnalyticsService_wakeup flg=0x4 cmp=com.baloota.dumpster/com.upalytics.sdk.AnalyticsService (has extras) } U=0: not found
08-10 07:07:31.341  2702  2702 I Dumpster: 2702:2702: man st
08-10 07:07:31.350  1528  1678 W ActivityManager: Unable to start service Intent { cmp=com.baloota.dumpster/com.upalytics.sdk.AnalyticsService (has extras) } U=0: not found
08-10 07:07:31.445  2702  2702 E upalytics: Upalytics.start, Start Upalytics service failed
08-10 07:07:31.570  1528  1678 I ActivityManager: Start proc 2805:com.baloota.dumpster:worker00/u0a74 for service com.baloota.dumpster/.handler.files.workers.P00
08-10 07:07:31.596  2805  2805 I MultiDex: VM with version 2.1.0 has multidex support
08-10 07:07:31.596  2805  2805 I MultiDex: install
08-10 07:07:31.596  2805  2805 I MultiDex: VM has multidex support, MultiDex support library is disabled.
08-10 07:07:31.620  2805  2805 I Fabric  : Initializing Crashlytics 2.3.3.61
08-10 07:07:31.632  1528  1540 I AccountManagerService: getTypesVisibleToCaller: isPermitted? true
08-10 07:07:31.658  2805  2822 W GooglePlayServicesUtil: Google Play services out of date.  Requires 9080000 but found 8489470
08-10 07:07:31.833  2350  2350 D AlertReceiver: onReceive: a=android.intent.action.PROVIDER_CHANGED Intent { act=android.intent.action.PROVIDER_CHANGED dat=content://com.android.calendar flg=0x10 cmp=com.android.calendar/.alerts.AlertReceiver }
08-10 07:07:31.837  2350  2829 D AlertService: 0 Action = android.intent.action.PROVIDER_CHANGED
08-10 07:07:31.849  1528  1559 W ActivityManager: Unable to start service Intent { act=AnalyticsService_wakeup flg=0x4 cmp=com.baloota.dumpster/com.upalytics.sdk.AnalyticsService (has extras) } U=0: not found
08-10 07:07:31.919  2805  2822 W GooglePlayServicesUtil: Google Play services out of date.  Requires 9080000 but found 8489470
08-10 07:07:32.304  2805  2824 W GooglePlayServicesUtil: Google Play services out of date.  Requires 9080000 but found 8489470
08-10 07:07:32.448  2134  2134 D SnetService: snet destroyed
08-10 07:07:32.483  1886  1886 I GoogleURLConnFactory: Using platform SSLCertificateSocketFactory
08-10 07:07:32.606  1886  2836 I PhenotypeConfigurator: Scheduling Phenotype every 14400 seconds, with flex of 1800 seconds
08-10 07:07:33.516  1528  1678 I AccountManagerService: getTypesVisibleToCaller: isPermitted? true
08-10 07:07:33.535  1886  2503 D GCM     : GcmService start Intent { act=com.google.android.checkin.CHECKIN_COMPLETE flg=0x10 cmp=com.google.android.gms/.gcm.GcmService (has extras) } com.google.android.checkin.CHECKIN_COMPLETE
08-10 07:07:33.540  1886  2843 I PhenotypeConfigurator: Scheduling Phenotype for one-off execution 4124 seconds from now (1470812853540)
08-10 07:07:33.616  1528  1542 I ActivityManager: Waited long enough for: ServiceRecord{fcb1e77 u0 com.android.calendar/.alerts.InitAlarmsService}
08-10 07:07:34.091  1528  1678 I AccountManagerService: getTypesVisibleToCaller: isPermitted? true
08-10 07:07:34.350  1528  1678 I AccountManagerService: getTypesVisibleToCaller: isPermitted? true
08-10 07:07:34.426  2134  2134 D SnetService: snet destroyed
08-10 07:07:34.752  1886  2836 W GoogleHttpServiceClient: Timeout on service connection
08-10 07:07:34.752  1886  2836 W GoogleHttpServiceClient: java.lang.Throwable
08-10 07:07:34.752  1886  2836 W GoogleHttpServiceClient:       at com.google.android.gms.http.e.a(SourceFile:97)
08-10 07:07:34.752  1886  2836 W GoogleHttpServiceClient:       at com.google.android.gms.http.g.a(SourceFile:146)
08-10 07:07:34.752  1886  2836 W GoogleHttpServiceClient:       at com.google.android.gms.http.GoogleHttpClient.a(SourceFile:757)
08-10 07:07:34.752  1886  2836 W GoogleHttpServiceClient:       at com.google.android.gms.http.GoogleHttpClient.execute(SourceFile:674)
08-10 07:07:34.752  1886  2836 W GoogleHttpServiceClient:       at com.google.android.gms.http.GoogleHttpClient.execute(SourceFile:658)
08-10 07:07:34.752  1886  2836 W GoogleHttpServiceClient:       at com.google.android.gms.phenotype.service.sync.PhenotypeConfigurator.a(SourceFile:1353)
08-10 07:07:34.752  1886  2836 W GoogleHttpServiceClient:       at com.google.android.gms.phenotype.service.sync.PhenotypeConfigurator.a(SourceFile:799)
08-10 07:07:34.752  1886  2836 W GoogleHttpServiceClient:       at com.google.android.gms.phenotype.service.sync.PhenotypeConfigurator.a(SourceFile:753)
08-10 07:07:34.752  1886  2836 W GoogleHttpServiceClient:       at com.google.android.gms.phenotype.service.sync.PhenotypeConfigurator.c(SourceFile:475)
08-10 07:07:34.752  1886  2836 W GoogleHttpServiceClient:       at com.google.android.gms.phenotype.service.sync.PhenotypeConfigurator.a(SourceFile:438)
08-10 07:07:34.752  1886  2836 W GoogleHttpServiceClient:       at com.google.android.gms.gcm.au.run(SourceFile:140)
08-10 07:07:35.201  1528  1678 I AccountManagerService: getTypesVisibleToCaller: isPermitted? true
08-10 07:07:35.214  2134  2858 D UdcContextInitService: registered all accounts: true
08-10 07:07:35.225  2134  2858 I GAv4-SVC: Google Analytics 8.4.89 is starting up.
08-10 07:07:36.488  1528  1677 I ActivityManager: Start proc 2866:com.baloota.dumpster:dsservice/u0a74 for service com.baloota.dumpster/com.ampiri.insights.AmpiriService
08-10 07:07:36.490  1528  1540 I AccountManagerService: getTypesVisibleToCaller: isPermitted? true
08-10 07:07:36.520  2866  2866 I MultiDex: VM with version 2.1.0 has multidex support
08-10 07:07:36.520  2866  2866 I MultiDex: install
08-10 07:07:36.520  2866  2866 I MultiDex: VM has multidex support, MultiDex support library is disabled.
08-10 07:07:36.534  2134  2881 D PackageBroadcastService: Received broadcast action=android.intent.action.PACKAGE_CHANGED and uri=com.google.android.gms
08-10 07:07:36.541  2134  2881 I PackageBroadcastService: Null package name or gms related package.  Ignoreing.
08-10 07:07:36.543  2030  2882 I UpdateIcingCorporaServi: Updating corpora: APPS=com.google.android.gms, CONTACTS=MAYBE
08-10 07:07:36.557  2030  2882 I UpdateIcingCorporaServi: UpdateCorporaTask done [took 14 ms] updated apps [took 14 ms] 
08-10 07:07:36.568  2134  2177 I Icing   : updateResources: need to parse f{com.google.android.gms}
08-10 07:07:36.832  2134  2234 W art     : Long monitor contention event with owner method=void libcore.io.Posix.fsync(java.io.FileDescriptor) from Posix.java:4294967294 waiters=0 for 243ms
08-10 07:07:36.872  2350  2829 I GlobalDismissManager: no sender configured
08-10 07:07:36.872  2350  2829 D AlertService: Beginning updateAlertNotification
08-10 07:07:36.873  2702  2726 D JobManager: Reschedule 0 jobs of 1 jobs
08-10 07:07:36.879  2350  2829 D AlertService: No fired or scheduled alerts
08-10 07:07:36.884  2350  2829 D AlertService: Scheduling next alarm with AlarmScheduler. sEventReminderReceived: null
08-10 07:07:36.889  2350  2829 D AlarmScheduler: No events found starting within 1 week.
08-10 07:07:37.033  2866  2888 W GooglePlayServicesUtil: Google Play services out of date.  Requires 9080000 but found 8489470
08-10 07:07:37.153  2134  2481 I CheckinService: Done disabling old GoogleServicesFramework version
08-10 07:07:37.272  1886  2836 I PhenotypeFlagCommitter: Experiment Configs successfully retrieved for com.google.android.gms.phenotype
08-10 07:07:37.783  1886  2894 I VacuumService: Vacuum at: now=1470812857783 tag=VacuumService
08-10 07:07:39.392  2134  2177 I Icing   : Indexing 5688957CFEB4D0C30A3826F7DCEDD0CCFB401FC5 from com.google.android.gms
08-10 07:07:39.394  2134  2177 I Icing   : Not enough disk space for indexing trimmable
08-10 07:07:39.397  2134  2177 I Icing   : Indexing done 5688957CFEB4D0C30A3826F7DCEDD0CCFB401FC5
08-10 07:07:40.290  1528  1565 I InputReader: Reconfiguring input devices.  changes=0x00000010
08-10 07:07:40.314  2134  2898 D PackageBroadcastService: Received broadcast action=android.intent.action.PACKAGE_CHANGED and uri=com.google.android.gms
08-10 07:07:40.326  2030  2900 I UpdateIcingCorporaServi: Updating corpora: APPS=com.google.android.gms, CONTACTS=MAYBE
08-10 07:07:40.327  2134  2898 I PackageBroadcastService: Null package name or gms related package.  Ignoreing.
08-10 07:07:40.338  2030  2900 I UpdateIcingCorporaServi: UpdateCorporaTask done [took 10 ms] updated apps [took 10 ms] 
08-10 07:07:40.360  2134  2177 I Icing   : updateResources: need to parse f{com.google.android.gms}
08-10 07:07:40.373  1886  1886 I GCoreNlp: shouldConfirmNlp, NLP off. Ensuring opt-in disabled
08-10 07:07:40.401  1789  2060 D WidgetsModel: com.google.android.googlequicksearchbox is filtered and not added to the widget tray.
08-10 07:07:41.364  1528  2899 I MediaFocusControl:  AudioFocus  abandonAudioFocus() from android.media.AudioManager@bf4b41bcom.android.music.MediaPlaybackService$3@df319b8
08-10 07:07:41.368  1528  1539 I ActivityManager: Killing 1944:com.android.music/u0a39 (adj 15): empty #17
08-10 07:07:41.668  1528  1542 I ActivityManager: Waited long enough for: ServiceRecord{cf5a23f u0 com.farsitel.bazaar/.service.AppDownloadService}
08-10 07:07:41.674  2134  2177 I Icing   : Indexing 5688957CFEB4D0C30A3826F7DCEDD0CCFB401FC5 from com.google.android.gms
08-10 07:07:41.674  2134  2177 I Icing   : Not enough disk space for indexing trimmable
08-10 07:07:41.677  2134  2177 I Icing   : Indexing done 5688957CFEB4D0C30A3826F7DCEDD0CCFB401FC5
08-10 07:07:41.726  2805  2828 D JobManager: Reschedule 0 jobs of 1 jobs
08-10 07:07:41.763  1528  1542 I ActivityManager: Waited long enough for: ServiceRecord{dac235b u0 com.baloota.dumpster/.service.DumpsterManager}
08-10 07:07:49.023  2350  2548 D InitAlarmsService: Clearing and rescheduling alarms.
08-10 07:07:49.033  1528  1539 I ActivityManager: Killing 2432:com.android.keychain/1000 (adj 15): empty #17
08-10 07:07:51.498  1528  1542 I ActivityManager: Waited long enough for: ServiceRecord{c3f629b u0 com.baloota.dumpster/com.ampiri.insights.AmpiriService}
08-10 07:08:09.670  2271  2909 W FA      : Tasks have been queued for a long time
08-10 07:08:27.403  2670  2670 W ResourceType: No package identifier when getting value for resource number 0x00000000
08-10 07:08:27.459  2670  2926 W ResourceType: No package identifier when getting value for resource number 0x00000000
08-10 07:08:27.465  2670  2926 W ResourceType: No package identifier when getting value for resource number 0x00000000
08-10 07:08:27.470  2670  2926 W ResourceType: No package identifier when getting value for resource number 0x00000000
08-10 07:08:31.257  2649  2920 E pixel   : java.lang.IllegalArgumentException: invalid port: -1
08-10 07:08:31.257  2649  2920 W System.err: java.net.MalformedURLException: java.lang.IllegalArgumentException: invalid port: -1
08-10 07:08:31.265  2649  2920 W System.err:    at java.net.URL.<init>(URL.java:190)
08-10 07:08:31.265  2649  2920 W System.err:    at java.net.URL.<init>(URL.java:125)
08-10 07:08:31.265  2649  2920 W System.err:    at com.appyet.e.r.a(SyncManager.java:632)
08-10 07:08:31.266  2649  2920 W System.err:    at com.appyet.e.r.a(SyncManager.java:980)
08-10 07:08:31.266  2649  2920 W System.err:    at com.appyet.e.r.a(SyncManager.java:81)
08-10 07:08:31.266  2649  2920 W System.err:    at com.appyet.e.r$a.run(SyncManager.java:1816)
08-10 07:08:31.266  2649  2920 W System.err:    at java.util.concurrent.ThreadPoolExecutor.runWorker(ThreadPoolExecutor.java:1113)
08-10 07:08:31.266  2649  2920 W System.err:    at java.util.concurrent.ThreadPoolExecutor$Worker.run(ThreadPoolExecutor.java:588)
08-10 07:08:31.266  2649  2920 W System.err:    at java.lang.Thread.run(Thread.java:818)
08-10 07:08:31.267  2649  2920 E pixel   : java.lang.IllegalArgumentException: invalid port: -1
08-10 07:08:31.267  2649  2920 W System.err: java.net.MalformedURLException: java.lang.IllegalArgumentException: invalid port: -1
08-10 07:08:31.267  2649  2920 W System.err:    at java.net.URL.<init>(URL.java:190)
08-10 07:08:31.267  2649  2920 W System.err:    at java.net.URL.<init>(URL.java:125)
08-10 07:08:31.267  2649  2920 W System.err:    at com.appyet.e.r.a(SyncManager.java:632)
08-10 07:08:31.267  2649  2920 W System.err:    at com.appyet.e.r.a(SyncManager.java:980)
08-10 07:08:31.268  2649  2920 W System.err:    at com.appyet.e.r.a(SyncManager.java:81)
08-10 07:08:31.268  2649  2920 W System.err:    at com.appyet.e.r$a.run(SyncManager.java:1816)
08-10 07:08:31.268  2649  2920 W System.err:    at java.util.concurrent.ThreadPoolExecutor.runWorker(ThreadPoolExecutor.java:1113)
08-10 07:08:31.268  2649  2920 W System.err:    at java.util.concurrent.ThreadPoolExecutor$Worker.run(ThreadPoolExecutor.java:588)
08-10 07:08:31.268  2649  2920 W System.err:    at java.lang.Thread.run(Thread.java:818)
08-10 07:08:32.191  2649  2911 E pixel   : Conversion: ?
08-10 07:08:32.191  2649  2911 W System.err: java.util.UnknownFormatConversionException: Conversion: ?
08-10 07:08:32.192  2649  2911 W System.err:    at java.util.Formatter$FormatToken.unknownFormatConversionException(Formatter.java:1399)
08-10 07:08:32.192  2649  2911 W System.err:    at java.util.Formatter$FormatToken.checkFlags(Formatter.java:1336)
08-10 07:08:32.192  2649  2911 W System.err:    at java.util.Formatter.transform(Formatter.java:1442)
08-10 07:08:32.192  2649  2911 W System.err:    at java.util.Formatter.doFormat(Formatter.java:1081)
08-10 07:08:32.192  2649  2911 W System.err:    at java.util.Formatter.format(Formatter.java:1042)
08-10 07:08:32.192  2649  2911 W System.err:    at java.util.Formatter.format(Formatter.java:1011)
08-10 07:08:32.192  2649  2911 W System.err:    at java.lang.String.format(String.java:1554)
08-10 07:08:32.192  2649  2911 W System.err:    at java.lang.String.format(String.java:1528)
08-10 07:08:32.192  2649  2911 W System.err:    at com.appyet.e.r.a(SyncManager.java:314)
08-10 07:08:32.192  2649  2911 W System.err:    at com.appyet.receiver.AlarmUpdateReceiver$a.d(AlarmUpdateReceiver.java:30)
08-10 07:08:32.192  2649  2911 W System.err:    at com.appyet.receiver.AlarmUpdateReceiver$a.b(AlarmUpdateReceiver.java:25)
08-10 07:08:32.192  2649  2911 W System.err:    at com.appyet.g.a$2.call(AsyncTask.java:255)
08-10 07:08:32.192  2649  2911 W System.err:    at java.util.concurrent.FutureTask.run(FutureTask.java:237)
08-10 07:08:32.192  2649  2911 W System.err:    at java.util.concurrent.ThreadPoolExecutor.runWorker(ThreadPoolExecutor.java:1113)
08-10 07:08:32.192  2649  2911 W System.err:    at java.util.concurrent.ThreadPoolExecutor$Worker.run(ThreadPoolExecutor.java:588)
08-10 07:08:32.192  2649  2911 W System.err:    at java.lang.Thread.run(Thread.java:818)
08-10 07:08:32.192  2649  2911 E pixel   : Conversion: ?
08-10 07:08:32.192  2649  2911 W System.err: java.util.UnknownFormatConversionException: Conversion: ?
08-10 07:08:32.192  2649  2911 W System.err:    at java.util.Formatter$FormatToken.unknownFormatConversionException(Formatter.java:1399)
08-10 07:08:32.192  2649  2911 W System.err:    at java.util.Formatter$FormatToken.checkFlags(Formatter.java:1336)
08-10 07:08:32.192  2649  2911 W System.err:    at java.util.Formatter.transform(Formatter.java:1442)
08-10 07:08:32.192  2649  2911 W System.err:    at java.util.Formatter.doFormat(Formatter.java:1081)
08-10 07:08:32.193  2649  2911 W System.err:    at java.util.Formatter.format(Formatter.java:1042)
08-10 07:08:32.193  2649  2911 W System.err:    at java.util.Formatter.format(Formatter.java:1011)
08-10 07:08:32.193  2649  2911 W System.err:    at java.lang.String.format(String.java:1554)
08-10 07:08:32.193  2649  2911 W System.err:    at java.lang.String.format(String.java:1528)
08-10 07:08:32.193  2649  2911 W System.err:    at com.appyet.e.r.a(SyncManager.java:336)
08-10 07:08:32.193  2649  2911 W System.err:    at com.appyet.receiver.AlarmUpdateReceiver$a.d(AlarmUpdateReceiver.java:30)
08-10 07:08:32.193  2649  2911 W System.err:    at com.appyet.receiver.AlarmUpdateReceiver$a.b(AlarmUpdateReceiver.java:25)
08-10 07:08:32.193  2649  2911 W System.err:    at com.appyet.g.a$2.call(AsyncTask.java:255)
08-10 07:08:32.193  2649  2911 W System.err:    at java.util.concurrent.FutureTask.run(FutureTask.java:237)
08-10 07:08:32.193  2649  2911 W System.err:    at java.util.concurrent.ThreadPoolExecutor.runWorker(ThreadPoolExecutor.java:1113)
08-10 07:08:32.193  2649  2911 W System.err:    at java.util.concurrent.ThreadPoolExecutor$Worker.run(ThreadPoolExecutor.java:588)
08-10 07:08:32.193  2649  2911 W System.err:    at java.lang.Thread.run(Thread.java:818)
08-10 07:08:32.688  1528  1579 D NotificationSQLiteLog: Pruned event entries: 20
08-10 07:09:26.990  1886  2730 I ClearcutLoggerApiImpl: disconnect managed GoogleApiClient
08-10 07:09:35.394  1528  1821 I AccountManagerService: getTypesVisibleToCaller: isPermitted? true
08-10 07:09:35.394  2134  2956 D UdcContextInitService: registered all accounts: true
08-10 07:09:36.014  1886  2957 I PhenotypeFlagCommitter: Experiment Configs successfully retrieved for com.google.android.gms.playlog.uploader
08-10 07:09:36.015  1886  2957 I GoogleURLConnFactory: Using platform SSLCertificateSocketFactory
08-10 07:09:36.053  1528  1968 I AccountManagerService: getTypesVisibleToCaller: isPermitted? true
