08-10 08:23:46.532  1528  1552 I art     : Explicit concurrent mark sweep GC freed 21075(1400KB) AllocSpace objects, 6(120KB) LOS objects, 33% free, 7MB/11MB, paused 678us total 168.976ms
08-10 08:23:46.534  1528  1552 W PackageManager: Couldn't remove dex file for package:  at location /data/app/ir.androidlearnings.rootcheck-1/base.apk, retcode=-1
08-10 08:23:46.590  3474  3474 I art     : System.exit called, status: 0
08-10 08:23:46.590  3474  3474 I AndroidRuntime: VM exiting with result code 0.
08-10 08:23:46.897  1789  2099 W EGL_emulation: eglSurfaceAttrib not implemented
08-10 08:23:46.897  1789  2099 W OpenGLRenderer: Failed to set EGL_SWAP_BEHAVIOR on surface 0xaa07fae0, error=EGL_SUCCESS
08-10 08:23:46.899  1528  1552 I ActivityManager: Force stopping ir.androidlearnings.rootcheck appid=10087 user=0: pkg removed
08-10 08:23:47.536  1528  1547 W art     : Long monitor contention event with owner method=void com.android.server.wm.WindowManagerService.executeAppTransition() from WindowManagerService.java:4264 waiters=0 for 357ms
08-10 08:23:47.540  1528  1542 W art     : Long monitor contention event with owner method=int com.android.server.am.ActivityManagerService.broadcastIntent(android.app.IApplicationThread, android.content.Intent, java.lang.String, android.content.IIntentReceiver, int, java.lang.String, android.os.Bundle, java.lang.String[], int, android.os.Bundle, boolean, boolean, int) from ActivityManagerService.java:16931 waiters=0 for 413ms
08-10 08:23:47.647  1528  1968 W art     : Long monitor contention event with owner method=int com.android.server.am.ActivityManagerService.broadcastIntent(android.app.IApplicationThread, android.content.Intent, java.lang.String, android.content.IIntentReceiver, int, java.lang.String, android.os.Bundle, java.lang.String[], int, android.os.Bundle, boolean, boolean, int) from ActivityManagerService.java:16931 waiters=1 for 515ms
08-10 08:23:47.651  1528  1528 D JobSchedulerService: Receieved: android.intent.action.PACKAGE_REMOVED
08-10 08:23:47.687  1528  1565 I InputReader: Reconfiguring input devices.  changes=0x00000010
08-10 08:23:47.866  1528  1677 W art     : Long monitor contention event with owner method=void com.android.server.am.BroadcastQueue.processNextBroadcast(boolean) from BroadcastQueue.java:639 waiters=0 for 217ms
08-10 08:23:47.877  1528  3097 W art     : Long monitor contention event with owner method=android.os.Message android.os.MessageQueue.next() from MessageQueue.java:325 waiters=0 for 225ms
08-10 08:23:48.094  1528  3096 W InputMethodManagerService: Got RemoteException sending setActive(false) notification to pid 3420 uid 10087
08-10 08:23:48.095  1789  1789 I Choreographer: Skipped 90 frames!  The application may be doing too much work on its main thread.
08-10 08:23:48.112  1776  1776 D CarrierServiceBindHelper: Receive action: android.intent.action.PACKAGE_REMOVED
08-10 08:23:48.122  1528  1552 W art     : Long monitor contention event with owner method=android.app.IActivityManager$ContentProviderHolder com.android.server.am.ActivityManagerService.getContentProviderImpl(android.app.IApplicationThread, java.lang.String, android.os.IBinder, boolean, int) from ActivityManagerService.java:9413 waiters=2 for 470ms
08-10 08:23:48.556  1528  1565 I InputReader: Reconfiguring input devices.  changes=0x00000010
08-10 08:23:48.861  2134  3493 D PackageBroadcastService: Received broadcast action=android.intent.action.PACKAGE_REMOVED and uri=ir.androidlearnings.rootcheck
08-10 08:23:48.870  1776  1776 D CarrierServiceBindHelper: Receive action: android.intent.action.PACKAGE_ADDED
08-10 08:23:48.870  1776  1776 D CarrierServiceBindHelper: mHandler: 3
08-10 08:23:48.870  1776  1776 D CarrierServiceBindHelper: Receive action: android.intent.action.PACKAGE_REPLACED
08-10 08:23:48.871  1776  1776 D CarrierServiceBindHelper: mHandler: 3
08-10 08:23:48.871  1776  1776 D CarrierServiceBindHelper: mHandler: 3
08-10 08:23:48.871  1776  1776 D CarrierConfigLoader: mHandler: 9 phoneId: 0
08-10 08:23:48.876  2134  2134 D ChimeraCfgMgr: Loading module com.google.android.gms.games from APK com.google.android.gms
08-10 08:23:49.143  1886  1886 E NetworkScheduler.SchedulerReceiver: Invalid parameter app
08-10 08:23:49.143  1886  1886 E NetworkScheduler.SchedulerReceiver: Invalid package name : Perhaps you didn't include a PendingIntent in the extras?
08-10 08:23:49.150  3162  3162 W ContextImpl: Calling a method in the system process without a qualified user: android.app.ContextImpl.startService:1221 android.content.ContextWrapper.startService:581 android.content.ContextWrapper.startService:581 com.android.keychain.KeyChainBroadcastReceiver.onReceive:12 android.app.ActivityThread.handleReceiver:2725
08-10 08:23:49.213  2134  2148 I art     : Background sticky concurrent mark sweep GC freed 12690(932KB) AllocSpace objects, 4(80KB) LOS objects, 13% free, 7MB/8MB, paused 94.053ms total 336.291ms
08-10 08:23:49.472  1789  2099 W OpenGLRenderer: Incorrectly called buildLayer on View: em, destroying layer...
08-10 08:23:49.472  1789  2099 W OpenGLRenderer: Incorrectly called buildLayer on View: em, destroying layer...
08-10 08:23:49.786  2134  2134 D ChimeraCfgMgr: Loading module com.google.android.gms.games from APK com.google.android.gms
08-10 08:23:49.890  2134  3500 D PackageBroadcastService: Received broadcast action=android.intent.action.PACKAGE_ADDED and uri=ir.androidlearnings.rootcheck
08-10 08:23:49.898  2134  2134 D ChimeraCfgMgr: Loading module com.google.android.gms.gass from APK com.google.android.gms
08-10 08:23:49.899  2134  2134 D AsyncTaskServiceImpl: Submit a task: k
08-10 08:23:49.904  2134  2134 D ChimeraCfgMgr: Loading module com.google.android.gms.gass from APK com.google.android.gms
08-10 08:23:49.906  2134  2134 D ChimeraCfgMgr: Loading module com.google.android.gms.vision from APK com.google.android.gms
08-10 08:23:49.921  2030  3507 I UpdateIcingCorporaServi: Updating corpora: APPS=ir.androidlearnings.rootcheck, CONTACTS=MAYBE
08-10 08:23:49.927  2134  3505 D k       : Processing package: ir.androidlearnings.rootcheck
08-10 08:23:49.959  1528  1968 I AccountManagerService: getTypesVisibleToCaller: isPermitted? true
08-10 08:23:49.969  2134  3502 I PeopleContactsSync: triggerPendingContactsCleanup: no accounts
08-10 08:23:49.974  3491  3491 D AndroidRuntime: >>>>>> START com.android.internal.os.RuntimeInit uid 0 <<<<<<
08-10 08:23:49.975  3491  3491 D AndroidRuntime: CheckJNI is ON
08-10 08:23:50.034  2134  3505 D GassUtils: Found app info for package ir.androidlearnings.rootcheck:1. Hash: 5a83550de6f83efb5c627c33b1d9fedfc757a68be9b9dbb1b999433a924ee3d5
08-10 08:23:50.034  2134  3505 D k       : Found info for package ir.androidlearnings.rootcheck in db.
08-10 08:23:50.051  2134  3509 D PackageBroadcastService: Received broadcast action=android.intent.action.PACKAGE_REPLACED and uri=ir.androidlearnings.rootcheck
08-10 08:23:50.079  2134  2134 D ChimeraCfgMgr: Loading module com.google.android.gms.gass from APK com.google.android.gms
08-10 08:23:50.080  2134  2134 D AsyncTaskServiceImpl: Submit a task: k
08-10 08:23:50.090  3491  3491 D ICU     : No timezone override file found: /data/misc/zoneinfo/current/icu/icu_tzdata.dat
08-10 08:23:50.175  1528  1539 I AccountManagerService: getTypesVisibleToCaller: isPermitted? true
08-10 08:23:50.176  2134  3510 I PeopleContactsSync: triggerPendingContactsCleanup: no accounts
08-10 08:23:50.233  2134  3505 D k       : Processing package: ir.androidlearnings.rootcheck
08-10 08:23:50.235  2134  3505 D GassUtils: Found app info for package ir.androidlearnings.rootcheck:1. Hash: 5a83550de6f83efb5c627c33b1d9fedfc757a68be9b9dbb1b999433a924ee3d5
08-10 08:23:50.235  2134  3505 D k       : Found info for package ir.androidlearnings.rootcheck in db.
08-10 08:23:50.238  1789  1809 I art     : Background partial concurrent mark sweep GC freed 1692(75KB) AllocSpace objects, 1(112KB) LOS objects, 25% free, 11MB/15MB, paused 889us total 109.638ms
08-10 08:23:50.246  2134  2134 D ChimeraCfgMgr: Loading module com.google.android.gms.vision from APK com.google.android.gms
08-10 08:23:50.268  1886  1886 E NetworkScheduler.SchedulerReceiver: Invalid parameter app
08-10 08:23:50.268  1886  1886 E NetworkScheduler.SchedulerReceiver: Invalid package name : Perhaps you didn't include a PendingIntent in the extras?
08-10 08:23:50.274  2134  3512 W art     : No such thread id for suspend: 33
08-10 08:23:50.385  3491  3491 E memtrack: Couldn't load memtrack module (No such file or directory)
08-10 08:23:50.410  3491  3491 E android.os.Debug: failed to load memtrack module: -2
08-10 08:23:50.411  3491  3491 I Radio-JNI: register_android_hardware_Radio DONE
08-10 08:23:50.439  3491  3491 D AndroidRuntime: Calling main entry com.android.commands.am.Am
08-10 08:23:50.453  1528  1677 I ActivityManager: START u0 {act=android.intent.action.MAIN cat=[android.intent.category.LAUNCHER] flg=0x10000000 cmp=ir.androidlearnings.rootcheck/.main} from uid 0 on display 0
08-10 08:23:50.470  3491  3491 D AndroidRuntime: Shutting down VM
08-10 08:23:50.496  1528  3096 I ActivityManager: Start proc 3520:ir.androidlearnings.rootcheck/u0a87 for activity ir.androidlearnings.rootcheck/.main
08-10 08:23:50.650  3520  3520 W System  : ClassLoader referenced unknown path: /data/app/ir.androidlearnings.rootcheck-2/lib/x86
08-10 08:23:50.715  3520  3520 W art     : Before Android 4.1, method android.graphics.PorterDuffColorFilter android.support.graphics.drawable.VectorDrawableCompat.updateTintFilter(android.graphics.PorterDuffColorFilter, android.content.res.ColorStateList, android.graphics.PorterDuff$Mode) would have incorrectly overridden the package-private method in android.graphics.drawable.Drawable
08-10 08:23:50.823  1219  2014 E SurfaceFlinger: ro.sf.lcd_density must be defined as a build property
08-10 08:23:50.824  3520  3535 D OpenGLRenderer: Use EGL_SWAP_BEHAVIOR_PRESERVED: true
08-10 08:23:50.826  3520  3520 D         : HostConnection::get() New Host Connection established 0xafecb2f0, tid 3520
08-10 08:23:50.833  3520  3520 I B4A     : ~i:** Service (starter) Create **
08-10 08:23:50.834  3520  3520 I B4A     : ~i:** Service (starter) Start **
08-10 08:23:50.882  3520  3535 D         : HostConnection::get() New Host Connection established 0xae3d2a80, tid 3535
08-10 08:23:50.889  3520  3535 I OpenGLRenderer: Initialized EGL, version 1.4
08-10 08:23:50.912  1789  2099 E Surface : getSlotFromBufferLocked: unknown buffer: 0xae3f4870
08-10 08:23:50.932  3520  3535 W EGL_emulation: eglSurfaceAttrib not implemented
08-10 08:23:50.932  3520  3535 W OpenGLRenderer: Failed to set EGL_SWAP_BEHAVIOR on surface 0xaa9cc5c0, error=EGL_SUCCESS
08-10 08:23:51.001  3520  3520 I B4A     : ~i:** Activity (main) Create, isFirst = true **
08-10 08:23:51.167  2030  3507 I UpdateIcingCorporaServi: UpdateCorporaTask done [took 1245 ms] updated apps [took 1245 ms]
08-10 08:23:51.266  3520  3520 D API     : initialized
08-10 08:23:51.285  3520  3520 I B4A     : ~i:** Activity (main) Resume **
08-10 08:23:51.510  1789  2060 D WidgetsModel: com.google.android.googlequicksearchbox is filtered and not added to the widget tray.
08-10 08:23:51.554  3520  3520 I B4A     : lib:Raising.. ac_onbillinginitialized()
08-10 08:23:51.568  1528  1547 I ActivityManager: Displayed ir.androidlearnings.rootcheck/.main: +1s100ms
08-10 08:23:51.809  2134  2177 I Icing   : Indexing 5688957CFEB4D0C30A3826F7DCEDD0CCFB401FC5 from com.google.android.gms
08-10 08:23:51.832  2134  2177 I Icing   : Not enough disk space for indexing trimmable
08-10 08:23:52.041  2134  2177 I Icing   : Not enough disk space for indexing trimmable
08-10 08:23:52.044  2134  2177 I Icing   : Indexing done 5688957CFEB4D0C30A3826F7DCEDD0CCFB401FC5
08-10 08:23:52.202  2134  2177 I Icing   : Indexing B64C81423E777862E2206DF0EBA4D304E609EB85 from com.google.android.googlequicksearchbox
08-10 08:23:52.202  2134  2177 I Icing   : Not enough disk space for indexing trimmable
08-10 08:23:52.249  2134  2177 I Icing   : Indexing 5688957CFEB4D0C30A3826F7DCEDD0CCFB401FC5 from com.google.android.gms
08-10 08:23:52.250  2134  2177 I Icing   : Not enough disk space for indexing trimmable
08-10 08:23:52.251  2134  2177 I Icing   : Indexing done 5688957CFEB4D0C30A3826F7DCEDD0CCFB401FC5
08-10 08:23:52.252  2134  2177 I Icing   : Not enough disk space for indexing trimmable
08-10 08:23:52.289  2134  2177 I Icing   : Indexing done B64C81423E777862E2206DF0EBA4D304E609EB85
08-10 08:23:54.094  3520  3535 W EGL_emulation: eglSurfaceAttrib not implemented
08-10 08:23:54.094  3520  3535 W OpenGLRenderer: Failed to set EGL_SWAP_BEHAVIOR on surface 0xafed1a80, error=EGL_SUCCESS
08-10 08:23:54.099  1229  1524 D AudioFlinger: mixer(0xb44c0000) throttle end: throttle time(54)
08-10 08:23:58.738  1219  1516 E SurfaceFlinger: ro.sf.lcd_density must be defined as a build property
08-10 08:23:58.783  3542  3542 D         : HostConnection::get() New Host Connection established 0xb661c260, tid 3542
08-10 08:23:58.787  1219  1219 E EGL_emulation: tid 1219: eglCreateSyncKHR(1294): error 0x3004 (EGL_BAD_ATTRIBUTE)
08-10 08:23:59.300  3547  3547 D AndroidRuntime: >>>>>> START com.android.internal.os.RuntimeInit uid 0 <<<<<<
08-10 08:23:59.301  3547  3547 D AndroidRuntime: CheckJNI is ON
08-10 08:23:59.435  3547  3547 D ICU     : No timezone override file found: /data/misc/zoneinfo/current/icu/icu_tzdata.dat
08-10 08:23:59.501  3547  3547 E memtrack: Couldn't load memtrack module (No such file or directory)
08-10 08:23:59.501  3547  3547 E android.os.Debug: failed to load memtrack module: -2
08-10 08:23:59.502  3547  3547 I Radio-JNI: register_android_hardware_Radio DONE
08-10 08:23:59.509  3547  3547 D AndroidRuntime: Calling main entry com.android.commands.am.Am
08-10 08:23:59.529  1528  1542 I ActivityManager: Start proc 3555:android.process.media/u0a5 for broadcast com.android.providers.media/.MediaScannerReceiver
08-10 08:23:59.554  3555  3555 W System  : ClassLoader referenced unknown path: /system/priv-app/MediaProvider/lib/x86
08-10 08:23:59.570  3555  3555 W System  : ClassLoader referenced unknown path: /system/priv-app/DownloadProvider/lib/x86
08-10 08:23:59.595  3555  3555 D MediaScannerReceiver: action: android.intent.action.MEDIA_SCANNER_SCAN_FILE path: /data/local/tmp/screen.png
08-10 08:23:59.596  3547  3547 D AndroidRuntime: Shutting down VM
08-10 08:24:00.317  1528  1565 I InputReader: Reconfiguring input devices.  changes=0x00000010
08-10 08:24:00.332  2134  3573 D PackageBroadcastService: Received broadcast action=android.intent.action.PACKAGE_CHANGED and uri=com.google.android.gms
08-10 08:24:00.333  2134  3573 I PackageBroadcastService: Null package name or gms related package.  Ignoreing.
08-10 08:24:00.342  2030  3575 I UpdateIcingCorporaServi: Updating corpora: APPS=com.google.android.gms, CONTACTS=MAYBE
08-10 08:24:00.357  1886  1886 I GCoreNlp: shouldConfirmNlp, NLP off. Ensuring opt-in disabled
08-10 08:24:00.358  2030  3575 I UpdateIcingCorporaServi: UpdateCorporaTask done [took 16 ms] updated apps [took 16 ms] 
08-10 08:24:00.369  2134  2177 I Icing   : updateResources: need to parse f{com.google.android.gms}
08-10 08:24:00.384  1789  2060 D WidgetsModel: com.google.android.googlequicksearchbox is filtered and not added to the widget tray.
08-10 08:24:00.551  2030  3579 W CronetSyncConnectionRcs: Upload content type not set.
08-10 08:24:02.305  2134  2177 I Icing   : Indexing 5688957CFEB4D0C30A3826F7DCEDD0CCFB401FC5 from com.google.android.gms
08-10 08:24:02.306  2134  2177 I Icing   : Not enough disk space for indexing trimmable
08-10 08:24:02.309  2134  2177 I Icing   : Indexing done 5688957CFEB4D0C30A3826F7DCEDD0CCFB401FC5
08-10 08:25:14.823  3520  3535 E Surface : getSlotFromBufferLocked: unknown buffer: 0xae3f17e0
08-10 08:25:14.838  3520  3535 D OpenGLRenderer: endAllStagingAnimators on 0xae552900 (RippleDrawable) with handle 0xae53c0e0
08-10 08:25:14.854  1528  3097 W InputMethodManagerService: Window already focused, ignoring focus gain of: com.android.internal.view.IInputMethodClient$Stub$Proxy@ab34924 attribute=null, token = android.os.BinderProxy@9fb3dd2
08-10 08:25:15.398  1229  1524 D AudioFlinger: mixer(0xb44c0000) throttle end: throttle time(63)
08-10 08:25:15.442  1229  1524 D AudioFlinger: mixer(0xb44c0000) throttle end: throttle time(1)
08-10 08:25:15.959  1229  1524 D AudioFlinger: mixer(0xb44c0000) throttle end: throttle time(1)
08-10 08:25:15.998  1229  1524 D AudioFlinger: mixer(0xb44c0000) throttle end: throttle time(2)
08-10 08:25:16.023  1528  1821 I ActivityManager: START u0 {act=ir.cafebazaar.intent.action.PAY dat=bazaar://pardakht/v1/pay/ pkg=com.farsitel.bazaar cmp=com.farsitel.bazaar/ir.cafebazaar.pardakht.PaymentActivity (has extras)} from uid 10075 on display 0
08-10 08:25:16.050  3520  3520 I B4A     : ~i:** Activity (main) Pause, UserClosed = false **
08-10 08:25:16.231  2670  3009 W EGL_emulation: eglSurfaceAttrib not implemented
08-10 08:25:16.231  2670  3009 W OpenGLRenderer: Failed to set EGL_SWAP_BEHAVIOR on surface 0x9f9aa940, error=EGL_SUCCESS
08-10 08:25:16.277  2670  3009 W EGL_emulation: eglSurfaceAttrib not implemented
08-10 08:25:16.277  2670  3009 W OpenGLRenderer: Failed to set EGL_SWAP_BEHAVIOR on surface 0x9f9aab60, error=EGL_SUCCESS
08-10 08:25:16.501  1528  1547 I ActivityManager: Displayed com.farsitel.bazaar/ir.cafebazaar.pardakht.PaymentActivity: +451ms
08-10 08:25:17.164  2670  3009 E Surface : getSlotFromBufferLocked: unknown buffer: 0xae3f2b20
08-10 08:25:17.182  1528  1539 W InputMethodManagerService: Window already focused, ignoring focus gain of: com.android.internal.view.IInputMethodClient$Stub$Proxy@4e68045 attribute=null, token = android.os.BinderProxy@9fb3dd2
08-10 08:25:17.194  3520  3520 I B4A     : ~i:** Activity (main) Resume **
08-10 08:25:17.210  2670  3009 E Surface : getSlotFromBufferLocked: unknown buffer: 0xae3f2b90
08-10 08:26:17.034  3600  3600 D AndroidRuntime: >>>>>> START com.android.internal.os.RuntimeInit uid 0 <<<<<<
08-10 08:26:17.035  3600  3600 D AndroidRuntime: CheckJNI is ON
08-10 08:26:17.086  3600  3600 D ICU     : No timezone override file found: /data/misc/zoneinfo/current/icu/icu_tzdata.dat
08-10 08:26:17.194  3600  3600 E memtrack: Couldn't load memtrack module (No such file or directory)
08-10 08:26:17.194  3600  3600 E android.os.Debug: failed to load memtrack module: -2
08-10 08:26:17.195  3600  3600 I Radio-JNI: register_android_hardware_Radio DONE
08-10 08:26:17.204  3600  3600 D AndroidRuntime: Calling main entry com.android.commands.pm.Pm
08-10 08:26:17.213  3127  3138 D DefContainer: Copying /data/local/tmp/wt.apk to base.apk
08-10 08:26:17.288  1528  1552 I PackageManager.DexOptimizer: Running dexopt (dex2oat) on: /data/app/vmdl1263408047.tmp/base.apk pkg=ir.androidlearnings.rootcheck isa=x86 vmSafeMode=false debuggable=false oatDir = /data/app/vmdl1263408047.tmp/oat
08-10 08:26:17.296  3609  3609 W dex2oat : Unexpected CPU variant for X86 using defaults: x86
08-10 08:26:17.296  3609  3609 W dex2oat : Mismatch between dex2oat instruction set features (ISA: X86 Feature string: smp,-ssse3,-sse4.1,-sse4.2,-avx,-avx2) and those of dex2oat executable (ISA: X86 Feature string: smp,ssse3,-sse4.1,-sse4.2,-avx,-avx2) for the command line:
08-10 08:26:17.296  3609  3609 W dex2oat : /system/bin/dex2oat --zip-fd=6 --zip-location=base.apk --oat-fd=7 --oat-location=/data/app/vmdl1263408047.tmp/oat/x86/base.odex --instruction-set=x86 --instruction-set-variant=x86 --instruction-set-features=default --runtime-arg -Xms64m --runtime-arg -Xmx512m --swap-fd=8
08-10 08:26:17.296  3609  3609 I dex2oat : Starting dex2oat.
08-10 08:26:17.297  3609  3609 E cutils-trace: Error opening trace file: Permission denied (13)
08-10 08:26:17.382  3609  3611 W dex2oat : Before Android 4.1, method android.graphics.PorterDuffColorFilter android.support.graphics.drawable.VectorDrawableCompat.updateTintFilter(android.graphics.PorterDuffColorFilter, android.content.res.ColorStateList, android.graphics.PorterDuff$Mode) would have incorrectly overridden the package-private method in android.graphics.drawable.Drawable
08-10 08:26:17.428  3609  3609 W dex2oat : Before Android 4.1, method int android.support.v7.widget.ListViewCompat.lookForSelectablePosition(int, boolean) would have incorrectly overridden the package-private method in android.widget.ListView
08-10 08:26:19.149  3609  3611 I dex2oat : Skipping compilation of void com.auth0.jwt.internal.com.fasterxml.jackson.core.json.UTF8StreamJsonParser._skipString(): it contains a non natural loop
08-10 08:26:19.597  3609  3609 W dex2oat : No verified method for method calling String.<init>: java.lang.String java.io.ByteArrayOutputStream.toString()
08-10 08:26:19.849  3609  3609 I dex2oat : dex2oat took 2.553s (threads: 2) arena alloc=2MB java alloc=3MB native alloc=15MB free=3MB
08-10 08:26:19.912  1528  1542 I ActivityManager: Force stopping ir.androidlearnings.rootcheck appid=10087 user=-1: uninstall pkg
08-10 08:26:19.912  1528  1542 I ActivityManager: Killing 3520:ir.androidlearnings.rootcheck/u0a87 (adj 0): stop ir.androidlearnings.rootcheck
08-10 08:26:19.915  1528  1564 W InputDispatcher: channel 'f3b7ea3 ir.androidlearnings.rootcheck/ir.androidlearnings.rootcheck.main (server)' ~ Consumer closed input channel or an error occurred.  events=0x9
08-10 08:26:19.915  1528  1564 E InputDispatcher: channel 'f3b7ea3 ir.androidlearnings.rootcheck/ir.androidlearnings.rootcheck.main (server)' ~ Channel is unrecoverably broken and will be disposed!
08-10 08:26:19.917  1528  3096 D GraphicsStats: Buffer count: 3
08-10 08:26:19.917  1528  3097 I WindowState: WIN DEATH: Window{f3b7ea3 u0 ir.androidlearnings.rootcheck/ir.androidlearnings.rootcheck.main}
08-10 08:26:19.917  1528  3097 W InputDispatcher: Attempted to unregister already unregistered input channel 'f3b7ea3 ir.androidlearnings.rootcheck/ir.androidlearnings.rootcheck.main (server)'
08-10 08:26:19.967  1528  1542 W ActivityManager: Scheduling restart of crashed service ir.androidlearnings.rootcheck/.starter in 1000ms
08-10 08:26:19.967  1528  1542 W ActivityManager: Force removing ActivityRecord{3186070 u0 ir.androidlearnings.rootcheck/.main t700}: app died, no saved state
08-10 08:26:20.156  1528  1543 W art     : Long monitor contention event with owner method=void com.android.server.am.ActivityManagerService$MainHandler.handleMessage(android.os.Message) from ActivityManagerService.java:1698 waiters=0 for 240ms
08-10 08:26:20.157  1528  1547 W art     : Long monitor contention event with owner method=void com.android.server.am.ActivityManagerService$MainHandler.handleMessage(android.os.Message) from ActivityManagerService.java:1698 waiters=2 for 206ms
08-10 08:26:20.158  1528  3096 W art     : Long monitor contention event with owner method=void com.android.server.am.ActivityManagerService$MainHandler.handleMessage(android.os.Message) from ActivityManagerService.java:1698 waiters=3 for 189ms
08-10 08:26:20.158  1528  1968 W art     : Long monitor contention event with owner method=void com.android.server.am.ActivityManagerService$MainHandler.handleMessage(android.os.Message) from ActivityManagerService.java:1698 waiters=1 for 241ms
08-10 08:26:20.160  1528  1552 I PackageManager: Package ir.androidlearnings.rootcheck codePath changed from /data/app/ir.androidlearnings.rootcheck-2 to /data/app/ir.androidlearnings.rootcheck-1; Retaining data and using new
08-10 08:26:20.160  1528  1552 W PackageManager: Code path for ir.androidlearnings.rootcheck changing from /data/app/ir.androidlearnings.rootcheck-2 to /data/app/ir.androidlearnings.rootcheck-1
08-10 08:26:20.160  1528  1552 W PackageManager: Resource path for ir.androidlearnings.rootcheck changing from /data/app/ir.androidlearnings.rootcheck-2 to /data/app/ir.androidlearnings.rootcheck-1
08-10 08:26:20.160  1528  1968 W ActivityManager: Spurious death for ProcessRecord{81aae15 0:ir.androidlearnings.rootcheck/u0a87}, curProc for 3520: null
08-10 08:26:20.160  1528  1542 I ActivityManager: Force stopping ir.androidlearnings.rootcheck appid=10087 user=-1: replace pkg
08-10 08:26:20.563  1528  1552 W Settings: Setting install_non_market_apps has moved from android.provider.Settings.Global to android.provider.Settings.Secure, returning read-only value.
08-10 08:26:20.564  1528  1552 I art     : Starting a blocking GC Explicit
08-10 08:26:20.673  1789  2099 W EGL_emulation: eglSurfaceAttrib not implemented
08-10 08:26:20.673  1789  2099 W OpenGLRenderer: Failed to set EGL_SWAP_BEHAVIOR on surface 0xaa07ff80, error=EGL_SUCCESS
08-10 08:26:21.341  1528  1821 W InputMethodManagerService: Got RemoteException sending setActive(false) notification to pid 3520 uid 10087
08-10 08:26:21.345  1528  1552 I art     : Explicit concurrent mark sweep GC freed 24790(1523KB) AllocSpace objects, 6(120KB) LOS objects, 33% free, 7MB/11MB, paused 1.029ms total 780.486ms
08-10 08:26:21.349  1528  1552 W PackageManager: Couldn't remove dex file for package:  at location /data/app/ir.androidlearnings.rootcheck-2/base.apk, retcode=-1
08-10 08:26:21.447  3600  3600 I art     : System.exit called, status: 0
08-10 08:26:21.447  3600  3600 I AndroidRuntime: VM exiting with result code 0.
08-10 08:26:21.448  1528  1552 I ActivityManager: Force stopping ir.androidlearnings.rootcheck appid=10087 user=0: pkg removed
08-10 08:26:21.472  1528  1528 D JobSchedulerService: Receieved: android.intent.action.PACKAGE_REMOVED
08-10 08:26:21.473  1528  1565 I InputReader: Reconfiguring input devices.  changes=0x00000010
08-10 08:26:21.514  1528  1565 I InputReader: Reconfiguring input devices.  changes=0x00000010
08-10 08:26:21.516  1528  1565 I InputReader: Reconfiguring input devices.  changes=0x00000010
08-10 08:26:21.534  1789  2099 W OpenGLRenderer: Incorrectly called buildLayer on View: em, destroying layer...
08-10 08:26:21.534  1789  2099 W OpenGLRenderer: Incorrectly called buildLayer on View: em, destroying layer...
08-10 08:26:21.749  2134  3617 D PackageBroadcastService: Received broadcast action=android.intent.action.PACKAGE_REMOVED and uri=ir.androidlearnings.rootcheck
08-10 08:26:21.864  2134  2134 D ChimeraCfgMgr: Loading module com.google.android.gms.games from APK com.google.android.gms
08-10 08:26:21.877  1776  1776 D CarrierServiceBindHelper: Receive action: android.intent.action.PACKAGE_REMOVED
08-10 08:26:21.877  1886  1886 E NetworkScheduler.SchedulerReceiver: Invalid parameter app
08-10 08:26:21.877  1886  1886 E NetworkScheduler.SchedulerReceiver: Invalid package name : Perhaps you didn't include a PendingIntent in the extras?
08-10 08:26:22.355  1776  1776 D CarrierServiceBindHelper: Receive action: android.intent.action.PACKAGE_ADDED
08-10 08:26:22.355  1776  1776 D CarrierServiceBindHelper: Receive action: android.intent.action.PACKAGE_REPLACED
08-10 08:26:22.356  1776  1776 D CarrierServiceBindHelper: mHandler: 3
08-10 08:26:22.356  1776  1776 D CarrierServiceBindHelper: mHandler: 3
08-10 08:26:22.356  1776  1776 D CarrierServiceBindHelper: mHandler: 3
08-10 08:26:22.356  1776  1776 D CarrierConfigLoader: mHandler: 9 phoneId: 0
08-10 08:26:22.364  3162  3162 W ContextImpl: Calling a method in the system process without a qualified user: android.app.ContextImpl.startService:1221 android.content.ContextWrapper.startService:581 android.content.ContextWrapper.startService:581 com.android.keychain.KeyChainBroadcastReceiver.onReceive:12 android.app.ActivityThread.handleReceiver:2725
08-10 08:26:22.470  2134  2134 D ChimeraCfgMgr: Loading module com.google.android.gms.games from APK com.google.android.gms
08-10 08:26:22.471  2134  3626 D PackageBroadcastService: Received broadcast action=android.intent.action.PACKAGE_ADDED and uri=ir.androidlearnings.rootcheck
08-10 08:26:22.474  2134  2134 D ChimeraCfgMgr: Loading module com.google.android.gms.gass from APK com.google.android.gms
08-10 08:26:22.475  2134  2134 D AsyncTaskServiceImpl: Submit a task: k
08-10 08:26:22.477  2134  2134 D ChimeraCfgMgr: Loading module com.google.android.gms.gass from APK com.google.android.gms
08-10 08:26:22.479  2134  3627 D k       : Processing package: ir.androidlearnings.rootcheck
08-10 08:26:22.480  2134  2134 D ChimeraCfgMgr: Loading module com.google.android.gms.vision from APK com.google.android.gms
08-10 08:26:22.494  2030  3628 I UpdateIcingCorporaServi: Updating corpora: APPS=ir.androidlearnings.rootcheck, CONTACTS=MAYBE
08-10 08:26:22.723  2134  3627 D GassUtils: Found app info for package ir.androidlearnings.rootcheck:1. Hash: 5a83550de6f83efb5c627c33b1d9fedfc757a68be9b9dbb1b999433a924ee3d5
08-10 08:26:22.723  2134  3627 D k       : Found info for package ir.androidlearnings.rootcheck in db.
08-10 08:26:22.766  1528  3095 I AccountManagerService: getTypesVisibleToCaller: isPermitted? true
08-10 08:26:22.767  2134  3629 I PeopleContactsSync: triggerPendingContactsCleanup: no accounts
08-10 08:26:22.806  2134  3634 D PackageBroadcastService: Received broadcast action=android.intent.action.PACKAGE_REPLACED and uri=ir.androidlearnings.rootcheck
08-10 08:26:22.819  1528  1677 I AccountManagerService: getTypesVisibleToCaller: isPermitted? true
08-10 08:26:22.819  2134  3635 I PeopleContactsSync: triggerPendingContactsCleanup: no accounts
08-10 08:26:22.867  3621  3621 D AndroidRuntime: >>>>>> START com.android.internal.os.RuntimeInit uid 0 <<<<<<
08-10 08:26:22.869  3621  3621 D AndroidRuntime: CheckJNI is ON
08-10 08:26:22.917  3621  3621 D ICU     : No timezone override file found: /data/misc/zoneinfo/current/icu/icu_tzdata.dat
08-10 08:26:23.081  3621  3621 E memtrack: Couldn't load memtrack module (No such file or directory)
08-10 08:26:23.081  3621  3621 E android.os.Debug: failed to load memtrack module: -2
08-10 08:26:23.081  3621  3621 I Radio-JNI: register_android_hardware_Radio DONE
08-10 08:26:23.110  3621  3621 D AndroidRuntime: Calling main entry com.android.commands.am.Am
08-10 08:26:23.111  1528  3095 I ActivityManager: START u0 {act=android.intent.action.MAIN cat=[android.intent.category.LAUNCHER] flg=0x10000000 cmp=ir.androidlearnings.rootcheck/.main} from uid 0 on display 0
08-10 08:26:23.302  1528  3095 W art     : Long monitor contention event with owner method=int com.android.server.wm.WindowManagerService.addWindow(com.android.server.wm.Session, android.view.IWindow, int, android.view.WindowManager$LayoutParams, int, int, android.graphics.Rect, android.graphics.Rect, android.graphics.Rect, android.view.InputChannel) from WindowManagerService.java:2367 waiters=0 for 165ms
08-10 08:26:23.359  3621  3621 D AndroidRuntime: Shutting down VM
08-10 08:26:23.371  1528  1677 I ActivityManager: Start proc 3646:ir.androidlearnings.rootcheck/u0a87 for activity ir.androidlearnings.rootcheck/.main
08-10 08:26:23.459  3646  3646 W System  : ClassLoader referenced unknown path: /data/app/ir.androidlearnings.rootcheck-1/lib/x86
08-10 08:26:23.469  3646  3646 W art     : Before Android 4.1, method android.graphics.PorterDuffColorFilter android.support.graphics.drawable.VectorDrawableCompat.updateTintFilter(android.graphics.PorterDuffColorFilter, android.content.res.ColorStateList, android.graphics.PorterDuff$Mode) would have incorrectly overridden the package-private method in android.graphics.drawable.Drawable
08-10 08:26:23.944  1219  1516 E SurfaceFlinger: ro.sf.lcd_density must be defined as a build property
08-10 08:26:23.946  3646  3660 D OpenGLRenderer: Use EGL_SWAP_BEHAVIOR_PRESERVED: true
08-10 08:26:23.963  3646  3646 D         : HostConnection::get() New Host Connection established 0xafecb410, tid 3646
08-10 08:26:24.063  1789  1809 I art     : Background sticky concurrent mark sweep GC freed 3719(333KB) AllocSpace objects, 0(0B) LOS objects, 0% free, 11MB/11MB, paused 480us total 428.102ms
08-10 08:26:24.078  3646  3646 I B4A     : ~i:** Service (starter) Create **
08-10 08:26:24.081  3646  3646 I B4A     : ~i:** Service (starter) Start **
08-10 08:26:24.371  1528  1547 I Choreographer: Skipped 57 frames!  The application may be doing too much work on its main thread.
08-10 08:26:24.392  3646  3660 D         : HostConnection::get() New Host Connection established 0xae3d2ac0, tid 3660
08-10 08:26:24.600  2134  2134 D ChimeraCfgMgr: Loading module com.google.android.gms.gass from APK com.google.android.gms
08-10 08:26:24.769  3646  3660 I OpenGLRenderer: Initialized EGL, version 1.4
08-10 08:26:24.851  2134  2134 D AsyncTaskServiceImpl: Submit a task: k
08-10 08:26:24.858  2134  2134 D ChimeraCfgMgr: Loading module com.google.android.gms.gass from APK com.google.android.gms
08-10 08:26:25.352  1789  2099 E Surface : getSlotFromBufferLocked: unknown buffer: 0xae3f44f0
08-10 08:26:25.494  2134  2134 D ChimeraCfgMgr: Loading module com.google.android.gms.vision from APK com.google.android.gms
08-10 08:26:25.498  3646  3660 W EGL_emulation: eglSurfaceAttrib not implemented
08-10 08:26:25.498  3646  3660 W OpenGLRenderer: Failed to set EGL_SWAP_BEHAVIOR on surface 0xaa9cc5e0, error=EGL_SUCCESS
08-10 08:26:25.509  2134  3661 D k       : Processing package: ir.androidlearnings.rootcheck
08-10 08:26:25.530  2134  3661 D GassUtils: Found app info for package ir.androidlearnings.rootcheck:1. Hash: 5a83550de6f83efb5c627c33b1d9fedfc757a68be9b9dbb1b999433a924ee3d5
08-10 08:26:25.530  2134  3661 D k       : Found info for package ir.androidlearnings.rootcheck in db.
08-10 08:26:25.533  3646  3646 I B4A     : ~i:** Activity (main) Create, isFirst = true **
08-10 08:26:25.724  1886  1886 E NetworkScheduler.SchedulerReceiver: Invalid parameter app
08-10 08:26:25.724  1886  1886 E NetworkScheduler.SchedulerReceiver: Invalid package name : Perhaps you didn't include a PendingIntent in the extras?
08-10 08:26:26.003  3646  3646 D API     : initialized
08-10 08:26:26.006  3646  3646 I B4A     : ~i:** Activity (main) Resume **
08-10 08:26:26.008  1528  1677 W InputMethodManagerService: Starting input on non-focused client com.android.internal.view.IInputMethodClient$Stub$Proxy@b1f242e (uid=10014 pid=1789)
08-10 08:26:26.103  3646  3646 I B4A     : lib:Raising.. ac_onbillinginitialized()
08-10 08:26:26.106  1528  1547 I ActivityManager: Displayed ir.androidlearnings.rootcheck/.main: +2s747ms
08-10 08:26:26.198  2030  3628 I UpdateIcingCorporaServi: UpdateCorporaTask done [took 3704 ms] updated apps [took 3704 ms]
08-10 08:26:26.556  1789  2060 D WidgetsModel: com.google.android.googlequicksearchbox is filtered and not added to the widget tray.
08-10 08:26:26.768  2134  2177 I Icing   : Indexing 5688957CFEB4D0C30A3826F7DCEDD0CCFB401FC5 from com.google.android.gms
08-10 08:26:26.770  2134  2177 I Icing   : Not enough disk space for indexing trimmable
08-10 08:26:26.816  2134  2177 I Icing   : Not enough disk space for indexing trimmable
08-10 08:26:26.842  2134  2177 I Icing   : Indexing done 5688957CFEB4D0C30A3826F7DCEDD0CCFB401FC5
08-10 08:26:27.222  2134  2177 I Icing   : Indexing B64C81423E777862E2206DF0EBA4D304E609EB85 from com.google.android.googlequicksearchbox
08-10 08:26:27.223  2134  2177 I Icing   : Not enough disk space for indexing trimmable
08-10 08:26:27.249  2134  2177 I Icing   : Indexing 5688957CFEB4D0C30A3826F7DCEDD0CCFB401FC5 from com.google.android.gms
08-10 08:26:27.249  2134  2177 I Icing   : Not enough disk space for indexing trimmable
08-10 08:26:27.251  2134  2177 I Icing   : Indexing done 5688957CFEB4D0C30A3826F7DCEDD0CCFB401FC5
08-10 08:26:27.253  2134  2177 I Icing   : Not enough disk space for indexing trimmable
08-10 08:26:27.264  2134  2177 I Icing   : Indexing done B64C81423E777862E2206DF0EBA4D304E609EB85
08-10 08:26:32.967  1528  1565 I InputReader: Reconfiguring input devices.  changes=0x00000010
08-10 08:26:33.004  2134  3664 D PackageBroadcastService: Received broadcast action=android.intent.action.PACKAGE_CHANGED and uri=com.google.android.gms
08-10 08:26:33.012  2134  3664 I PackageBroadcastService: Null package name or gms related package.  Ignoreing.
08-10 08:26:33.014  2030  3666 I UpdateIcingCorporaServi: Updating corpora: APPS=com.google.android.gms, CONTACTS=MAYBE
08-10 08:26:33.034  2030  3666 I UpdateIcingCorporaServi: UpdateCorporaTask done [took 20 ms] updated apps [took 20 ms] 
08-10 08:26:33.042  2134  2177 I Icing   : updateResources: need to parse f{com.google.android.gms}
08-10 08:26:33.043  1886  1886 I GCoreNlp: shouldConfirmNlp, NLP off. Ensuring opt-in disabled
08-10 08:26:33.068  1789  2060 D WidgetsModel: com.google.android.googlequicksearchbox is filtered and not added to the widget tray.
08-10 08:26:33.393  2030  3671 W CronetSyncConnectionRcs: Upload content type not set.
08-10 08:26:34.405  2134  2177 I Icing   : Indexing 5688957CFEB4D0C30A3826F7DCEDD0CCFB401FC5 from com.google.android.gms
08-10 08:26:34.405  2134  2177 I Icing   : Not enough disk space for indexing trimmable
08-10 08:26:34.414  2134  2177 I Icing   : Indexing done 5688957CFEB4D0C30A3826F7DCEDD0CCFB401FC5
08-10 08:26:59.593  1528  1541 I UsageStatsService: User[0] Flushing usage stats to disk
08-10 08:28:04.100  3646  3660 W EGL_emulation: eglSurfaceAttrib not implemented
08-10 08:28:04.100  3646  3660 W OpenGLRenderer: Failed to set EGL_SWAP_BEHAVIOR on surface 0xafed1a00, error=EGL_SUCCESS
08-10 08:28:04.127  1229  1524 D AudioFlinger: mixer(0xb44c0000) throttle end: throttle time(77)
08-10 08:28:04.942  3646  3660 E Surface : getSlotFromBufferLocked: unknown buffer: 0xae3f1690
08-10 08:28:04.957  1528  1678 W InputMethodManagerService: Window already focused, ignoring focus gain of: com.android.internal.view.IInputMethodClient$Stub$Proxy@7bd2983 attribute=null, token = android.os.BinderProxy@ac411a
08-10 08:28:05.009  1229  1524 D AudioFlinger: mixer(0xb44c0000) throttle end: throttle time(13)
08-10 08:28:05.041  1229  1524 D AudioFlinger: mixer(0xb44c0000) throttle end: throttle time(1)
08-10 08:28:05.649  1229  1524 D AudioFlinger: mixer(0xb44c0000) throttle end: throttle time(1)
08-10 08:28:05.696  1528  1821 I ActivityManager: START u0 {act=ir.cafebazaar.intent.action.PAY dat=bazaar://pardakht/v1/pay/ pkg=com.farsitel.bazaar cmp=com.farsitel.bazaar/ir.cafebazaar.pardakht.PaymentActivity (has extras)} from uid 10075 on display 0
08-10 08:28:05.712  3646  3646 I B4A     : ~i:** Activity (main) Pause, UserClosed = false **
08-10 08:28:05.867  2670  3009 W EGL_emulation: eglSurfaceAttrib not implemented
08-10 08:28:05.867  2670  3009 W OpenGLRenderer: Failed to set EGL_SWAP_BEHAVIOR on surface 0x9f9aab60, error=EGL_SUCCESS
08-10 08:28:05.931  2670  3009 W EGL_emulation: eglSurfaceAttrib not implemented
08-10 08:28:05.931  2670  3009 W OpenGLRenderer: Failed to set EGL_SWAP_BEHAVIOR on surface 0xa03ff500, error=EGL_SUCCESS
08-10 08:28:06.021  1528  1547 I ActivityManager: Displayed com.farsitel.bazaar/ir.cafebazaar.pardakht.PaymentActivity: +309ms
08-10 08:28:06.542  2670  3009 E Surface : getSlotFromBufferLocked: unknown buffer: 0xae3f2b90
08-10 08:28:06.557  1528  1821 W InputMethodManagerService: Window already focused, ignoring focus gain of: com.android.internal.view.IInputMethodClient$Stub$Proxy@527618 attribute=null, token = android.os.BinderProxy@ac411a
08-10 08:28:06.594  2670  3009 E Surface : getSlotFromBufferLocked: unknown buffer: 0xae3f2420
08-10 08:28:06.629  3646  3646 I B4A     : ~i:** Activity (main) Resume **
08-10 08:28:08.169  1229  1524 D AudioFlinger: mixer(0xb44c0000) throttle end: throttle time(15)
08-10 08:28:08.203  1229  1524 D AudioFlinger: mixer(0xb44c0000) throttle end: throttle time(1)
08-10 08:28:08.798  1528  1677 I ActivityManager: START u0 {act=ir.cafebazaar.intent.action.PAY dat=bazaar://pardakht/v1/pay/ pkg=com.farsitel.bazaar cmp=com.farsitel.bazaar/ir.cafebazaar.pardakht.PaymentActivity (has extras)} from uid 10075 on display 0
08-10 08:28:08.803  3646  3646 I B4A     : ~i:** Activity (main) Pause, UserClosed = false **
08-10 08:28:08.928  2670  3009 W EGL_emulation: eglSurfaceAttrib not implemented
08-10 08:28:08.928  2670  3009 W OpenGLRenderer: Failed to set EGL_SWAP_BEHAVIOR on surface 0xa035e0a0, error=EGL_SUCCESS
08-10 08:28:08.968  2670  3009 W EGL_emulation: eglSurfaceAttrib not implemented
08-10 08:28:08.968  2670  3009 W OpenGLRenderer: Failed to set EGL_SWAP_BEHAVIOR on surface 0xa035e300, error=EGL_SUCCESS
08-10 08:28:09.061  1528  1547 I ActivityManager: Displayed com.farsitel.bazaar/ir.cafebazaar.pardakht.PaymentActivity: +257ms
08-10 08:28:09.613  2670  3009 E Surface : getSlotFromBufferLocked: unknown buffer: 0xae3f2420
08-10 08:28:09.626  1528  1678 W InputMethodManagerService: Window already focused, ignoring focus gain of: com.android.internal.view.IInputMethodClient$Stub$Proxy@2960b3a attribute=null, token = android.os.BinderProxy@ac411a
08-10 08:28:09.650  3646  3646 I B4A     : ~i:** Activity (main) Resume **
08-10 08:28:09.671  2670  3009 E Surface : getSlotFromBufferLocked: unknown buffer: 0xae3f2a40
08-10 08:28:10.454  2670  2915 D Volley  : [159] a.a: HTTP response for request=<[ ] https://pardakht.cafebazaar.ir/json/getPurchases 0x1a47970e NORMAL 26> [lifetime=3914], [size=1912], [rc=200], [retryCount=0]
08-10 08:28:10.456  2670  2670 D Volley  : [1] o.b: 3921 ms: [ ] https://pardakht.cafebazaar.ir/json/getPurchases 0x1a47970e NORMAL 26
08-10 08:28:10.619  1229  1524 D AudioFlinger: mixer(0xb44c0000) throttle end: throttle time(5)
08-10 08:28:11.527  1229  1524 D AudioFlinger: mixer(0xb44c0000) throttle end: throttle time(2)
08-10 08:28:11.892  1229  1524 D AudioFlinger: mixer(0xb44c0000) throttle end: throttle time(1)
08-10 08:28:12.407  1229  1524 D AudioFlinger: mixer(0xb44c0000) throttle end: throttle time(12)
08-10 08:28:12.460  1528  1968 I ActivityManager: START u0 {act=ir.cafebazaar.intent.action.PAY dat=bazaar://pardakht/v1/pay/ pkg=com.farsitel.bazaar cmp=com.farsitel.bazaar/ir.cafebazaar.pardakht.PaymentActivity (has extras)} from uid 10075 on display 0
08-10 08:28:12.484  3646  3646 I B4A     : ~i:** Activity (main) Pause, UserClosed = false **
08-10 08:28:12.648  2670  3009 W EGL_emulation: eglSurfaceAttrib not implemented
08-10 08:28:12.648  2670  3009 W OpenGLRenderer: Failed to set EGL_SWAP_BEHAVIOR on surface 0xa037b120, error=EGL_SUCCESS
08-10 08:28:12.696  2670  3009 W EGL_emulation: eglSurfaceAttrib not implemented
08-10 08:28:12.696  2670  3009 W OpenGLRenderer: Failed to set EGL_SWAP_BEHAVIOR on surface 0x9f9aa7c0, error=EGL_SUCCESS
08-10 08:28:12.734  1528  1547 I ActivityManager: Displayed com.farsitel.bazaar/ir.cafebazaar.pardakht.PaymentActivity: +249ms
08-10 08:28:13.318  2670  3009 E Surface : getSlotFromBufferLocked: unknown buffer: 0xae3f2b20
08-10 08:28:13.333  1528  1539 W InputMethodManagerService: Window already focused, ignoring focus gain of: com.android.internal.view.IInputMethodClient$Stub$Proxy@109d78c attribute=null, token = android.os.BinderProxy@ac411a
08-10 08:28:13.364  2670  2680 I art     : Background sticky concurrent mark sweep GC freed 4315(470KB) AllocSpace objects, 3(152KB) LOS objects, 29% free, 2037KB/2MB, paused 8.030ms total 46.279ms
08-10 08:28:13.369  3646  3646 I B4A     : ~i:** Activity (main) Resume **
08-10 08:28:13.404  2670  3009 E Surface : getSlotFromBufferLocked: unknown buffer: 0xae3f2b90
08-10 08:28:14.198  1229  1524 D AudioFlinger: mixer(0xb44c0000) throttle end: throttle time(2)
08-10 08:30:16.924  1229  1524 D AudioFlinger: mixer(0xb44c0000) throttle end: throttle time(55)
08-10 08:30:16.978  1528  3097 I ActivityManager: START u0 {act=ir.cafebazaar.intent.action.PAY dat=bazaar://pardakht/v1/pay/ pkg=com.farsitel.bazaar cmp=com.farsitel.bazaar/ir.cafebazaar.pardakht.PaymentActivity (has extras)} from uid 10075 on display 0
08-10 08:30:16.996  3646  3646 I B4A     : ~i:** Activity (main) Pause, UserClosed = false **
08-10 08:30:17.165  2670  3009 W EGL_emulation: eglSurfaceAttrib not implemented
08-10 08:30:17.165  2670  3009 W OpenGLRenderer: Failed to set EGL_SWAP_BEHAVIOR on surface 0xa03ff500, error=EGL_SUCCESS
08-10 08:30:17.260  2670  3009 W EGL_emulation: eglSurfaceAttrib not implemented
08-10 08:30:17.260  2670  3009 W OpenGLRenderer: Failed to set EGL_SWAP_BEHAVIOR on surface 0x9f9aaf80, error=EGL_SUCCESS
08-10 08:30:17.424  1528  1547 I ActivityManager: Displayed com.farsitel.bazaar/ir.cafebazaar.pardakht.PaymentActivity: +424ms
08-10 08:30:18.043  2670  3009 E Surface : getSlotFromBufferLocked: unknown buffer: 0xae3f2a40
08-10 08:30:18.049  1528  1678 W InputMethodManagerService: Window already focused, ignoring focus gain of: com.android.internal.view.IInputMethodClient$Stub$Proxy@f30a78e attribute=null, token = android.os.BinderProxy@ac411a
08-10 08:30:18.072  3646  3646 I B4A     : ~i:** Activity (main) Resume **
08-10 08:30:18.086  2670  3009 E Surface : getSlotFromBufferLocked: unknown buffer: 0xae3f2420
08-10 08:30:18.100  1219  1419 E SurfaceFlinger: ro.sf.lcd_density must be defined as a build property
08-10 08:30:18.111  3698  3698 D         : HostConnection::get() New Host Connection established 0xb65dc260, tid 3698
08-10 08:30:18.117  1219  1219 E EGL_emulation: tid 1219: eglCreateSyncKHR(1294): error 0x3004 (EGL_BAD_ATTRIBUTE)
08-10 08:30:18.745  3706  3706 D AndroidRuntime: >>>>>> START com.android.internal.os.RuntimeInit uid 0 <<<<<<
08-10 08:30:18.746  3706  3706 D AndroidRuntime: CheckJNI is ON
08-10 08:30:18.785  3706  3706 D ICU     : No timezone override file found: /data/misc/zoneinfo/current/icu/icu_tzdata.dat
08-10 08:30:18.883  3706  3706 E memtrack: Couldn't load memtrack module (No such file or directory)
08-10 08:30:18.883  3706  3706 E android.os.Debug: failed to load memtrack module: -2
08-10 08:30:18.884  3706  3706 I Radio-JNI: register_android_hardware_Radio DONE
08-10 08:30:18.891  3706  3706 D AndroidRuntime: Calling main entry com.android.commands.am.Am
08-10 08:30:18.903  3555  3555 D MediaScannerReceiver: action: android.intent.action.MEDIA_SCANNER_SCAN_FILE path: /data/local/tmp/screen.png
08-10 08:30:18.905  3706  3706 D AndroidRuntime: Shutting down VM
08-10 08:32:17.707  1886  3720 I PhenotypeFlagCommitter: Experiment Configs successfully retrieved for com.google.android.gms.playlog.uploader
08-10 08:32:17.708  1886  3720 I GoogleURLConnFactory: Using platform SSLCertificateSocketFactory
08-10 08:32:17.724  1528  1540 I AccountManagerService: getTypesVisibleToCaller: isPermitted? true
08-10 08:32:18.759  1528  1968 I AccountManagerService: getTypesVisibleToCaller: isPermitted? true
08-10 08:32:18.759  1528  3097 I AccountManagerService: getTypesVisibleToCaller: isPermitted? true
08-10 08:32:18.760  1886  3720 W Uploader:  no longer exists, so no auth token.
08-10 08:32:43.006  1528  1677 D ConnectivityService: reportNetworkConnectivity(100, false) by 10007
08-10 08:32:43.007  1528  2116 D NetworkMonitor/NetworkAgentInfo [MOBILE (UMTS) - 100]: Forcing reevaluation for UID 10007
08-10 08:32:43.012  1528  2116 D NetworkMonitor/NetworkAgentInfo [MOBILE (UMTS) - 100]: Checking http://connectivitycheck.gstatic.com/generate_204 on epc.tmobile.com, connectivitycheck.gstatic.com=216.58.211.142
08-10 08:32:43.393  1528  2116 D NetworkMonitor/NetworkAgentInfo [MOBILE (UMTS) - 100]: isCaptivePortal: ret=204 headers={null=[HTTP/1.1 204 No Content], Content-Length=[0], Date=[Wed, 10 Aug 2016 08:32:49 GMT], X-Android-Received-Millis=[1470817963392], X-Android-Response-Source=[NETWORK 204], X-Android-Selected-Protocol=[http/1.1], X-Android-Sent-Millis=[1470817963163]}
08-10 08:32:43.394  1528  1575 D ConnectivityService: setProvNotificationVisibleIntent null visible=false networkType=MOBILE extraInfo=null highPriority=false
08-10 08:32:43.394  1528  1575 D ConnectivityService: NetworkAgentInfo [MOBILE (UMTS) - 100] validation  passed
08-10 08:33:38.812  1617  1617 D PhoneStatusBar: disable: < expand ICONS* alerts SYSTEM_INFO* back home recent clock search quick_settings >
08-10 08:33:38.862  1617  2049 E Surface : getSlotFromBufferLocked: unknown buffer: 0xa13ee1b0
08-10 08:33:38.884  1617  2049 W EGL_emulation: eglSurfaceAttrib not implemented
08-10 08:33:38.884  1617  2049 W OpenGLRenderer: Failed to set EGL_SWAP_BEHAVIOR on surface 0xa13fbf60, error=EGL_SUCCESS
08-10 08:33:40.343  1528  3096 I ActivityManager: START u0 {act=android.settings.SETTINGS flg=0x14000000 cmp=com.android.settings/.Settings} from uid 10013 on display 0
08-10 08:33:40.351  1528  3096 D         : HostConnection::get() New Host Connection established 0x9e263a60, tid 3096
08-10 08:33:40.355  1219  1219 E EGL_emulation: tid 1219: eglCreateSyncKHR(1294): error 0x3004 (EGL_BAD_ATTRIBUTE)
08-10 08:33:40.527  1528  1538 W art     : Suspending all threads took: 62.688ms
08-10 08:33:40.549  1528  1538 I art     : Background partial concurrent mark sweep GC freed 23648(1547KB) AllocSpace objects, 5(100KB) LOS objects, 33% free, 7MB/11MB, paused 68.616ms total 161.649ms
08-10 08:33:40.685  1528  1540 W InputMethodManagerService: Window already focused, ignoring focus gain of: com.android.internal.view.IInputMethodClient$Stub$Proxy@d93fadd attribute=null, token = android.os.BinderProxy@ac411a
08-10 08:33:40.746  3646  3646 I B4A     : ~i:** Activity (main) Pause, UserClosed = false **
08-10 08:33:40.814  1528  1542 W art     : Long monitor contention event with owner method=int com.android.server.am.ActivityStackSupervisor.startActivityMayWait(android.app.IApplicationThread, int, java.lang.String, android.content.Intent, java.lang.String, android.service.voice.IVoiceInteractionSession, com.android.internal.app.IVoiceInteractor, android.os.IBinder, java.lang.String, int, int, android.app.ProfilerInfo, android.app.IActivityManager$WaitResult, android.content.res.Configuration, android.os.Bundle, boolean, int, android.app.IActivityContainer, com.android.server.am.TaskRecord) from ActivityStackSupervisor.java:946 waiters=0 for 213ms
08-10 08:33:40.831  1528  1821 I ActivityManager: Start proc 3735:com.android.settings/1000 for activity com.android.settings/.Settings
