08-10 07:09:37.004  1528  1968 I AccountManagerService: getTypesVisibleToCaller: isPermitted? true
08-10 07:09:37.302  1528  1968 I AccountManagerService: getTypesVisibleToCaller: isPermitted? true
08-10 07:09:37.302  1528  1678 I AccountManagerService: getTypesVisibleToCaller: isPermitted? true
08-10 07:09:37.303  1886  2957 W Uploader:  no longer exists, so no auth token.
08-10 07:09:37.679  1528  1968 I AccountManagerService: getTypesVisibleToCaller: isPermitted? true
08-10 07:17:06.070  1528  1968 I ActivityManager: START u0 {act=android.intent.action.MAIN cat=[android.intent.category.LAUNCHER] flg=0x10200000 cmp=ir.androidlearnings.rootcheck/.main bnds=[646,242][857,495] (has extras)} from uid 10014 on display 0
08-10 07:17:06.079  1528  1580 W AudioTrack: AUDIO_OUTPUT_FLAG_FAST denied by client; transfer 4, track 48000 Hz, output 44100 Hz
08-10 07:17:06.190  1528  2899 I ActivityManager: Start proc 2986:ir.androidlearnings.rootcheck/u0a87 for activity ir.androidlearnings.rootcheck/.main
08-10 07:17:06.331  2986  2986 W System  : ClassLoader referenced unknown path: /data/app/ir.androidlearnings.rootcheck-1/lib/x86
08-10 07:17:06.648  1789  2099 E Surface : getSlotFromBufferLocked: unknown buffer: 0xae3f4800
08-10 07:17:06.728  2986  2986 W art     : Before Android 4.1, method android.graphics.PorterDuffColorFilter android.support.graphics.drawable.VectorDrawableCompat.updateTintFilter(android.graphics.PorterDuffColorFilter, android.content.res.ColorStateList, android.graphics.PorterDuff$Mode) would have incorrectly overridden the package-private method in android.graphics.drawable.Drawable
08-10 07:17:06.817  1219  1719 E SurfaceFlinger: ro.sf.lcd_density must be defined as a build property
08-10 07:17:06.828  2986  3003 D OpenGLRenderer: Use EGL_SWAP_BEHAVIOR_PRESERVED: true
08-10 07:17:06.833  2986  2986 D         : HostConnection::get() New Host Connection established 0xad13aef0, tid 2986
08-10 07:17:06.845  2986  2986 I B4A     : ~i:** Service (starter) Create **
08-10 07:17:06.846  2986  2986 I B4A     : ~i:** Service (starter) Start **
08-10 07:17:06.864  2986  3003 D         : HostConnection::get() New Host Connection established 0xae3d2980, tid 3003
08-10 07:17:06.866  2986  3003 I OpenGLRenderer: Initialized EGL, version 1.4
08-10 07:17:06.905  2986  3003 W EGL_emulation: eglSurfaceAttrib not implemented
08-10 07:17:06.905  2986  3003 W OpenGLRenderer: Failed to set EGL_SWAP_BEHAVIOR on surface 0xaa9cc5a0, error=EGL_SUCCESS
08-10 07:17:06.950  2986  2986 I B4A     : ~i:** Activity (main) Create, isFirst = true **
08-10 07:17:07.136  2986  2986 D API     : initialized
08-10 07:17:07.141  2986  2986 I B4A     : ~i:** Activity (main) Resume **
08-10 07:17:07.327  2986  2986 I B4A     : lib:Raising.. ac_onbillinginitialized()
08-10 07:17:07.329  1528  1547 I ActivityManager: Displayed ir.androidlearnings.rootcheck/.main: +1s151ms
08-10 07:17:07.480  1528  1677 I ActivityManager: Killing 2417:com.android.dialer/u0a4 (adj 15): empty #17
08-10 07:17:08.728  1789  1789 W ViewRootImpl: Cancelling event due to no window focus: MotionEvent { action=ACTION_CANCEL, actionButton=0, id[0]=0, x[0]=694.6106, y[0]=441.21094, toolType[0]=TOOL_TYPE_FINGER, buttonState=0, metaState=0, flags=0x0, edgeFlags=0x0, pointerCount=1, historySize=0, eventTime=677774, downTime=674990, deviceId=0, source=0x1002 }
08-10 07:17:08.728  1789  1789 W ViewRootImpl: Cancelling event due to no window focus: MotionEvent { action=ACTION_CANCEL, actionButton=0, id[0]=0, x[0]=694.6106, y[0]=441.21094, toolType[0]=TOOL_TYPE_FINGER, buttonState=0, metaState=0, flags=0x0, edgeFlags=0x0, pointerCount=1, historySize=0, eventTime=677774, downTime=674990, deviceId=0, source=0x1002 }
08-10 07:17:08.728  1789  1789 W ViewRootImpl: Cancelling event due to no window focus: MotionEvent { action=ACTION_CANCEL, actionButton=0, id[0]=0, x[0]=694.6106, y[0]=441.21094, toolType[0]=TOOL_TYPE_FINGER, buttonState=0, metaState=0, flags=0x0, edgeFlags=0x0, pointerCount=1, historySize=0, eventTime=677774, downTime=674990, deviceId=0, source=0x1002 }
08-10 07:17:08.728  1789  1789 W ViewRootImpl: Cancelling event due to no window focus: MotionEvent { action=ACTION_CANCEL, actionButton=0, id[0]=0, x[0]=694.6106, y[0]=441.21094, toolType[0]=TOOL_TYPE_FINGER, buttonState=0, metaState=0, flags=0x0, edgeFlags=0x0, pointerCount=1, historySize=0, eventTime=677774, downTime=674990, deviceId=0, source=0x1002 }
08-10 07:17:08.897  1229  1524 D AudioFlinger: mixer(0xb44c0000) throttle end: throttle time(55)
08-10 07:17:09.790  1528  1540 I ActivityManager: START u0 {act=ir.cafebazaar.intent.action.PAY dat=bazaar://pardakht/v1/pay/ pkg=com.farsitel.bazaar cmp=com.farsitel.bazaar/ir.cafebazaar.pardakht.PaymentActivity (has extras)} from uid 10075 on display 0
08-10 07:17:09.817  2986  2986 I B4A     : ~i:** Activity (main) Pause, UserClosed = false **
08-10 07:17:09.883  2670  2680 I art     : Background sticky concurrent mark sweep GC freed 1297(85KB) AllocSpace objects, 0(0B) LOS objects, 11% free, 1523KB/1711KB, paused 14.973ms total 34.344ms
08-10 07:17:10.051  2670  2680 I art     : Background partial concurrent mark sweep GC freed 2864(243KB) AllocSpace objects, 2(132KB) LOS objects, 44% free, 1277KB/2MB, paused 17.765ms total 109.422ms
08-10 07:17:10.072  1219  1516 E SurfaceFlinger: ro.sf.lcd_density must be defined as a build property
08-10 07:17:10.083  2670  3009 D OpenGLRenderer: Use EGL_SWAP_BEHAVIOR_PRESERVED: true
08-10 07:17:10.116  2670  2670 D         : HostConnection::get() New Host Connection established 0xafecb4c0, tid 2670
08-10 07:17:10.278  2670  2670 W FlurryAgent: Start session
08-10 07:17:10.452  2670  3009 D         : HostConnection::get() New Host Connection established 0xae5ff530, tid 3009
08-10 07:17:10.454  2670  3009 I OpenGLRenderer: Initialized EGL, version 1.4
08-10 07:17:10.519  2670  3009 W EGL_emulation: eglSurfaceAttrib not implemented
08-10 07:17:10.519  2670  3009 W OpenGLRenderer: Failed to set EGL_SWAP_BEHAVIOR on surface 0xaaa26840, error=EGL_SUCCESS
08-10 07:17:10.622  2670  3009 W EGL_emulation: eglSurfaceAttrib not implemented
08-10 07:17:10.622  2670  3009 W OpenGLRenderer: Failed to set EGL_SWAP_BEHAVIOR on surface 0xaaa26e20, error=EGL_SUCCESS
08-10 07:17:10.755  2670  2680 W art     : Suspending all threads took: 6.536ms
08-10 07:17:10.795  2670  2680 I art     : Background sticky concurrent mark sweep GC freed 9784(673KB) AllocSpace objects, 0(0B) LOS objects, 30% free, 1605KB/2MB, paused 11.872ms total 209.091ms
08-10 07:17:10.850  1528  1547 I ActivityManager: Displayed com.farsitel.bazaar/ir.cafebazaar.pardakht.PaymentActivity: +1s32ms
08-10 07:17:11.149  2670  3009 E Surface : getSlotFromBufferLocked: unknown buffer: 0xae3f2a40
08-10 07:17:11.162  1528  1540 W InputMethodManagerService: Window already focused, ignoring focus gain of: com.android.internal.view.IInputMethodClient$Stub$Proxy@e3d480b attribute=null, token = android.os.BinderProxy@2677b5d
08-10 07:17:11.180  2986  2986 I B4A     : ~i:** Activity (main) Resume **
08-10 07:17:11.206  2670  3009 E Surface : getSlotFromBufferLocked: unknown buffer: 0xae3f2b20
08-10 07:17:11.391  2670  2670 W FlurryAgent: Trying to end session
08-10 07:17:14.868  2670  3017 W FlurryAgent: FlurryDataSender: report e2551a8b-869a-40e6-9145-356b1472e0a5 sent. HTTP response: 200 : OK
08-10 07:17:14.893  1229  1524 D AudioFlinger: mixer(0xb44c0000) throttle end: throttle time(1)
08-10 07:17:14.926  1528  1678 I ActivityManager: START u0 {act=ir.cafebazaar.intent.action.PAY dat=bazaar://pardakht/v1/pay/ pkg=com.farsitel.bazaar cmp=com.farsitel.bazaar/ir.cafebazaar.pardakht.PaymentActivity (has extras)} from uid 10075 on display 0
08-10 07:17:14.942  2986  2986 I B4A     : ~i:** Activity (main) Pause, UserClosed = false **
08-10 07:17:15.000  2670  2670 W FlurryAgent: Continuing previous session
08-10 07:17:15.047  2670  3009 W EGL_emulation: eglSurfaceAttrib not implemented
08-10 07:17:15.047  2670  3009 W OpenGLRenderer: Failed to set EGL_SWAP_BEHAVIOR on surface 0xaaa26e20, error=EGL_SUCCESS
08-10 07:17:15.084  2670  3009 W EGL_emulation: eglSurfaceAttrib not implemented
08-10 07:17:15.090  2670  3009 W OpenGLRenderer: Failed to set EGL_SWAP_BEHAVIOR on surface 0xaa0ca4c0, error=EGL_SUCCESS
08-10 07:17:15.133  1528  1547 I ActivityManager: Displayed com.farsitel.bazaar/ir.cafebazaar.pardakht.PaymentActivity: +187ms
08-10 07:17:15.173  2670  3012 W ContextImpl: Implicit intents with startService are not safe: Intent { act=com.google.android.gms.analytics.service.START (has extras) } android.content.ContextWrapper.bindService:604 com.google.a.a.a.b.b:82 com.google.a.a.a.aa.h:330
08-10 07:17:15.524  2670  3009 E Surface : getSlotFromBufferLocked: unknown buffer: 0xae3f2b20
08-10 07:17:15.561  1528  1678 W InputMethodManagerService: Window already focused, ignoring focus gain of: com.android.internal.view.IInputMethodClient$Stub$Proxy@6f02a18 attribute=null, token = android.os.BinderProxy@2677b5d
08-10 07:17:15.584  2986  2986 I B4A     : ~i:** Activity (main) Resume **
08-10 07:17:15.616  2670  2670 W FlurryAgent: Trying to end session
08-10 07:17:15.633  2670  3009 E Surface : getSlotFromBufferLocked: unknown buffer: 0xae3f2b90
08-10 07:17:15.649  2670  2680 I art     : Background sticky concurrent mark sweep GC freed 3810(354KB) AllocSpace objects, 2(132KB) LOS objects, 28% free, 1784KB/2MB, paused 15.233ms total 89.837ms
08-10 07:17:16.230  2030  3033 W CronetSyncConnectionRcs: Upload content type not set.
08-10 07:17:25.632  2670  3032 W FlurryAgent: Ending session
08-10 07:17:34.655  1229  1524 D AudioFlinger: mixer(0xb44c0000) throttle end: throttle time(59)
08-10 07:17:34.744  1528  1968 I ActivityManager: START u0 {act=ir.cafebazaar.intent.action.PAY dat=bazaar://pardakht/v1/pay/ pkg=com.farsitel.bazaar cmp=com.farsitel.bazaar/ir.cafebazaar.pardakht.PaymentActivity (has extras)} from uid 10075 on display 0
08-10 07:17:34.783  2986  2986 I B4A     : ~i:** Activity (main) Pause, UserClosed = false **
08-10 07:17:34.845  2670  2670 W FlurryAgent: Start session
08-10 07:17:34.873  2670  3009 W EGL_emulation: eglSurfaceAttrib not implemented
08-10 07:17:34.873  2670  3009 W OpenGLRenderer: Failed to set EGL_SWAP_BEHAVIOR on surface 0xa035e900, error=EGL_SUCCESS
08-10 07:17:34.950  2670  3009 W EGL_emulation: eglSurfaceAttrib not implemented
08-10 07:17:34.950  2670  3009 W OpenGLRenderer: Failed to set EGL_SWAP_BEHAVIOR on surface 0xa035eb60, error=EGL_SUCCESS
08-10 07:17:35.016  1528  1547 I ActivityManager: Displayed com.farsitel.bazaar/ir.cafebazaar.pardakht.PaymentActivity: +227ms
08-10 07:17:35.332  2670  3009 E Surface : getSlotFromBufferLocked: unknown buffer: 0xae3f2b20
08-10 07:17:35.342  1528  1677 W InputMethodManagerService: Window already focused, ignoring focus gain of: com.android.internal.view.IInputMethodClient$Stub$Proxy@39d7506 attribute=null, token = android.os.BinderProxy@2677b5d
08-10 07:17:35.363  2986  2986 I B4A     : ~i:** Activity (main) Resume **
08-10 07:17:35.379  2670  2670 W FlurryAgent: Trying to end session
08-10 07:17:35.380  2670  3009 E Surface : getSlotFromBufferLocked: unknown buffer: 0xae3f2420
08-10 07:17:38.689  2670  3017 W FlurryAgent: FlurryDataSender: report a2c457d8-4c65-4707-a268-ea6d3b0fc743 sent. HTTP response: 200 : OK
08-10 07:17:45.381  2670  3044 W FlurryAgent: Ending session
08-10 07:18:15.485  1229  1524 D AudioFlinger: mixer(0xb44c0000) throttle end: throttle time(66)
08-10 07:18:15.528  1528  1968 I ActivityManager: START u0 {act=ir.cafebazaar.intent.action.PAY dat=bazaar://pardakht/v1/pay/ pkg=com.farsitel.bazaar cmp=com.farsitel.bazaar/ir.cafebazaar.pardakht.PaymentActivity (has extras)} from uid 10075 on display 0
08-10 07:18:15.544  2986  2986 I B4A     : ~i:** Activity (main) Pause, UserClosed = false **
08-10 07:18:15.628  2670  2680 I art     : Background sticky concurrent mark sweep GC freed 5806(651KB) AllocSpace objects, 3(152KB) LOS objects, 30% free, 1911KB/2MB, paused 5.029ms total 68.233ms
08-10 07:18:15.665  2670  2670 W FlurryAgent: Start session
08-10 07:18:15.717  2670  3009 W EGL_emulation: eglSurfaceAttrib not implemented
08-10 07:18:15.717  2670  3009 W OpenGLRenderer: Failed to set EGL_SWAP_BEHAVIOR on surface 0xa0c58520, error=EGL_SUCCESS
08-10 07:18:15.750  2670  3009 W EGL_emulation: eglSurfaceAttrib not implemented
08-10 07:18:15.750  2670  3009 W OpenGLRenderer: Failed to set EGL_SWAP_BEHAVIOR on surface 0xa0c58540, error=EGL_SUCCESS
08-10 07:18:15.837  1528  1547 I ActivityManager: Displayed com.farsitel.bazaar/ir.cafebazaar.pardakht.PaymentActivity: +273ms
08-10 07:18:16.389  2670  3009 E Surface : getSlotFromBufferLocked: unknown buffer: 0xae3f2a40
08-10 07:18:16.502  2670  3009 E Surface : getSlotFromBufferLocked: unknown buffer: 0xae3f2b20
08-10 07:18:16.513  2670  3009 W EGL_emulation: eglSurfaceAttrib not implemented
08-10 07:18:16.513  2670  3009 W OpenGLRenderer: Failed to set EGL_SWAP_BEHAVIOR on surface 0xa0c58540, error=EGL_SUCCESS
08-10 07:18:19.977  2986  2986 I B4A     : ~i:** Activity (main) Resume **
08-10 07:18:19.991  2670  3009 E Surface : getSlotFromBufferLocked: unknown buffer: 0xae3f2a40
08-10 07:18:21.392  1229  1524 D AudioFlinger: mixer(0xb44c0000) throttle end: throttle time(55)
08-10 07:18:21.496  1528  2899 I ActivityManager: START u0 {act=ir.cafebazaar.intent.action.PAY dat=bazaar://pardakht/v1/pay/ pkg=com.farsitel.bazaar cmp=com.farsitel.bazaar/ir.cafebazaar.pardakht.PaymentActivity (has extras)} from uid 10075 on display 0
08-10 07:18:21.503  2986  2986 I B4A     : ~i:** Activity (main) Pause, UserClosed = false **
08-10 07:18:21.581  2670  3009 W EGL_emulation: eglSurfaceAttrib not implemented
08-10 07:18:21.581  2670  3009 W OpenGLRenderer: Failed to set EGL_SWAP_BEHAVIOR on surface 0xac37f9e0, error=EGL_SUCCESS
08-10 07:18:21.629  2670  3009 W EGL_emulation: eglSurfaceAttrib not implemented
08-10 07:18:21.629  2670  3009 W OpenGLRenderer: Failed to set EGL_SWAP_BEHAVIOR on surface 0xa037b640, error=EGL_SUCCESS
08-10 07:18:21.690  1528  1547 I ActivityManager: Displayed com.farsitel.bazaar/ir.cafebazaar.pardakht.PaymentActivity: +186ms
08-10 07:18:22.021  2670  3009 E Surface : getSlotFromBufferLocked: unknown buffer: 0xae3f2b20
08-10 07:18:22.037  1528  1540 W InputMethodManagerService: Window already focused, ignoring focus gain of: com.android.internal.view.IInputMethodClient$Stub$Proxy@22a56c1 attribute=null, token = android.os.BinderProxy@2677b5d
08-10 07:18:22.067  2986  2986 I B4A     : ~i:** Activity (main) Resume **
08-10 07:18:22.067  2670  3009 E Surface : getSlotFromBufferLocked: unknown buffer: 0xae3f2b90
08-10 07:18:22.999  2986  3003 W EGL_emulation: eglSurfaceAttrib not implemented
08-10 07:18:22.999  2986  3003 W OpenGLRenderer: Failed to set EGL_SWAP_BEHAVIOR on surface 0xaa057800, error=EGL_SUCCESS
08-10 07:18:25.417  2986  3003 E Surface : getSlotFromBufferLocked: unknown buffer: 0xae3f15b0
08-10 07:18:25.433  1528  1968 W InputMethodManagerService: Window already focused, ignoring focus gain of: com.android.internal.view.IInputMethodClient$Stub$Proxy@e10643e attribute=null, token = android.os.BinderProxy@2677b5d
08-10 07:20:31.743  1229  1524 D AudioFlinger: mixer(0xb44c0000) throttle end: throttle time(58)
08-10 07:20:31.799  1528  1678 I ActivityManager: START u0 {act=ir.cafebazaar.intent.action.PAY dat=bazaar://pardakht/v1/pay/ pkg=com.farsitel.bazaar cmp=com.farsitel.bazaar/ir.cafebazaar.pardakht.PaymentActivity (has extras)} from uid 10075 on display 0
08-10 07:20:31.833  2986  2986 I B4A     : ~i:** Activity (main) Pause, UserClosed = false **
08-10 07:20:31.969  2670  3009 W EGL_emulation: eglSurfaceAttrib not implemented
08-10 07:20:31.970  2670  3009 W OpenGLRenderer: Failed to set EGL_SWAP_BEHAVIOR on surface 0xa037be20, error=EGL_SUCCESS
08-10 07:20:32.021  2670  3009 W EGL_emulation: eglSurfaceAttrib not implemented
08-10 07:20:32.021  2670  3009 W OpenGLRenderer: Failed to set EGL_SWAP_BEHAVIOR on surface 0xa037be40, error=EGL_SUCCESS
08-10 07:20:32.129  1528  1547 I ActivityManager: Displayed com.farsitel.bazaar/ir.cafebazaar.pardakht.PaymentActivity: +295ms
08-10 07:20:32.319  2670  3009 E Surface : getSlotFromBufferLocked: unknown buffer: 0xae3f2b90
08-10 07:20:32.365  1528  1968 W InputMethodManagerService: Window already focused, ignoring focus gain of: com.android.internal.view.IInputMethodClient$Stub$Proxy@29b6697 attribute=null, token = android.os.BinderProxy@2677b5d
08-10 07:20:32.372  2670  3009 E Surface : getSlotFromBufferLocked: unknown buffer: 0xae3f2420
08-10 07:20:32.394  2986  2986 I B4A     : ~i:** Activity (main) Resume **
08-10 07:22:31.365  2702  2740 W GooglePlayServicesUtil: Google Play services out of date.  Requires 9080000 but found 8489470
08-10 07:26:30.061  1528  1541 I UsageStatsService: User[0] Flushing usage stats to disk
08-10 07:35:39.869  1528  1540 D ConnectivityService: reportNetworkConnectivity(100, false) by 10007
08-10 07:35:39.869  1528  2116 D NetworkMonitor/NetworkAgentInfo [MOBILE (UMTS) - 100]: Forcing reevaluation for UID 10007
08-10 07:35:39.870  1528  2116 D NetworkMonitor/NetworkAgentInfo [MOBILE (UMTS) - 100]: Checking http://connectivitycheck.gstatic.com/generate_204 on epc.tmobile.com, connectivitycheck.gstatic.com=216.58.211.142
08-10 07:35:40.139  1528  2116 D NetworkMonitor/NetworkAgentInfo [MOBILE (UMTS) - 100]: isCaptivePortal: ret=204 headers={null=[HTTP/1.1 204 No Content], Content-Length=[0], Date=[Wed, 10 Aug 2016 07:35:46 GMT], X-Android-Received-Millis=[1470814540138], X-Android-Response-Source=[NETWORK 204], X-Android-Selected-Protocol=[http/1.1], X-Android-Sent-Millis=[1470814540005]}
08-10 07:35:40.139  1528  1575 D ConnectivityService: setProvNotificationVisibleIntent null visible=false networkType=MOBILE extraInfo=null highPriority=false
08-10 07:35:40.139  1528  1575 D ConnectivityService: NetworkAgentInfo [MOBILE (UMTS) - 100] validation  passed
08-10 07:35:50.959  1528  1544 E BluetoothAdapter: Bluetooth binder is null
08-10 07:35:50.959  1528  1544 E KernelCpuSpeedReader: Failed to read cpu-freq
08-10 07:35:50.959  1528  1544 E KernelCpuSpeedReader: java.io.FileNotFoundException: /sys/devices/system/cpu/cpu0/cpufreq/stats/time_in_state: open failed: ENOENT (No such file or directory)
08-10 07:35:50.959  1528  1544 E KernelCpuSpeedReader:  at libcore.io.IoBridge.open(IoBridge.java:452)
08-10 07:35:50.959  1528  1544 E KernelCpuSpeedReader:  at java.io.FileInputStream.<init>(FileInputStream.java:76)
08-10 07:35:50.959  1528  1544 E KernelCpuSpeedReader:  at java.io.FileInputStream.<init>(FileInputStream.java:103)
08-10 07:35:50.959  1528  1544 E KernelCpuSpeedReader:  at java.io.FileReader.<init>(FileReader.java:66)
08-10 07:35:50.959  1528  1544 E KernelCpuSpeedReader:  at com.android.internal.os.KernelCpuSpeedReader.readDelta(KernelCpuSpeedReader.java:49)
08-10 07:35:50.959  1528  1544 E KernelCpuSpeedReader:  at com.android.internal.os.BatteryStatsImpl.updateCpuTimeLocked(BatteryStatsImpl.java:8002)
08-10 07:35:50.959  1528  1544 E KernelCpuSpeedReader:  at com.android.server.am.BatteryStatsService.updateExternalStats(BatteryStatsService.java:1366)
08-10 07:35:50.959  1528  1544 E KernelCpuSpeedReader:  at com.android.server.am.BatteryStatsService$BatteryStatsHandler.handleMessage(BatteryStatsService.java:125)
08-10 07:35:50.959  1528  1544 E KernelCpuSpeedReader:  at android.os.Handler.dispatchMessage(Handler.java:102)
08-10 07:35:50.959  1528  1544 E KernelCpuSpeedReader:  at android.os.Looper.loop(Looper.java:148)
08-10 07:35:50.959  1528  1544 E KernelCpuSpeedReader:  at android.os.HandlerThread.run(HandlerThread.java:61)
08-10 07:35:50.959  1528  1544 E KernelCpuSpeedReader:  at com.android.server.ServiceThread.run(ServiceThread.java:46)
08-10 07:35:50.959  1528  1544 E KernelCpuSpeedReader: Caused by: android.system.ErrnoException: open failed: ENOENT (No such file or directory)
08-10 07:35:50.959  1528  1544 E KernelCpuSpeedReader:  at libcore.io.Posix.open(Native Method)
08-10 07:35:50.959  1528  1544 E KernelCpuSpeedReader:  at libcore.io.BlockGuardOs.open(BlockGuardOs.java:186)
08-10 07:35:50.959  1528  1544 E KernelCpuSpeedReader:  at libcore.io.IoBridge.open(IoBridge.java:438)
08-10 07:35:50.959  1528  1544 E KernelCpuSpeedReader:  ... 11 more
08-10 07:35:50.959  1528  1544 E KernelUidCpuTimeReader: Failed to read uid_cputime
08-10 07:35:50.959  1528  1544 E KernelUidCpuTimeReader: java.io.FileNotFoundException: /proc/uid_cputime/show_uid_stat: open failed: ENOENT (No such file or directory)
08-10 07:35:50.959  1528  1544 E KernelUidCpuTimeReader:        at libcore.io.IoBridge.open(IoBridge.java:452)
08-10 07:35:50.959  1528  1544 E KernelUidCpuTimeReader:        at java.io.FileInputStream.<init>(FileInputStream.java:76)
08-10 07:35:50.959  1528  1544 E KernelUidCpuTimeReader:        at java.io.FileInputStream.<init>(FileInputStream.java:103)
08-10 07:35:50.959  1528  1544 E KernelUidCpuTimeReader:        at java.io.FileReader.<init>(FileReader.java:66)
08-10 07:35:50.959  1528  1544 E KernelUidCpuTimeReader:        at com.android.internal.os.KernelUidCpuTimeReader.readDelta(KernelUidCpuTimeReader.java:71)
08-10 07:35:50.959  1528  1544 E KernelUidCpuTimeReader:        at com.android.internal.os.BatteryStatsImpl.updateCpuTimeLocked(BatteryStatsImpl.java:8031)
08-10 07:35:50.959  1528  1544 E KernelUidCpuTimeReader:        at com.android.server.am.BatteryStatsService.updateExternalStats(BatteryStatsService.java:1366)
08-10 07:35:50.959  1528  1544 E KernelUidCpuTimeReader:        at com.android.server.am.BatteryStatsService$BatteryStatsHandler.handleMessage(BatteryStatsService.java:125)
08-10 07:35:50.959  1528  1544 E KernelUidCpuTimeReader:        at android.os.Handler.dispatchMessage(Handler.java:102)
08-10 07:35:50.959  1528  1544 E KernelUidCpuTimeReader:        at android.os.Looper.loop(Looper.java:148)
08-10 07:35:50.959  1528  1544 E KernelUidCpuTimeReader:        at android.os.HandlerThread.run(HandlerThread.java:61)
08-10 07:35:50.959  1528  1544 E KernelUidCpuTimeReader:        at com.android.server.ServiceThread.run(ServiceThread.java:46)
08-10 07:35:50.959  1528  1544 E KernelUidCpuTimeReader: Caused by: android.system.ErrnoException: open failed: ENOENT (No such file or directory)
08-10 07:35:50.959  1528  1544 E KernelUidCpuTimeReader:        at libcore.io.Posix.open(Native Method)
08-10 07:35:50.959  1528  1544 E KernelUidCpuTimeReader:        at libcore.io.BlockGuardOs.open(BlockGuardOs.java:186)
08-10 07:35:50.959  1528  1544 E KernelUidCpuTimeReader:        at libcore.io.IoBridge.open(IoBridge.java:438)
08-10 07:35:50.959  1528  1544 E KernelUidCpuTimeReader:        ... 11 more
08-10 07:35:50.960  1528  1544 E KernelWakelockReader: neither /proc/wakelocks nor /d/wakeup_sources exists
08-10 07:35:50.994  1528  1544 W BatteryStatsImpl: Couldn't get kernel wake lock stats
08-10 07:37:00.006  1528  1542 I ProcessStatsService: Prepared write state in 2ms
08-10 07:37:00.007  1528  1542 I ProcessStatsService: Prepared write state in 1ms
08-10 07:37:00.127  1528  1541 I ProcessStatsService: Pruning old procstats: /data/system/procstats/state-2016-08-06-15-13-00.bin
08-10 07:37:11.437  2134  3093 I EventLogService: Aggregate from 1470812831079 (log), 1470812831079 (data)
08-10 07:37:31.400  2702  2740 W GooglePlayServicesUtil: Google Play services out of date.  Requires 9080000 but found 8489470
08-10 07:37:31.403  1528  2899 I ActivityManager: Killing 2330:com.android.settings/1000 (adj 13): empty for 1804s
08-10 07:37:31.447  1528  2899 I ActivityManager: Killing 2602:ir.mservices.market/u0a71 (adj 13): empty for 1808s
08-10 07:37:31.497  1528  2899 I ActivityManager: Killing 2571:com.android.exchange/u0a30 (adj 13): empty for 1810s
08-10 07:37:31.536  1528  2899 I ActivityManager: Killing 2394:com.android.messaging/u0a48 (adj 15): empty for 1810s
08-10 07:37:31.586  1528  2899 I ActivityManager: Killing 2204:com.google.android.apps.maps/u0a38 (adj 15): empty for 1810s
08-10 07:37:31.622  1528  2899 I ActivityManager: Killing 2452:com.android.managedprovisioning/u0a8 (adj 15): empty for 1817s
08-10 07:37:31.680  1528  1539 W art     : Long monitor contention event with owner method=int com.android.server.am.ActivityManagerService.bindService(android.app.IApplicationThread, android.os.IBinder, android.content.Intent, java.lang.String, android.app.IServiceConnection, int, java.lang.String, int) from ActivityManagerService.java:15911 waiters=1 for 225ms
08-10 07:38:00.003  1528  1528 I ActivityManager: Killing 2350:com.android.calendar/u0a20 (adj 15): empty for 1828s
08-10 07:38:11.457  1528  1540 I AccountManagerService: getTypesVisibleToCaller: isPermitted? true
08-10 07:38:11.465  1528  1968 I AccountManagerService: getTypesVisibleToCaller: isPermitted? true
08-10 07:38:11.465  1528  1539 I AccountManagerService: getTypesVisibleToCaller: isPermitted? true
08-10 07:38:11.467  1528  3095 I AccountManagerService: getTypesVisibleToCaller: isPermitted? true
08-10 07:52:31.736  2702  2740 W GooglePlayServicesUtil: Google Play services out of date.  Requires 9080000 but found 8489470
08-10 07:57:11.684  1528  1541 I UsageStatsService: User[0] Flushing usage stats to disk
08-10 08:04:08.093  1528  1821 D ConnectivityService: reportNetworkConnectivity(100, false) by 10007
08-10 08:04:08.093  1528  2116 D NetworkMonitor/NetworkAgentInfo [MOBILE (UMTS) - 100]: Forcing reevaluation for UID 10007
08-10 08:04:08.095  1528  2116 D NetworkMonitor/NetworkAgentInfo [MOBILE (UMTS) - 100]: Checking http://connectivitycheck.gstatic.com/generate_204 on epc.tmobile.com, connectivitycheck.gstatic.com=216.58.211.142
08-10 08:04:08.437  1528  2116 D NetworkMonitor/NetworkAgentInfo [MOBILE (UMTS) - 100]: isCaptivePortal: ret=204 headers={null=[HTTP/1.1 204 No Content], Content-Length=[0], Date=[Wed, 10 Aug 2016 08:04:14 GMT], X-Android-Received-Millis=[1470816248437], X-Android-Response-Source=[NETWORK 204], X-Android-Selected-Protocol=[http/1.1], X-Android-Sent-Millis=[1470816248245]}
08-10 08:04:08.438  1528  1575 D ConnectivityService: setProvNotificationVisibleIntent null visible=false networkType=MOBILE extraInfo=null highPriority=false
08-10 08:04:08.438  1528  1575 D ConnectivityService: NetworkAgentInfo [MOBILE (UMTS) - 100] validation  passed
08-10 08:05:50.957  1528  1544 E BluetoothAdapter: Bluetooth binder is null
08-10 08:05:50.958  1528  1544 E KernelCpuSpeedReader: Failed to read cpu-freq
08-10 08:05:50.958  1528  1544 E KernelCpuSpeedReader: java.io.FileNotFoundException: /sys/devices/system/cpu/cpu0/cpufreq/stats/time_in_state: open failed: ENOENT (No such file or directory)
08-10 08:05:50.958  1528  1544 E KernelCpuSpeedReader:  at libcore.io.IoBridge.open(IoBridge.java:452)
08-10 08:05:50.958  1528  1544 E KernelCpuSpeedReader:  at java.io.FileInputStream.<init>(FileInputStream.java:76)
08-10 08:05:50.958  1528  1544 E KernelCpuSpeedReader:  at java.io.FileInputStream.<init>(FileInputStream.java:103)
08-10 08:05:50.958  1528  1544 E KernelCpuSpeedReader:  at java.io.FileReader.<init>(FileReader.java:66)
08-10 08:05:50.958  1528  1544 E KernelCpuSpeedReader:  at com.android.internal.os.KernelCpuSpeedReader.readDelta(KernelCpuSpeedReader.java:49)
08-10 08:05:50.958  1528  1544 E KernelCpuSpeedReader:  at com.android.internal.os.BatteryStatsImpl.updateCpuTimeLocked(BatteryStatsImpl.java:8002)
08-10 08:05:50.958  1528  1544 E KernelCpuSpeedReader:  at com.android.server.am.BatteryStatsService.updateExternalStats(BatteryStatsService.java:1366)
08-10 08:05:50.958  1528  1544 E KernelCpuSpeedReader:  at com.android.server.am.BatteryStatsService$BatteryStatsHandler.handleMessage(BatteryStatsService.java:125)
08-10 08:05:50.958  1528  1544 E KernelCpuSpeedReader:  at android.os.Handler.dispatchMessage(Handler.java:102)
08-10 08:05:50.958  1528  1544 E KernelCpuSpeedReader:  at android.os.Looper.loop(Looper.java:148)
08-10 08:05:50.958  1528  1544 E KernelCpuSpeedReader:  at android.os.HandlerThread.run(HandlerThread.java:61)
08-10 08:05:50.958  1528  1544 E KernelCpuSpeedReader:  at com.android.server.ServiceThread.run(ServiceThread.java:46)
08-10 08:05:50.958  1528  1544 E KernelCpuSpeedReader: Caused by: android.system.ErrnoException: open failed: ENOENT (No such file or directory)
08-10 08:05:50.958  1528  1544 E KernelCpuSpeedReader:  at libcore.io.Posix.open(Native Method)
08-10 08:05:50.958  1528  1544 E KernelCpuSpeedReader:  at libcore.io.BlockGuardOs.open(BlockGuardOs.java:186)
08-10 08:05:50.958  1528  1544 E KernelCpuSpeedReader:  at libcore.io.IoBridge.open(IoBridge.java:438)
08-10 08:05:50.958  1528  1544 E KernelCpuSpeedReader:  ... 11 more
08-10 08:05:50.958  1528  1544 E KernelUidCpuTimeReader: Failed to read uid_cputime
08-10 08:05:50.958  1528  1544 E KernelUidCpuTimeReader: java.io.FileNotFoundException: /proc/uid_cputime/show_uid_stat: open failed: ENOENT (No such file or directory)
08-10 08:05:50.958  1528  1544 E KernelUidCpuTimeReader:        at libcore.io.IoBridge.open(IoBridge.java:452)
08-10 08:05:50.958  1528  1544 E KernelUidCpuTimeReader:        at java.io.FileInputStream.<init>(FileInputStream.java:76)
08-10 08:05:50.958  1528  1544 E KernelUidCpuTimeReader:        at java.io.FileInputStream.<init>(FileInputStream.java:103)
08-10 08:05:50.958  1528  1544 E KernelUidCpuTimeReader:        at java.io.FileReader.<init>(FileReader.java:66)
08-10 08:05:50.958  1528  1544 E KernelUidCpuTimeReader:        at com.android.internal.os.KernelUidCpuTimeReader.readDelta(KernelUidCpuTimeReader.java:71)
08-10 08:05:50.958  1528  1544 E KernelUidCpuTimeReader:        at com.android.internal.os.BatteryStatsImpl.updateCpuTimeLocked(BatteryStatsImpl.java:8031)
08-10 08:05:50.958  1528  1544 E KernelUidCpuTimeReader:        at com.android.server.am.BatteryStatsService.updateExternalStats(BatteryStatsService.java:1366)
08-10 08:05:50.958  1528  1544 E KernelUidCpuTimeReader:        at com.android.server.am.BatteryStatsService$BatteryStatsHandler.handleMessage(BatteryStatsService.java:125)
08-10 08:05:50.958  1528  1544 E KernelUidCpuTimeReader:        at android.os.Handler.dispatchMessage(Handler.java:102)
08-10 08:05:50.958  1528  1544 E KernelUidCpuTimeReader:        at android.os.Looper.loop(Looper.java:148)
08-10 08:05:50.958  1528  1544 E KernelUidCpuTimeReader:        at android.os.HandlerThread.run(HandlerThread.java:61)
08-10 08:05:50.958  1528  1544 E KernelUidCpuTimeReader:        at com.android.server.ServiceThread.run(ServiceThread.java:46)
08-10 08:05:50.958  1528  1544 E KernelUidCpuTimeReader: Caused by: android.system.ErrnoException: open failed: ENOENT (No such file or directory)
08-10 08:05:50.958  1528  1544 E KernelUidCpuTimeReader:        at libcore.io.Posix.open(Native Method)
08-10 08:05:50.958  1528  1544 E KernelUidCpuTimeReader:        at libcore.io.BlockGuardOs.open(BlockGuardOs.java:186)
08-10 08:05:50.958  1528  1544 E KernelUidCpuTimeReader:        at libcore.io.IoBridge.open(IoBridge.java:438)
08-10 08:05:50.958  1528  1544 E KernelUidCpuTimeReader:        ... 11 more
08-10 08:05:50.958  1528  1544 E KernelWakelockReader: neither /proc/wakelocks nor /d/wakeup_sources exists
08-10 08:05:50.958  1528  1544 W BatteryStatsImpl: Couldn't get kernel wake lock stats
08-10 08:06:59.289  3119  3119 D AndroidRuntime: >>>>>> START com.android.internal.os.RuntimeInit uid 0 <<<<<<
08-10 08:06:59.293  3119  3119 D AndroidRuntime: CheckJNI is ON
08-10 08:06:59.345  3119  3119 D ICU     : No timezone override file found: /data/misc/zoneinfo/current/icu/icu_tzdata.dat
08-10 08:06:59.447  3119  3119 E memtrack: Couldn't load memtrack module (No such file or directory)
08-10 08:06:59.447  3119  3119 E android.os.Debug: failed to load memtrack module: -2
08-10 08:06:59.448  3119  3119 I Radio-JNI: register_android_hardware_Radio DONE
08-10 08:06:59.461  3119  3119 D AndroidRuntime: Calling main entry com.android.commands.pm.Pm
08-10 08:06:59.493  1528  1552 I ActivityManager: Start proc 3127:com.android.defcontainer/u0a3 for service com.android.defcontainer/.DefaultContainerService
08-10 08:06:59.548  3127  3138 D DefContainer: Copying /data/local/tmp/wt.apk to base.apk
08-10 08:06:59.736  1230  1230 I SELinux : SELinux: Loaded file_contexts contexts from /file_contexts.
08-10 08:06:59.737  1528  1552 I PackageManager.DexOptimizer: Running dexopt (dex2oat) on: /data/app/vmdl1889250895.tmp/base.apk pkg=ir.androidlearnings.rootcheck isa=x86 vmSafeMode=false debuggable=false oatDir = /data/app/vmdl1889250895.tmp/oat
08-10 08:06:59.750  3142  3142 W dex2oat : Unexpected CPU variant for X86 using defaults: x86
08-10 08:06:59.750  3142  3142 W dex2oat : Mismatch between dex2oat instruction set features (ISA: X86 Feature string: smp,-ssse3,-sse4.1,-sse4.2,-avx,-avx2) and those of dex2oat executable (ISA: X86 Feature string: smp,ssse3,-sse4.1,-sse4.2,-avx,-avx2) for the command line:
08-10 08:06:59.750  3142  3142 W dex2oat : /system/bin/dex2oat --zip-fd=6 --zip-location=base.apk --oat-fd=7 --oat-location=/data/app/vmdl1889250895.tmp/oat/x86/base.odex --instruction-set=x86 --instruction-set-variant=x86 --instruction-set-features=default --runtime-arg -Xms64m --runtime-arg -Xmx512m --swap-fd=8
08-10 08:06:59.750  3142  3142 I dex2oat : Starting dex2oat.
08-10 08:06:59.750  3142  3142 E cutils-trace: Error opening trace file: Permission denied (13)
08-10 08:06:59.981  3142  3142 W dex2oat : Before Android 4.1, method android.graphics.PorterDuffColorFilter android.support.graphics.drawable.VectorDrawableCompat.updateTintFilter(android.graphics.PorterDuffColorFilter, android.content.res.ColorStateList, android.graphics.PorterDuff$Mode) would have incorrectly overridden the package-private method in android.graphics.drawable.Drawable
08-10 08:07:00.011  1528  1542 I ProcessStatsService: Prepared write state in 1ms
08-10 08:07:00.101  3142  3142 W dex2oat : Before Android 4.1, method int android.support.v7.widget.ListViewCompat.lookForSelectablePosition(int, boolean) would have incorrectly overridden the package-private method in android.widget.ListView
08-10 08:07:03.025  3142  3144 I dex2oat : Skipping compilation of void com.auth0.jwt.internal.com.fasterxml.jackson.core.json.UTF8StreamJsonParser._skipString(): it contains a non natural loop
08-10 08:07:03.549  3142  3144 W dex2oat : No verified method for method calling String.<init>: java.lang.String java.io.ByteArrayOutputStream.toString()
08-10 08:07:03.999  3142  3142 I dex2oat : dex2oat took 4.250s (threads: 2) arena alloc=2MB java alloc=3MB native alloc=15MB free=3MB
08-10 08:07:04.061  1528  1542 I ActivityManager: Force stopping ir.androidlearnings.rootcheck appid=10087 user=-1: uninstall pkg
08-10 08:07:04.061  1528  1542 I ActivityManager: Killing 2986:ir.androidlearnings.rootcheck/u0a87 (adj 0): stop ir.androidlearnings.rootcheck
08-10 08:07:04.063  1528  1564 W InputDispatcher: channel '4940cd2 ir.androidlearnings.rootcheck/ir.androidlearnings.rootcheck.main (server)' ~ Consumer closed input channel or an error occurred.  events=0x9
08-10 08:07:04.063  1528  1564 E InputDispatcher: channel '4940cd2 ir.androidlearnings.rootcheck/ir.androidlearnings.rootcheck.main (server)' ~ Channel is unrecoverably broken and will be disposed!
08-10 08:07:04.064  1528  1677 D GraphicsStats: Buffer count: 3
08-10 08:07:04.065  1528  3096 I WindowState: WIN DEATH: Window{4940cd2 u0 ir.androidlearnings.rootcheck/ir.androidlearnings.rootcheck.main}
08-10 08:07:04.065  1528  3096 W InputDispatcher: Attempted to unregister already unregistered input channel '4940cd2 ir.androidlearnings.rootcheck/ir.androidlearnings.rootcheck.main (server)'
08-10 08:07:04.109  1528  1542 W ActivityManager: Scheduling restart of crashed service ir.androidlearnings.rootcheck/.starter in 1000ms
08-10 08:07:04.109  1528  1542 W ActivityManager: Force removing ActivityRecord{87d9796 u0 ir.androidlearnings.rootcheck/.main t697}: app died, no saved state
08-10 08:07:04.264  1528  1552 I PackageManager: Package ir.androidlearnings.rootcheck codePath changed from /data/app/ir.androidlearnings.rootcheck-1 to /data/app/ir.androidlearnings.rootcheck-2; Retaining data and using new
08-10 08:07:04.279  1528  1552 W PackageManager: Code path for ir.androidlearnings.rootcheck changing from /data/app/ir.androidlearnings.rootcheck-1 to /data/app/ir.androidlearnings.rootcheck-2
08-10 08:07:04.279  1528  1552 W PackageManager: Resource path for ir.androidlearnings.rootcheck changing from /data/app/ir.androidlearnings.rootcheck-1 to /data/app/ir.androidlearnings.rootcheck-2
08-10 08:07:04.282  1528  1543 W art     : Long monitor contention event with owner method=void com.android.server.am.ActivityManagerService$MainHandler.handleMessage(android.os.Message) from ActivityManagerService.java:1698 waiters=0 for 221ms
08-10 08:07:04.283  1528  1968 W ActivityManager: Spurious death for ProcessRecord{b5da1a3 0:ir.androidlearnings.rootcheck/u0a87}, curProc for 2986: null
08-10 08:07:04.285  1528  1547 W art     : Long monitor contention event with owner method=void com.android.server.am.ActivityManagerService$MainHandler.handleMessage(android.os.Message) from ActivityManagerService.java:1698 waiters=2 for 216ms
08-10 08:07:04.291  1528  1542 I ActivityManager: Force stopping ir.androidlearnings.rootcheck appid=10087 user=-1: replace pkg
08-10 08:07:04.492  1528  1543 W art     : Long monitor contention event with owner method=void com.android.server.pm.PackageManagerService.updateSettingsLI(android.content.pm.PackageParser$Package, java.lang.String, java.lang.String, int[], boolean[], com.android.server.pm.PackageManagerService$PackageInstalledInfo, android.os.UserHandle) from PackageManagerService.java:12088 waiters=0 for 210ms
08-10 08:07:04.672  1528  1552 W Settings: Setting install_non_market_apps has moved from android.provider.Settings.Global to android.provider.Settings.Secure, returning read-only value.
08-10 08:07:04.672  1528  1552 I art     : Starting a blocking GC Explicit
08-10 08:07:04.722  1789  2099 W EGL_emulation: eglSurfaceAttrib not implemented
08-10 08:07:04.722  1789  2099 W OpenGLRenderer: Failed to set EGL_SWAP_BEHAVIOR on surface 0x9e2915e0, error=EGL_SUCCESS
08-10 08:07:04.829  1528  3096 W InputMethodManagerService: Got RemoteException sending setActive(false) notification to pid 2986 uid 10087
08-10 08:07:04.844  1528  1552 I art     : Explicit concurrent mark sweep GC freed 36364(2MB) AllocSpace objects, 11(260KB) LOS objects, 33% free, 7MB/11MB, paused 5.622ms total 159.513ms
08-10 08:07:04.844  1528  1538 I art     : WaitForGcToComplete blocked for 95.845ms for cause HeapTrim
08-10 08:07:04.849  1528  1552 W PackageManager: Couldn't remove dex file for package:  at location /data/app/ir.androidlearnings.rootcheck-1/base.apk, retcode=-1
08-10 08:07:04.877  3119  3119 I art     : System.exit called, status: 0
08-10 08:07:04.877  3119  3119 I AndroidRuntime: VM exiting with result code 0.
08-10 08:07:04.886  1528  1552 I ActivityManager: Force stopping ir.androidlearnings.rootcheck appid=10087 user=0: pkg removed
08-10 08:07:04.899  1528  1565 I InputReader: Reconfiguring input devices.  changes=0x00000010
08-10 08:07:04.900  1528  1528 D JobSchedulerService: Receieved: android.intent.action.PACKAGE_REMOVED
08-10 08:07:04.911  1528  1565 I InputReader: Reconfiguring input devices.  changes=0x00000010
08-10 08:07:04.914  1528  1565 I InputReader: Reconfiguring input devices.  changes=0x00000010
08-10 08:07:04.935  1776  1776 D CarrierServiceBindHelper: Receive action: android.intent.action.PACKAGE_REMOVED
08-10 08:07:04.937  2134  3156 D PackageBroadcastService: Received broadcast action=android.intent.action.PACKAGE_REMOVED and uri=ir.androidlearnings.rootcheck
08-10 08:07:04.942  2134  2134 D ChimeraCfgMgr: Loading module com.google.android.gms.games from APK com.google.android.gms
08-10 08:07:04.967  1776  1776 D CarrierServiceBindHelper: Receive action: android.intent.action.PACKAGE_ADDED
08-10 08:07:04.967  1776  1776 D CarrierServiceBindHelper: Receive action: android.intent.action.PACKAGE_REPLACED
08-10 08:07:04.967  1776  1776 D CarrierServiceBindHelper: mHandler: 3
08-10 08:07:04.967  1776  1776 D CarrierServiceBindHelper: mHandler: 3
08-10 08:07:04.967  1776  1776 D CarrierServiceBindHelper: mHandler: 3
08-10 08:07:04.967  1776  1776 D CarrierConfigLoader: mHandler: 9 phoneId: 0
08-10 08:07:05.075  1886  1886 E NetworkScheduler.SchedulerReceiver: Invalid parameter app
08-10 08:07:05.075  1886  1886 E NetworkScheduler.SchedulerReceiver: Invalid package name : Perhaps you didn't include a PendingIntent in the extras?
08-10 08:07:05.082  2134  2177 I Icing   : Usage reports 2 indexed 0 rejected 0 imm upload true
08-10 08:07:05.118  3154  3154 D AndroidRuntime: >>>>>> START com.android.internal.os.RuntimeInit uid 0 <<<<<<
08-10 08:07:05.120  3154  3154 D AndroidRuntime: CheckJNI is ON
08-10 08:07:05.120  1528  3095 I ActivityManager: Start proc 3162:com.android.keychain/1000 for broadcast com.android.keychain/.KeyChainBroadcastReceiver
08-10 08:07:05.142  3162  3162 W System  : ClassLoader referenced unknown path: /system/app/KeyChain/lib/x86
08-10 08:07:05.163  3162  3162 W ContextImpl: Calling a method in the system process without a qualified user: android.app.ContextImpl.startService:1221 android.content.ContextWrapper.startService:581 android.content.ContextWrapper.startService:581 com.android.keychain.KeyChainBroadcastReceiver.onReceive:12 android.app.ActivityThread.handleReceiver:2725
08-10 08:07:05.182  1528  3096 I ActivityManager: Start proc 3178:ir.mservices.market/u0a71 for broadcast ir.mservices.market/.core.PackageManagerReceiver
08-10 08:07:05.189  3154  3154 D ICU     : No timezone override file found: /data/misc/zoneinfo/current/icu/icu_tzdata.dat
08-10 08:07:05.218  3178  3178 I GMPM    : App measurement is starting up, version: 8487
08-10 08:07:05.219  3178  3178 I GMPM    : To enable debug logging run: adb shell setprop log.tag.GMPM VERBOSE
08-10 08:07:05.222  3178  3178 I GMPM    : AppMeasurement disabled with google_app_measurement_enable=0
08-10 08:07:05.275  1789  2099 W OpenGLRenderer: Incorrectly called buildLayer on View: em, destroying layer...
08-10 08:07:05.275  1789  2099 W OpenGLRenderer: Incorrectly called buildLayer on View: em, destroying layer...
08-10 08:07:05.319  3154  3154 E memtrack: Couldn't load memtrack module (No such file or directory)
08-10 08:07:05.319  3154  3154 E android.os.Debug: failed to load memtrack module: -2
08-10 08:07:05.320  3154  3154 I Radio-JNI: register_android_hardware_Radio DONE
08-10 08:07:05.327  3154  3154 D AndroidRuntime: Calling main entry com.android.commands.am.Am
08-10 08:07:05.328  1528  3095 I ActivityManager: START u0 {act=android.intent.action.MAIN cat=[android.intent.category.LAUNCHER] flg=0x10000000 cmp=ir.androidlearnings.rootcheck/.main} from uid 0 on display 0
08-10 08:07:05.340  3154  3154 D AndroidRuntime: Shutting down VM
08-10 08:07:05.353  1528  1678 I ActivityManager: Start proc 3214:ir.androidlearnings.rootcheck/u0a87 for activity ir.androidlearnings.rootcheck/.main
08-10 08:07:05.378  3214  3214 W System  : ClassLoader referenced unknown path: /data/app/ir.androidlearnings.rootcheck-2/lib/x86
08-10 08:07:05.474  3214  3214 W art     : Before Android 4.1, method android.graphics.PorterDuffColorFilter android.support.graphics.drawable.VectorDrawableCompat.updateTintFilter(android.graphics.PorterDuffColorFilter, android.content.res.ColorStateList, android.graphics.PorterDuff$Mode) would have incorrectly overridden the package-private method in android.graphics.drawable.Drawable
08-10 08:07:05.645  1528  1968 I ActivityManager: Killing 1981:android.process.media/u0a5 (adj 15): empty for 3571s
08-10 08:07:05.722  1219  1419 E SurfaceFlinger: ro.sf.lcd_density must be defined as a build property
08-10 08:07:05.724  3214  3239 D OpenGLRenderer: Use EGL_SWAP_BEHAVIOR_PRESERVED: true
08-10 08:07:05.726  3214  3214 D         : HostConnection::get() New Host Connection established 0xafecb260, tid 3214
08-10 08:07:05.732  3214  3214 I B4A     : ~i:** Service (starter) Create **
08-10 08:07:05.732  3214  3214 I B4A     : ~i:** Service (starter) Start **
08-10 08:07:05.742  1789  2099 E Surface : getSlotFromBufferLocked: unknown buffer: 0xae3f4800
08-10 08:07:05.781  3214  3239 D         : HostConnection::get() New Host Connection established 0xae3d28f0, tid 3239
08-10 08:07:05.783  3214  3239 I OpenGLRenderer: Initialized EGL, version 1.4
08-10 08:07:05.829  3214  3239 W EGL_emulation: eglSurfaceAttrib not implemented
08-10 08:07:05.829  3214  3239 W OpenGLRenderer: Failed to set EGL_SWAP_BEHAVIOR on surface 0xaa9cc480, error=EGL_SUCCESS
08-10 08:07:05.871  3214  3214 I B4A     : ~i:** Activity (main) Create, isFirst = true **
08-10 08:07:05.948  2134  3241 D PackageBroadcastService: Received broadcast action=android.intent.action.PACKAGE_ADDED and uri=ir.androidlearnings.rootcheck
08-10 08:07:05.953  2134  2134 D ChimeraCfgMgr: Loading module com.google.android.gms.games from APK com.google.android.gms
08-10 08:07:06.016  2134  2134 D ChimeraCfgMgr: Loading module com.google.android.gms.gass from APK com.google.android.gms
08-10 08:07:06.030  3214  3214 D API     : initialized
08-10 08:07:06.031  2134  2134 D AsyncTaskServiceImpl: Submit a task: k
08-10 08:07:06.034  3214  3214 I B4A     : ~i:** Activity (main) Resume **
08-10 08:07:06.095  2134  2134 D ChimeraCfgMgr: Loading module com.google.android.gms.gass from APK com.google.android.gms
08-10 08:07:06.099  2134  3247 D k       : Processing package: ir.androidlearnings.rootcheck
08-10 08:07:06.099  2134  2134 D ChimeraCfgMgr: Loading module com.google.android.gms.vision from APK com.google.android.gms
08-10 08:07:06.228  3214  3214 I B4A     : lib:Raising.. ac_onbillinginitialized()
08-10 08:07:06.230  1528  1547 I ActivityManager: Displayed ir.androidlearnings.rootcheck/.main: +891ms
08-10 08:07:06.436  2134  3247 D GassUtils: Found app info for package ir.androidlearnings.rootcheck:1. Hash: 5a83550de6f83efb5c627c33b1d9fedfc757a68be9b9dbb1b999433a924ee3d5
08-10 08:07:06.436  2134  3247 D k       : Found info for package ir.androidlearnings.rootcheck in db.
08-10 08:07:06.447  1528  1968 I ActivityManager: Start proc 3251:com.svox.pico/u0a43 for broadcast com.svox.pico/.VoiceDataInstallerReceiver
08-10 08:07:06.460  2030  3249 I UpdateIcingCorporaServi: Updating corpora: APPS=ir.androidlearnings.rootcheck, CONTACTS=MAYBE
08-10 08:07:06.493  1528  1540 I AccountManagerService: getTypesVisibleToCaller: isPermitted? true
08-10 08:07:06.599  1528  1821 I ActivityManager: Killing 2553:com.android.email/u0a28 (adj 15): empty for 3570s
08-10 08:07:06.724  2134  3269 D PackageBroadcastService: Received broadcast action=android.intent.action.PACKAGE_REPLACED and uri=ir.androidlearnings.rootcheck
08-10 08:07:06.766  2134  2134 D ChimeraCfgMgr: Loading module com.google.android.gms.gass from APK com.google.android.gms
08-10 08:07:06.768  2134  2134 D AsyncTaskServiceImpl: Submit a task: k
08-10 08:07:06.798  2134  3247 D k       : Processing package: ir.androidlearnings.rootcheck
08-10 08:07:06.799  2134  2134 D ChimeraCfgMgr: Loading module com.google.android.gms.vision from APK com.google.android.gms
08-10 08:07:06.803  1886  1886 E NetworkScheduler.SchedulerReceiver: Invalid parameter app
08-10 08:07:06.803  1886  1886 E NetworkScheduler.SchedulerReceiver: Invalid package name : Perhaps you didn't include a PendingIntent in the extras?
08-10 08:07:06.965  2134  3247 D GassUtils: Found app info for package ir.androidlearnings.rootcheck:1. Hash: 5a83550de6f83efb5c627c33b1d9fedfc757a68be9b9dbb1b999433a924ee3d5
08-10 08:07:06.965  2134  3247 D k       : Found info for package ir.androidlearnings.rootcheck in db.
08-10 08:07:07.343  3214  3239 W EGL_emulation: eglSurfaceAttrib not implemented
08-10 08:07:07.343  3214  3239 W OpenGLRenderer: Failed to set EGL_SWAP_BEHAVIOR on surface 0xafed1520, error=EGL_SUCCESS
08-10 08:07:07.545  1528  1821 I AccountManagerService: getTypesVisibleToCaller: isPermitted? true
08-10 08:07:07.545  2134  3243 I PeopleContactsSync: triggerPendingContactsCleanup: no accounts
08-10 08:07:07.550  1528  1678 I AccountManagerService: getTypesVisibleToCaller: isPermitted? true
08-10 08:07:07.551  1528  3095 I AccountManagerService: getTypesVisibleToCaller: isPermitted? true
08-10 08:07:07.629  2134  3243 I PeopleDatabaseHelper: cleanUpNonGplusAccounts done.
08-10 08:07:07.669  1528  1821 I AccountManagerService: getTypesVisibleToCaller: isPermitted? true
08-10 08:07:07.669  2134  3243 I PeopleContactsSync: triggerPendingContactsCleanup: no accounts
08-10 08:07:07.684  1528  1539 I AccountManagerService: getTypesVisibleToCaller: isPermitted? true
08-10 08:07:07.684  2134  3243 I PeopleContactsSync: triggerPendingContactsCleanup: no accounts
08-10 08:07:07.691  2134  2177 I Icing   : Indexing 5688957CFEB4D0C30A3826F7DCEDD0CCFB401FC5 from com.google.android.gms
08-10 08:07:07.701  2134  2177 I Icing   : Not enough disk space for indexing trimmable
08-10 08:07:07.745  2134  2177 D Icing   : Loaded CLD2 Version V2.0 - 20141016
08-10 08:07:07.748  2134  2177 I Icing   : Not enough disk space for indexing trimmable
08-10 08:07:07.748  2134  2177 I Icing   : Indexing done 5688957CFEB4D0C30A3826F7DCEDD0CCFB401FC5
08-10 08:07:08.435  2134  2177 I Icing   : Indexing 5688957CFEB4D0C30A3826F7DCEDD0CCFB401FC5 from com.google.android.gms
08-10 08:07:08.436  2134  2177 I Icing   : Not enough disk space for indexing trimmable
08-10 08:07:08.436  3214  3239 E Surface : getSlotFromBufferLocked: unknown buffer: 0xae3f28f0
08-10 08:07:08.439  3214  3239 D OpenGLRenderer: endAllStagingAnimators on 0xaa182000 (RippleDrawable) with handle 0xae3d2a90
08-10 08:07:08.439  2134  2177 I Icing   : Indexing done 5688957CFEB4D0C30A3826F7DCEDD0CCFB401FC5
