08-10 07:06:57.025  1886  1897 I art     : Background sticky concurrent mark sweep GC freed 3593(483KB) AllocSpace objects, 6(120KB) LOS objects, 13% free, 4MB/5MB, paused 659us total 135.163ms
08-10 07:06:57.137  1886  1886 W GmsBackupAccountManager: Backup account not found in gmscore.
08-10 07:06:57.224  1886  2193 I Backup  : [BackupTransportMigratorService] Starting migration...
08-10 07:06:57.225  1886  2193 E Backup  : [LegacyBackupAccountManager] Fail to get legacy transport context.
08-10 07:06:57.225  1886  2193 E Backup  : android.content.pm.PackageManager$NameNotFoundException: Application package com.google.android.backup not found
08-10 07:06:57.225  1886  2193 E Backup  :      at android.app.ContextImpl.createPackageContextAsUser(ContextImpl.java:1703)
08-10 07:06:57.225  1886  2193 E Backup  :      at android.app.ContextImpl.createPackageContext(ContextImpl.java:1679)
08-10 07:06:57.225  1886  2193 E Backup  :      at android.content.ContextWrapper.createPackageContext(ContextWrapper.java:746)
08-10 07:06:57.225  1886  2193 E Backup  :      at android.content.ContextWrapper.createPackageContext(ContextWrapper.java:746)
08-10 07:06:57.225  1886  2193 E Backup  :      at com.google.android.gms.backup.as.<init>(SourceFile:47)
08-10 07:06:57.225  1886  2193 E Backup  :      at com.google.android.gms.backup.BackupTransportMigratorService.a(SourceFile:150)
08-10 07:06:57.225  1886  2193 E Backup  :      at com.google.android.gms.backup.BackupTransportMigratorService.onHandleIntent(SourceFile:82)
08-10 07:06:57.225  1886  2193 E Backup  :      at android.app.IntentService$ServiceHandler.handleMessage(IntentService.java:66)
08-10 07:06:57.225  1886  2193 E Backup  :      at android.os.Handler.dispatchMessage(Handler.java:102)
08-10 07:06:57.225  1886  2193 E Backup  :      at android.os.Looper.loop(Looper.java:148)
08-10 07:06:57.225  1886  2193 E Backup  :      at android.os.HandlerThread.run(HandlerThread.java:61)
08-10 07:06:57.226  1528  1821 I AccountManagerService: getTypesVisibleToCaller: isPermitted? true
08-10 07:06:57.226  1886  2193 W Backup  : [LegacyBackupAccountManager] No google accounts found!
08-10 07:06:57.297  1886  1886 I GCoreNlp: shouldConfirmNlp, NLP off. Ensuring opt-in disabled
08-10 07:06:57.335  1528  2116 D NetworkMonitor/NetworkAgentInfo [MOBILE (UMTS) - 100]: isCaptivePortal: ret=204 headers={null=[HTTP/1.1 204 No Content], Content-Length=[0], Date=[Wed, 10 Aug 2016 07:07:03 GMT], X-Android-Received-Millis=[1470812817334], X-Android-Response-Source=[NETWORK 204], X-Android-Selected-Protocol=[http/1.1], X-Android-Sent-Millis=[1470812816292]}
08-10 07:06:57.335  1528  1575 D ConnectivityService: setProvNotificationVisibleIntent null visible=false networkType=MOBILE extraInfo=null highPriority=false
08-10 07:06:57.336  1528  1575 D ConnectivityService: NetworkAgentInfo [MOBILE (UMTS) - 100] validation  passed
08-10 07:06:57.336  1528  1575 D ConnectivityService: rematching NetworkAgentInfo [MOBILE (UMTS) - 100]
08-10 07:06:57.336  1528  1575 D ConnectivityService: notifyType CAP_CHANGED for NetworkAgentInfo [MOBILE (UMTS) - 100]
08-10 07:06:57.337  1528  1575 D ConnectivityService: sendStickyBroadcast: action=android.net.conn.INET_CONDITION_ACTION
08-10 07:06:57.338  1617  2046 D ConnectivityManager.CallbackHandler: CM callback handler got msg 524294
08-10 07:06:57.526  2134  2177 E Icing   : Unknown language: und
08-10 07:06:57.768  1886  1886 D GeofencerStateMachine: Creating GeofencerStateMachine
08-10 07:06:57.783  1528  1574 D WifiService: New client listening to asynchronous messages
08-10 07:06:58.895  1886  1886 I GCoreUlr: Starting service, intent=Intent { act=com.google.android.location.reporting.ACTION_UPDATE_WORLD cmp=com.google.android.gms/com.google.android.location.reporting.service.DispatchingService (has extras) }, extras=Bundle[{receiverAction=android.location.PROVIDERS_CHANGED}]
08-10 07:06:58.898  1886  1886 V GeofencerHelper: Initializing geofence's system cache.
08-10 07:06:58.909  1528  1678 I ActivityManager: Start proc 2204:com.google.android.apps.maps/u0a38 for broadcast com.google.android.apps.maps/com.google.android.apps.gmm.iamhere.ble.StartBleServiceReceiver
08-10 07:06:58.935  2204  2204 W System  : ClassLoader referenced unknown path: /system/app/Maps/lib/x86
08-10 07:06:59.247  1886  2198 D GeofenceStateCache: Recovered 0 geofences.
08-10 07:06:59.585  1886  2198 I GeofencerStateMachine: Network location disabled.
08-10 07:06:59.760  2134  2148 W art     : Suspending all threads took: 47.024ms
08-10 07:06:59.763  2134  2148 I art     : Background partial concurrent mark sweep GC freed 5003(510KB) AllocSpace objects, 4(80KB) LOS objects, 40% free, 5MB/8MB, paused 48.095ms total 670.289ms
08-10 07:06:59.780  1528  1678 I AccountManagerService: getTypesVisibleToCaller: isPermitted? true
08-10 07:06:59.782  2134  2177 I Icing   : updateResources: need to parse f{com.google.android.gms}
08-10 07:07:00.154  1886  1897 W art     : Suspending all threads took: 441.176ms
08-10 07:07:00.160  1886  2209 E BluetoothAdapter: Bluetooth binder is null
08-10 07:07:00.160  1886  1897 I art     : Background sticky concurrent mark sweep GC freed 1978(179KB) AllocSpace objects, 4(80KB) LOS objects, 3% free, 5MB/5MB, paused 441.925ms total 1.141s
08-10 07:07:00.192  1886  2193 W GmsBackupAccountManager: Backup account not found in gmscore.
08-10 07:07:00.195  1886  2193 I Backup  : [BackupTransportMigratorService] Component name not found : com.google.android.backuptransport/com.google.android.backup.BackupTransportService
08-10 07:07:00.196  1886  2193 I Backup  : [BackupTransportMigratorService] Component name not found : com.google.android.backup/com.google.android.backup.BackupTransportService
08-10 07:07:00.196  1886  2193 I Backup  : [BackupTransportMigratorService] Successfully migrated to use GMS BackupTransportService!
08-10 07:07:00.427  1886  1886 I GCoreUlr: DispatchingService.onCreate()
08-10 07:07:00.796  1528  1540 I AccountManagerService: getTypesVisibleToCaller: isPermitted? true
08-10 07:07:00.988  2134  2177 I Icing   : Not enough disk space for indexing trimmable
08-10 07:07:00.989  2134  2177 I Icing   : Internal init done: storage state 1
08-10 07:07:00.994  2134  2177 I Icing   : Post-init done
08-10 07:07:01.033  1886  1897 W art     : Suspending all threads took: 36.214ms
08-10 07:07:01.038  1886  1897 I art     : Background partial concurrent mark sweep GC freed 3253(305KB) AllocSpace objects, 9(180KB) LOS objects, 39% free, 5MB/9MB, paused 38.083ms total 876.163ms
08-10 07:07:01.482  1886  2200 I Scheduler: Use legacy PeriodicScheduler
08-10 07:07:01.640  1528  1573 D WifiNative-HAL: Failing getSupportedFeatureset because HAL isn't started
08-10 07:07:01.758  1528  1575 D ConnectivityService: handlePromptUnvalidated 100
08-10 07:07:01.770  1886  2200 W InstanceID/Rpc: Found 10007
08-10 07:07:03.023  1886  2233 W Settings: Setting airplane_mode_on has moved from android.provider.Settings.System to android.provider.Settings.Global, returning read-only value.
08-10 07:07:03.026  1886  2233 W Settings: Setting airplane_mode_on has moved from android.provider.Settings.System to android.provider.Settings.Global, returning read-only value.
08-10 07:07:03.207  1886  2237 I GCoreUlr: WorldUpdater received intent Intent { act=com.google.android.location.reporting.ACTION_UPDATE_WORLD cmp=com.google.android.gms/com.google.android.location.reporting.service.DispatchingService (has extras) } with receiverAction android.location.PROVIDERS_CHANGED
08-10 07:07:03.232  1886  2237 I GCoreUlr: WorldUpdater:android.location.PROVIDERS_CHANGED: Ensuring that reporting is stopped because of reasons: (no Google accounts)
08-10 07:07:03.246  1886  2237 I GCoreUlr: Unbound from all location providers
08-10 07:07:03.246  1886  2237 I GCoreUlr: Place inference reporting - stopped
08-10 07:07:03.369  2134  2177 I Icing   : Usage reports 2 indexed 0 rejected 0 imm upload true
08-10 07:07:03.710  1886  1886 I GAv4-SVC: Google Analytics 8.4.89 is starting up.
08-10 07:07:03.894  1886  1886 E BluetoothAdapter: Bluetooth binder is null
08-10 07:07:03.894  1886  1886 I BleScanCompatLib: Building BLE scanner compat:  'L/M' hardware access layer is not available: BluetoothAdapter is null.
08-10 07:07:03.895  1886  1886 E BleScanCompatLib: Unable to read constant String ACTION_BLE_STATE_CHANGED via reflection
08-10 07:07:03.895  1886  1886 E BleScanCompatLib: java.lang.NullPointerException: Attempt to invoke virtual method 'java.lang.Class java.lang.Object.getClass()' on a null object reference
08-10 07:07:03.895  1886  1886 E BleScanCompatLib:      at com.google.android.gms.blescanner.f.b.c(SourceFile:109)
08-10 07:07:03.895  1886  1886 E BleScanCompatLib:      at com.google.android.gms.blescanner.e.a.<init>(SourceFile:76)
08-10 07:07:03.895  1886  1886 E BleScanCompatLib:      at com.google.android.gms.blescanner.c.b.a(SourceFile:59)
08-10 07:07:03.895  1886  1886 E BleScanCompatLib:      at com.google.android.location.places.i.b.a(SourceFile:69)
08-10 07:07:03.895  1886  1886 E BleScanCompatLib:      at com.google.android.location.places.i.k.<init>(SourceFile:155)
08-10 07:07:03.895  1886  1886 E BleScanCompatLib:      at com.google.android.location.places.service.aa.<init>(SourceFile:157)
08-10 07:07:03.895  1886  1886 E BleScanCompatLib:      at com.google.android.location.places.service.PlaceDetectionService.onCreate(SourceFile:46)
08-10 07:07:03.895  1886  1886 E BleScanCompatLib:      at android.app.ActivityThread.handleCreateService(ActivityThread.java:2877)
08-10 07:07:03.895  1886  1886 E BleScanCompatLib:      at android.app.ActivityThread.-wrap4(ActivityThread.java)
08-10 07:07:03.895  1886  1886 E BleScanCompatLib:      at android.app.ActivityThread$H.handleMessage(ActivityThread.java:1427)
08-10 07:07:03.895  1886  1886 E BleScanCompatLib:      at android.os.Handler.dispatchMessage(Handler.java:102)
08-10 07:07:03.895  1886  1886 E BleScanCompatLib:      at android.os.Looper.loop(Looper.java:148)
08-10 07:07:03.895  1886  1886 E BleScanCompatLib:      at android.app.ActivityThread.main(ActivityThread.java:5417)
08-10 07:07:03.895  1886  1886 E BleScanCompatLib:      at java.lang.reflect.Method.invoke(Native Method)
08-10 07:07:03.895  1886  1886 E BleScanCompatLib:      at com.android.internal.os.ZygoteInit$MethodAndArgsCaller.run(ZygoteInit.java:726)
08-10 07:07:03.895  1886  1886 E BleScanCompatLib:      at com.android.internal.os.ZygoteInit.main(ZygoteInit.java:616)
08-10 07:07:03.896  1886  1886 I BleScanCompatLib: BLE 'JB+' software access layer enabled
08-10 07:07:03.900  1886  1886 E BleScanCompatLib: Unable to read constant String ACTION_BLE_STATE_CHANGED via reflection
08-10 07:07:03.900  1886  1886 E BleScanCompatLib: java.lang.NullPointerException: Attempt to invoke virtual method 'java.lang.Class java.lang.Object.getClass()' on a null object reference
08-10 07:07:03.900  1886  1886 E BleScanCompatLib:      at com.google.android.gms.blescanner.f.b.c(SourceFile:109)
08-10 07:07:03.900  1886  1886 E BleScanCompatLib:      at com.google.android.gms.blescanner.e.a.<init>(SourceFile:76)
08-10 07:07:03.900  1886  1886 E BleScanCompatLib:      at com.google.android.location.places.i.b.a(SourceFile:75)
08-10 07:07:03.900  1886  1886 E BleScanCompatLib:      at com.google.android.location.places.i.k.<init>(SourceFile:155)
08-10 07:07:03.900  1886  1886 E BleScanCompatLib:      at com.google.android.location.places.service.aa.<init>(SourceFile:157)
08-10 07:07:03.900  1886  1886 E BleScanCompatLib:      at com.google.android.location.places.service.PlaceDetectionService.onCreate(SourceFile:46)
08-10 07:07:03.900  1886  1886 E BleScanCompatLib:      at android.app.ActivityThread.handleCreateService(ActivityThread.java:2877)
08-10 07:07:03.900  1886  1886 E BleScanCompatLib:      at android.app.ActivityThread.-wrap4(ActivityThread.java)
08-10 07:07:03.900  1886  1886 E BleScanCompatLib:      at android.app.ActivityThread$H.handleMessage(ActivityThread.java:1427)
08-10 07:07:03.900  1886  1886 E BleScanCompatLib:      at android.os.Handler.dispatchMessage(Handler.java:102)
08-10 07:07:03.900  1886  1886 E BleScanCompatLib:      at android.os.Looper.loop(Looper.java:148)
08-10 07:07:03.900  1886  1886 E BleScanCompatLib:      at android.app.ActivityThread.main(ActivityThread.java:5417)
08-10 07:07:03.900  1886  1886 E BleScanCompatLib:      at java.lang.reflect.Method.invoke(Native Method)
08-10 07:07:03.900  1886  1886 E BleScanCompatLib:      at com.android.internal.os.ZygoteInit$MethodAndArgsCaller.run(ZygoteInit.java:726)
08-10 07:07:03.900  1886  1886 E BleScanCompatLib:      at com.android.internal.os.ZygoteInit.main(ZygoteInit.java:616)
08-10 07:07:03.926  1528  1573 D WifiNative-HAL: Failing getSupportedFeatureset because HAL isn't started
08-10 07:07:03.928  1886  2198 W GeofencerStateMachine: Ignoring removeGeofence because network location is disabled.
08-10 07:07:03.985  2204  2215 W art     : Suspending all threads took: 23.958ms
08-10 07:07:03.993  1886  2247 I Places  : b.c:195: PlacesBleScanner stop()
08-10 07:07:03.993  1886  2247 I BleScanCompatLib: Scan : No clients left, canceling alarm.
08-10 07:07:03.994  1886  1886 I GCoreUlr: DispatchingService.onDestroy()
08-10 07:07:03.994  1886  1886 I GCoreUlr: Stopping handler for UlrDispSvcFast
08-10 07:07:03.998  1886  1886 I GCoreUlr: Unbound from all location providers
08-10 07:07:03.998  1886  1886 I GCoreUlr: Place inference reporting - stopped
08-10 07:07:04.622  2204  2215 W art     : Suspending all threads took: 17.384ms
08-10 07:07:04.908  2204  2215 W art     : Suspending all threads took: 6.166ms
08-10 07:07:05.329  1528  1968 I AccountManagerService: getTypesVisibleToCaller: isPermitted? false
08-10 07:07:05.393  1528  1539 I AccountManagerService: getTypesVisibleToCaller: isPermitted? false
08-10 07:07:05.565  2204  2204 D StrictMode: StrictMode policy violation; ~duration=942 ms: android.os.StrictMode$StrictModeDiskReadViolation: policy=65567 violation=2
08-10 07:07:05.565  2204  2204 D StrictMode:    at android.os.StrictMode$AndroidBlockGuardPolicy.onReadFromDisk(StrictMode.java:1263)
08-10 07:07:05.565  2204  2204 D StrictMode:    at libcore.io.BlockGuardOs.access(BlockGuardOs.java:67)
08-10 07:07:05.565  2204  2204 D StrictMode:    at java.io.File.doAccess(File.java:281)
08-10 07:07:05.565  2204  2204 D StrictMode:    at java.io.File.exists(File.java:361)
08-10 07:07:05.565  2204  2204 D StrictMode:    at android.app.ContextImpl.createFilesDirLocked(ContextImpl.java:418)
08-10 07:07:05.565  2204  2204 D StrictMode:    at android.app.ContextImpl.getFilesDir(ContextImpl.java:441)
08-10 07:07:05.565  2204  2204 D StrictMode:    at android.app.ContextImpl.openFileInput(ContextImpl.java:383)
08-10 07:07:05.565  2204  2204 D StrictMode:    at android.content.ContextWrapper.openFileInput(ContextWrapper.java:177)
08-10 07:07:05.565  2204  2204 D StrictMode:    at com.google.android.apps.gmm.shared.i.h.a(PG:250)
08-10 07:07:05.565  2204  2204 D StrictMode:    at com.google.android.apps.gmm.map.m.q.a(PG:8693)
08-10 07:07:05.565  2204  2204 D StrictMode:    at com.google.android.apps.gmm.shared.f.a.a(PG:48)
08-10 07:07:05.565  2204  2204 D StrictMode:    at com.google.android.apps.gmm.map.m.e.a(PG:1531)
08-10 07:07:05.565  2204  2204 D StrictMode:    at com.google.android.apps.gmm.base.app.a.a(PG:244)
08-10 07:07:05.565  2204  2204 D StrictMode:    at com.google.android.apps.gmm.base.app.a.a(PG:2265)
08-10 07:07:05.565  2204  2204 D StrictMode:    at com.google.android.apps.gmm.base.app.GoogleMapsApplication.a(PG:206)
08-10 07:07:05.565  2204  2204 D StrictMode:    at com.google.android.apps.gmm.base.app.GoogleMapsApplication.onCreate(PG:174)
08-10 07:07:05.565  2204  2204 D StrictMode:    at android.app.Instrumentation.callApplicationOnCreate(Instrumentation.java:1013)
08-10 07:07:05.565  2204  2204 D StrictMode:    at android.app.ActivityThread.handleBindApplication(ActivityThread.java:4707)
08-10 07:07:05.565  2204  2204 D StrictMode:    at android.app.ActivityThread.-wrap1(ActivityThread.java)
08-10 07:07:05.565  2204  2204 D StrictMode:    at android.app.ActivityThread$H.handleMessage(ActivityThread.java:1405)
08-10 07:07:05.565  2204  2204 D StrictMode:    at android.os.Handler.dispatchMessage(Handler.java:102)
08-10 07:07:05.565  2204  2204 D StrictMode:    at android.os.Looper.loop(Looper.java:148)
08-10 07:07:05.565  2204  2204 D StrictMode:    at android.app.ActivityThread.main(ActivityThread.java:5417)
08-10 07:07:05.565  2204  2204 D StrictMode:    at java.lang.reflect.Method.invoke(Native Method)
08-10 07:07:05.565  2204  2204 D StrictMode:    at com.android.internal.os.ZygoteInit$MethodAndArgsCaller.run(ZygoteInit.java:726)
08-10 07:07:05.565  2204  2204 D StrictMode:    at com.android.internal.os.ZygoteInit.main(ZygoteInit.java:616)
08-10 07:07:05.565  2204  2204 D StrictMode: StrictMode policy violation; ~duration=941 ms: android.os.StrictMode$StrictModeDiskReadViolation: policy=65567 violation=2
08-10 07:07:05.565  2204  2204 D StrictMode:    at android.os.StrictMode$AndroidBlockGuardPolicy.onReadFromDisk(StrictMode.java:1263)
08-10 07:07:05.565  2204  2204 D StrictMode:    at libcore.io.BlockGuardOs.open(BlockGuardOs.java:182)
08-10 07:07:05.565  2204  2204 D StrictMode:    at libcore.io.IoBridge.open(IoBridge.java:438)
08-10 07:07:05.565  2204  2204 D StrictMode:    at java.io.FileInputStream.<init>(FileInputStream.java:76)
08-10 07:07:05.565  2204  2204 D StrictMode:    at android.app.ContextImpl.openFileInput(ContextImpl.java:384)
08-10 07:07:05.565  2204  2204 D StrictMode:    at android.content.ContextWrapper.openFileInput(ContextWrapper.java:177)
08-10 07:07:05.565  2204  2204 D StrictMode:    at com.google.android.apps.gmm.shared.i.h.a(PG:250)
08-10 07:07:05.565  2204  2204 D StrictMode:    at com.google.android.apps.gmm.map.m.q.a(PG:8693)
08-10 07:07:05.565  2204  2204 D StrictMode:    at com.google.android.apps.gmm.shared.f.a.a(PG:48)
08-10 07:07:05.565  2204  2204 D StrictMode:    at com.google.android.apps.gmm.map.m.e.a(PG:1531)
08-10 07:07:05.565  2204  2204 D StrictMode:    at com.google.android.apps.gmm.base.app.a.a(PG:244)
08-10 07:07:05.565  2204  2204 D StrictMode:    at com.google.android.apps.gmm.base.app.a.a(PG:2265)
08-10 07:07:05.565  2204  2204 D StrictMode:    at com.google.android.apps.gmm.base.app.GoogleMapsApplication.a(PG:206)
08-10 07:07:05.565  2204  2204 D StrictMode:    at com.google.android.apps.gmm.base.app.GoogleMapsApplication.onCreate(PG:174)
08-10 07:07:05.565  2204  2204 D StrictMode:    at android.app.Instrumentation.callApplicationOnCreate(Instrumentation.java:1013)
08-10 07:07:05.565  2204  2204 D StrictMode:    at android.app.ActivityThread.handleBindApplication(ActivityThread.java:4707)
08-10 07:07:05.565  2204  2204 D StrictMode:    at android.app.ActivityThread.-wrap1(ActivityThread.java)
08-10 07:07:05.565  2204  2204 D StrictMode:    at android.app.ActivityThread$H.handleMessage(ActivityThread.java:1405)
08-10 07:07:05.565  2204  2204 D StrictMode:    at android.os.Handler.dispatchMessage(Handler.java:102)
08-10 07:07:05.565  2204  2204 D StrictMode:    at android.os.Looper.loop(Looper.java:148)
08-10 07:07:05.565  2204  2204 D StrictMode:    at android.app.ActivityThread.main(ActivityThread.java:5417)
08-10 07:07:05.565  2204  2204 D StrictMode:    at java.lang.reflect.Method.invoke(Native Method)
08-10 07:07:05.565  2204  2204 D StrictMode:    at com.android.internal.os.ZygoteInit$MethodAndArgsCaller.run(ZygoteInit.java:726)
08-10 07:07:05.565  2204  2204 D StrictMode:    at com.android.internal.os.ZygoteInit.main(ZygoteInit.java:616)
08-10 07:07:05.565  2204  2204 D StrictMode: StrictMode policy violation; ~duration=941 ms: android.os.StrictMode$StrictModeDiskReadViolation: policy=65567 violation=2
08-10 07:07:05.565  2204  2204 D StrictMode:    at android.os.StrictMode$AndroidBlockGuardPolicy.onReadFromDisk(StrictMode.java:1263)
08-10 07:07:05.565  2204  2204 D StrictMode:    at libcore.io.BlockGuardOs.fstat(BlockGuardOs.java:132)
08-10 07:07:05.565  2204  2204 D StrictMode:    at libcore.io.IoBridge.open(IoBridge.java:441)
08-10 07:07:05.565  2204  2204 D StrictMode:    at java.io.FileInputStream.<init>(FileInputStream.java:76)
08-10 07:07:05.565  2204  2204 D StrictMode:    at android.app.ContextImpl.openFileInput(ContextImpl.java:384)
08-10 07:07:05.565  2204  2204 D StrictMode:    at android.content.ContextWrapper.openFileInput(ContextWrapper.java:177)
08-10 07:07:05.565  2204  2204 D StrictMode:    at com.google.android.apps.gmm.shared.i.h.a(PG:250)
08-10 07:07:05.565  2204  2204 D StrictMode:    at com.google.android.apps.gmm.map.m.q.a(PG:8693)
08-10 07:07:05.565  2204  2204 D StrictMode:    at com.google.android.apps.gmm.shared.f.a.a(PG:48)
08-10 07:07:05.565  2204  2204 D StrictMode:    at com.google.android.apps.gmm.map.m.e.a(PG:1531)
08-10 07:07:05.565  2204  2204 D StrictMode:    at com.google.android.apps.gmm.base.app.a.a(PG:244)
08-10 07:07:05.565  2204  2204 D StrictMode:    at com.google.android.apps.gmm.base.app.a.a(PG:2265)
08-10 07:07:05.565  2204  2204 D StrictMode:    at com.google.android.apps.gmm.base.app.GoogleMapsApplication.a(PG:206)
08-10 07:07:05.565  2204  2204 D StrictMode:    at com.google.android.apps.gmm.base.app.GoogleMapsApplication.onCreate(PG:174)
08-10 07:07:05.565  2204  2204 D StrictMode:    at android.app.Instrumentation.callApplicationOnCreate(Instrumentation.java:1013)
08-10 07:07:05.565  2204  2204 D StrictMode:    at android.app.ActivityThread.handleBindApplication(ActivityThread.java:4707)
08-10 07:07:05.565  2204  2204 D StrictMode:    at android.app.ActivityThread.-wrap1(ActivityThread.java)
08-10 07:07:05.565  2204  2204 D StrictMode:    at android.app.ActivityThread$H.handleMessage(ActivityThread.java:1405)
08-10 07:07:05.565  2204  2204 D StrictMode:    at android.os.Handler.dispatchMessage(Handler.java:102)
08-10 07:07:05.565  2204  2204 D StrictMode:    at android.os.Looper.loop(Looper.java:148)
08-10 07:07:05.565  2204  2204 D StrictMode:    at android.app.ActivityThread.main(ActivityThread.java:5417)
08-10 07:07:05.565  2204  2204 D StrictMode:    at java.lang.reflect.Method.invoke(Native Method)
08-10 07:07:05.565  2204  2204 D StrictMode:    at com.android.internal.os.ZygoteInit$MethodAndArgsCaller.run(ZygoteInit.java:726)
08-10 07:07:05.565  2204  2204 D StrictMode:    at com.android.internal.os.ZygoteInit.main(ZygoteInit.java:616)
08-10 07:07:05.565  2204  2204 D StrictMode: StrictMode policy violation; ~duration=937 ms: android.os.StrictMode$StrictModeDiskReadViolation: policy=65567 violation=2
08-10 07:07:05.565  2204  2204 D StrictMode:    at android.os.StrictMode$AndroidBlockGuardPolicy.onReadFromDisk(StrictMode.java:1263)
08-10 07:07:05.565  2204  2204 D StrictMode:    at libcore.io.BlockGuardOs.read(BlockGuardOs.java:229)
08-10 07:07:05.565  2204  2204 D StrictMode:    at libcore.io.IoBridge.read(IoBridge.java:468)
08-10 07:07:05.565  2204  2204 D StrictMode:    at java.io.FileInputStream.read(FileInputStream.java:177)
08-10 07:07:05.565  2204  2204 D StrictMode:    at java.io.BufferedInputStream.read(BufferedInputStream.java:290)
08-10 07:07:05.565  2204  2204 D StrictMode:    at java.io.DataInputStream.read(DataInputStream.java:63)
08-10 07:07:05.565  2204  2204 D StrictMode:    at com.google.r.k.d(PG:1187)
08-10 07:07:05.565  2204  2204 D StrictMode:    at com.google.r.k.a(PG:2107)
08-10 07:07:05.565  2204  2204 D StrictMode:    at com.google.w.a.a.do.<init>(PG:23)
08-10 07:07:05.565  2204  2204 D StrictMode:    at com.google.w.a.a.do.a(PG:405)
08-10 07:07:05.565  2204  2204 D StrictMode:    at com.google.r.v.a(PG:1161)
08-10 07:07:05.565  2204  2204 D StrictMode:    at com.google.r.y.a(PG:2188)
08-10 07:07:05.565  2204  2204 D StrictMode:    at com.google.r.e.b(PG:170)
08-10 07:07:05.565  2204  2204 D StrictMode:    at com.google.r.e.b(PG:15188)
08-10 07:07:05.565  2204  2204 D StrictMode:    at com.google.android.apps.gmm.shared.i.h.a(PG:251)
08-10 07:07:05.565  2204  2204 D StrictMode:    at com.google.android.apps.gmm.map.m.q.a(PG:8693)
08-10 07:07:05.565  2204  2204 D StrictMode:    at com.google.android.apps.gmm.shared.f.a.a(PG:48)
08-10 07:07:05.565  2204  2204 D StrictMode:    at com.google.android.apps.gmm.map.m.e.a(PG:1531)
08-10 07:07:05.565  2204  2204 D StrictMode:    at com.google.android.apps.gmm.base.app.a.a(PG:244)
08-10 07:07:05.565  2204  2204 D StrictMode:    at com.google.android.apps.gmm.base.app.a.a(PG:2265)
08-10 07:07:05.565  2204  2204 D StrictMode:    at com.google.android.apps.gmm.base.app.GoogleMapsApplication.a(PG:206)
08-10 07:07:05.565  2204  2204 D StrictMode:    at com.google.android.apps.gmm.base.app.GoogleMapsApplication.onCreate(PG:174)
08-10 07:07:05.565  2204  2204 D StrictMode:    at android.app.Instrumentation.callApplicationOnCreate(Instrumentation.java:1013)
08-10 07:07:05.565  2204  2204 D StrictMode:    at android.app.ActivityThread.handleBindApplication(ActivityThread.java:4707)
08-10 07:07:05.565  2204  2204 D StrictMode:    at android.app.ActivityThread.-wrap1(ActivityThread.java)
08-10 07:07:05.565  2204  2204 D StrictMode:    at android.app.ActivityThread$H.handleMessage(ActivityThread.java:1405)
08-10 07:07:05.565  2204  2204 D StrictMode:    at android.os.Handler.dispatchMessage(Handler.java:102)
08-10 07:07:05.565  2204  2204 D StrictMode:    at android.os.Looper.loop(Looper.java:148)
08-10 07:07:05.565  2204  2204 D StrictMode:    at android.app.ActivityThread.main(ActivityThread.java:5417)
08-10 07:07:05.565  2204  2204 D StrictMode:    at java.lang.reflect.Method.invoke(Native Method)
08-10 07:07:05.565  2204  2204 D StrictMode:    at com.android.internal.os.ZygoteInit$MethodAndArgsCaller.run(ZygoteInit.java:726)
08-10 07:07:05.565  2204  2204 D StrictMode:    at com.android.internal.os.ZygoteInit.main(ZygoteInit.java:616)
08-10 07:07:05.565  2204  2204 D StrictMode: StrictMode policy violation; ~duration=849 ms: android.os.StrictMode$StrictModeDiskReadViolation: policy=65567 violation=2
08-10 07:07:05.565  2204  2204 D StrictMode:    at android.os.StrictMode$AndroidBlockGuardPolicy.onReadFromDisk(StrictMode.java:1263)
08-10 07:07:05.565  2204  2204 D StrictMode:    at libcore.io.BlockGuardOs.read(BlockGuardOs.java:229)
08-10 07:07:05.565  2204  2204 D StrictMode:    at libcore.io.IoBridge.read(IoBridge.java:468)
08-10 07:07:05.565  2204  2204 D StrictMode:    at java.io.FileInputStream.read(FileInputStream.java:177)
08-10 07:07:05.565  2204  2204 D StrictMode:    at java.io.BufferedInputStream.read(BufferedInputStream.java:290)
08-10 07:07:05.565  2204  2204 D StrictMode:    at java.io.DataInputStream.read(DataInputStream.java:63)
08-10 07:07:05.565  2204  2204 D StrictMode:    at com.google.r.k.d(PG:1187)
08-10 07:07:05.565  2204  2204 D StrictMode:    at com.google.r.k.c(PG:18147)
08-10 07:07:05.565  2204  2204 D StrictMode:    at com.google.r.k.d(PG:583)
08-10 07:07:05.565  2204  2204 D StrictMode:    at com.google.w.a.a.do.<init>(PG:40)
08-10 07:07:05.565  2204  2204 D StrictMode:    at com.google.w.a.a.do.a(PG:405)
08-10 07:07:05.565  2204  2204 D StrictMode:    at com.google.r.v.a(PG:1161)
08-10 07:07:05.565  2204  2204 D StrictMode:    at com.google.r.y.a(PG:2188)
08-10 07:07:05.565  2204  2204 D StrictMode:    at com.google.r.e.b(PG:170)
08-10 07:07:05.565  2204  2204 D StrictMode:    at com.google.r.e.b(PG:15188)
08-10 07:07:05.565  2204  2204 D StrictMode:    at com.google.android.apps.gmm.shared.i.h.a(PG:251)
08-10 07:07:05.565  2204  2204 D StrictMode:    at com.google.android.apps.gmm.map.m.q.a(PG:8693)
08-10 07:07:05.565  2204  2204 D StrictMode:    at com.google.android.apps.gmm.shared.f.a.a(PG:48)
08-10 07:07:05.565  2204  2204 D StrictMode:    at com.google.android.apps.gmm.map.m.e.a(PG:1531)
08-10 07:07:05.565  2204  2204 D StrictMode:    at com.google.android.apps.gmm.base.app.a.a(PG:244)
08-10 07:07:05.565  2204  2204 D StrictMode:    at com.google.android.apps.gmm.base.app.a.a(PG:2265)
08-10 07:07:05.565  2204  2204 D StrictMode:    at com.google.android.apps.gmm.base.app.GoogleMapsApplication.a(PG:206)
08-10 07:07:05.565  2204  2204 D StrictMode:    at com.google.android.apps.gmm.base.app.GoogleMapsApplication.onCreate(PG:174)
08-10 07:07:05.565  2204  2204 D StrictMode:    at android.app.Instrumentation.callApplicationOnCreate(Instrumentation.java:1013)
08-10 07:07:05.565  2204  2204 D StrictMode:    at android.app.ActivityThread.handleBindApplication(ActivityThread.java:4707)
08-10 07:07:05.565  2204  2204 D StrictMode:    at android.app.ActivityThread.-wrap1(ActivityThread.java)
08-10 07:07:05.565  2204  2204 D StrictMode:    at android.app.ActivityThread$H.handleMessage(ActivityThread.java:1405)
08-10 07:07:05.565  2204  2204 D StrictMode:    at android.os.Handler.dispatchMessage(Handler.java:102)
08-10 07:07:05.565  2204  2204 D StrictMode:    at android.os.Looper.loop(Looper.java:148)
08-10 07:07:05.565  2204  2204 D StrictMode:    at android.app.ActivityThread.main(ActivityThread.java:5417)
08-10 07:07:05.565  2204  2204 D StrictMode:    at java.lang.reflect.Method.invoke(Native Method)
08-10 07:07:05.565  2204  2204 D StrictMode:    at com.android.internal.os.ZygoteInit$MethodAndArgsCaller.run(ZygoteInit.java:726)
08-10 07:07:05.565  2204  2204 D StrictMode:    at com.android.internal.os.ZygoteInit.main(ZygoteInit.java:616)
08-10 07:07:05.565  2204  2204 D StrictMode: StrictMode policy violation; ~duration=701 ms: android.os.StrictMode$StrictModeDiskReadViolation: policy=65567 violation=2
08-10 07:07:05.565  2204  2204 D StrictMode:    at android.os.StrictMode$AndroidBlockGuardPolicy.onReadFromDisk(StrictMode.java:1263)
08-10 07:07:05.565  2204  2204 D StrictMode:    at libcore.io.BlockGuardOs.access(BlockGuardOs.java:67)
08-10 07:07:05.565  2204  2204 D StrictMode:    at java.io.File.doAccess(File.java:281)
08-10 07:07:05.565  2204  2204 D StrictMode:    at java.io.File.exists(File.java:361)
08-10 07:07:05.565  2204  2204 D StrictMode:    at android.app.ContextImpl.createFilesDirLocked(ContextImpl.java:418)
08-10 07:07:05.565  2204  2204 D StrictMode:    at android.app.ContextImpl.getFilesDir(ContextImpl.java:441)
08-10 07:07:05.565  2204  2204 D StrictMode:    at android.app.ContextImpl.getFileStreamPath(ContextImpl.java:549)
08-10 07:07:05.565  2204  2204 D StrictMode:    at android.content.ContextWrapper.getFileStreamPath(ContextWrapper.java:193)
08-10 07:07:05.565  2204  2204 D StrictMode:    at com.google.android.apps.gmm.map.m.q.a(PG:8701)
08-10 07:07:05.565  2204  2204 D StrictMode:    at com.google.android.apps.gmm.shared.f.a.a(PG:48)
08-10 07:07:05.565  2204  2204 D StrictMode:    at com.google.android.apps.gmm.map.m.e.a(PG:1531)
08-10 07:07:05.565  2204  2204 D StrictMode:    at com.google.android.apps.gmm.base.app.a.a(PG:244)
08-10 07:07:05.565  2204  2204 D StrictMode:    at com.google.android.apps.gmm.base.app.a.a(PG:2265)
08-10 07:07:05.565  2204  2204 D StrictMode:    at com.google.android.apps.gmm.base.app.GoogleMapsApplication.a(PG:206)
08-10 07:07:05.565  2204  2204 D StrictMode:    at com.google.android.apps.gmm.base.app.GoogleMapsApplication.onCreate(PG:174)
08-10 07:07:05.565  2204  2204 D StrictMode:    at android.app.Instrumentation.callApplicationOnCreate(Instrumentation.java:1013)
08-10 07:07:05.565  2204  2204 D StrictMode:    at android.app.ActivityThread.handleBindApplication(ActivityThread.java:4707)
08-10 07:07:05.565  2204  2204 D StrictMode:    at android.app.ActivityThread.-wrap1(ActivityThread.java)
08-10 07:07:05.565  2204  2204 D StrictMode:    at android.app.ActivityThread$H.handleMessage(ActivityThread.java:1405)
08-10 07:07:05.565  2204  2204 D StrictMode:    at android.os.Handler.dispatchMessage(Handler.java:102)
08-10 07:07:05.565  2204  2204 D StrictMode:    at android.os.Looper.loop(Looper.java:148)
08-10 07:07:05.565  2204  2204 D StrictMode:    at android.app.ActivityThread.main(ActivityThread.java:5417)
08-10 07:07:05.565  2204  2204 D StrictMode:    at java.lang.reflect.Method.invoke(Native Method)
08-10 07:07:05.565  2204  2204 D StrictMode:    at com.android.internal.os.ZygoteInit$MethodAndArgsCaller.run(ZygoteInit.java:726)
08-10 07:07:05.565  2204  2204 D StrictMode:    at com.android.internal.os.ZygoteInit.main(ZygoteInit.java:616)
08-10 07:07:05.565  2204  2204 D StrictMode: StrictMode policy violation; ~duration=701 ms: android.os.StrictMode$StrictModeDiskReadViolation: policy=65567 violation=2
08-10 07:07:05.565  2204  2204 D StrictMode:    at android.os.StrictMode$AndroidBlockGuardPolicy.onReadFromDisk(StrictMode.java:1263)
08-10 07:07:05.565  2204  2204 D StrictMode:    at libcore.io.BlockGuardOs.access(BlockGuardOs.java:67)
08-10 07:07:05.565  2204  2204 D StrictMode:    at java.io.File.doAccess(File.java:281)
08-10 07:07:05.565  2204  2204 D StrictMode:    at java.io.File.exists(File.java:361)
08-10 07:07:05.565  2204  2204 D StrictMode:    at com.google.android.apps.gmm.map.m.q.a(PG:8703)
08-10 07:07:05.565  2204  2204 D StrictMode:    at com.google.android.apps.gmm.shared.f.a.a(PG:48)
08-10 07:07:05.565  2204  2204 D StrictMode:    at com.google.android.apps.gmm.map.m.e.a(PG:1531)
08-10 07:07:05.565  2204  2204 D StrictMode:    at com.google.android.apps.gmm.base.app.a.a(PG:244)
08-10 07:07:05.565  2204  2204 D StrictMode:    at com.google.android.apps.gmm.base.app.a.a(PG:2265)
08-10 07:07:05.565  2204  2204 D StrictMode:    at com.google.android.apps.gmm.base.app.GoogleMapsApplication.a(PG:206)
08-10 07:07:05.565  2204  2204 D StrictMode:    at com.google.android.apps.gmm.base.app.GoogleMapsApplication.onCreate(PG:174)
08-10 07:07:05.565  2204  2204 D StrictMode:    at android.app.Instrumentation.callApplicationOnCreate(Instrumentation.java:1013)
08-10 07:07:05.565  2204  2204 D StrictMode:    at android.app.ActivityThread.handleBindApplication(ActivityThread.java:4707)
08-10 07:07:05.565  2204  2204 D StrictMode:    at android.app.ActivityThread.-wrap1(ActivityThread.java)
08-10 07:07:05.565  2204  2204 D StrictMode:    at android.app.ActivityThread$H.handleMessage(ActivityThread.java:1405)
08-10 07:07:05.565  2204  2204 D StrictMode:    at android.os.Handler.dispatchMessage(Handler.java:102)
08-10 07:07:05.565  2204  2204 D StrictMode:    at android.os.Looper.loop(Looper.java:148)
08-10 07:07:05.565  2204  2204 D StrictMode:    at android.app.ActivityThread.main(ActivityThread.java:5417)
08-10 07:07:05.565  2204  2204 D StrictMode:    at java.lang.reflect.Method.invoke(Native Method)
08-10 07:07:05.565  2204  2204 D StrictMode:    at com.android.internal.os.ZygoteInit$MethodAndArgsCaller.run(ZygoteInit.java:726)
08-10 07:07:05.565  2204  2204 D StrictMode:    at com.android.internal.os.ZygoteInit.main(ZygoteInit.java:616)
08-10 07:07:05.565  2204  2204 D StrictMode: StrictMode policy violation; ~duration=701 ms: android.os.StrictMode$StrictModeDiskReadViolation: policy=65567 violation=2
08-10 07:07:05.565  2204  2204 D StrictMode:    at android.os.StrictMode$AndroidBlockGuardPolicy.onReadFromDisk(StrictMode.java:1263)
08-10 07:07:05.565  2204  2204 D StrictMode:    at libcore.io.BlockGuardOs.stat(BlockGuardOs.java:292)
08-10 07:07:05.565  2204  2204 D StrictMode:    at java.io.File.lastModified(File.java:569)
08-10 07:07:05.565  2204  2204 D StrictMode:    at com.google.android.apps.gmm.map.m.q.a(PG:8704)
08-10 07:07:05.565  2204  2204 D StrictMode:    at com.google.android.apps.gmm.shared.f.a.a(PG:48)
08-10 07:07:05.565  2204  2204 D StrictMode:    at com.google.android.apps.gmm.map.m.e.a(PG:1531)
08-10 07:07:05.565  2204  2204 D StrictMode:    at com.google.android.apps.gmm.base.app.a.a(PG:244)
08-10 07:07:05.565  2204  2204 D StrictMode:    at com.google.android.apps.gmm.base.app.a.a(PG:2265)
08-10 07:07:05.565  2204  2204 D StrictMode:    at com.google.android.apps.gmm.base.app.GoogleMapsApplication.a(PG:206)
08-10 07:07:05.565  2204  2204 D StrictMode:    at com.google.android.apps.gmm.base.app.GoogleMapsApplication.onCreate(PG:174)
08-10 07:07:05.565  2204  2204 D StrictMode:    at android.app.Instrumentation.callApplicationOnCreate(Instrumentation.java:1013)
08-10 07:07:05.565  2204  2204 D StrictMode:    at android.app.ActivityThread.handleBindApplication(ActivityThread.java:4707)
08-10 07:07:05.565  2204  2204 D StrictMode:    at android.app.ActivityThread.-wrap1(ActivityThread.java)
08-10 07:07:05.565  2204  2204 D StrictMode:    at android.app.ActivityThread$H.handleMessage(ActivityThread.java:1405)
08-10 07:07:05.565  2204  2204 D StrictMode:    at android.os.Handler.dispatchMessage(Handler.java:102)
08-10 07:07:05.565  2204  2204 D StrictMode:    at android.os.Looper.loop(Looper.java:148)
08-10 07:07:05.565  2204  2204 D StrictMode:    at android.app.ActivityThread.main(ActivityThread.java:5417)
08-10 07:07:05.565  2204  2204 D StrictMode:    at java.lang.reflect.Method.invoke(Native Method)
08-10 07:07:05.565  2204  2204 D StrictMode:    at com.android.internal.os.ZygoteInit$MethodAndArgsCaller.run(ZygoteInit.java:726)
08-10 07:07:05.565  2204  2204 D StrictMode:    at com.android.internal.os.ZygoteInit.main(ZygoteInit.java:616)
08-10 07:07:05.609  1981  1981 D MediaScannerReceiver: action: android.intent.action.MEDIA_MOUNTED path: /storage/1203-340E
08-10 07:07:05.624  1981  1981 D MediaScannerReceiver: action: android.intent.action.MEDIA_MOUNTED path: /storage/emulated/0
08-10 07:07:05.631  1528  1528 I AccountManagerService: getTypesVisibleToCaller: isPermitted? true
08-10 07:07:05.641  2204  2215 W art     : Suspending all threads took: 6.573ms
08-10 07:07:05.642  1528  1528 I ActivityManager: Start proc 2271:com.baloota.dumpster/u0a74 for service com.baloota.dumpster/com.evernote.android.job.v21.PlatformJobService
08-10 07:07:06.132  1528  1968 I ActivityManager: Start proc 2287:com.android.deskclock/u0a24 for broadcast com.android.deskclock/com.android.alarmclock.AnalogAppWidgetProvider
08-10 07:07:06.136  2204  2260 W art     : Long monitor contention event with owner method=void com.google.android.gms.common.api.a.<init>(java.lang.String, com.google.android.gms.common.api.b, com.google.android.gms.common.api.h) from :4294967295 waiters=0 for 475ms
08-10 07:07:06.187  2287  2287 W System  : ClassLoader referenced unknown path: /system/app/DeskClock/lib/x86
08-10 07:07:06.873  2204  2254 W com.google.a.a.b.d.a: Application name is not set. Call Builder#setApplicationName.
08-10 07:07:06.959  2204  2300 W ActivityThread: ClassLoader.loadClass: The class loader returned by Thread.getContextClassLoader() may fail for processes that host multiple applications. You should explicitly specify a context class loader. For example: Thread.setContextClassLoader(getClass().getClassLoader());
08-10 07:07:07.255  2204  2254 E BluetoothAdapter: Bluetooth binder is null
08-10 07:07:07.274  2204  2257 W art     : Long monitor contention event with owner method=void com.google.android.apps.gmm.notification.z.<init>(android.content.Context) from PG:33 waiters=0 for 1.466s
08-10 07:07:07.827  2271  2271 I MultiDex: VM with version 2.1.0 has multidex support
08-10 07:07:07.827  2271  2271 I MultiDex: install
08-10 07:07:07.827  2271  2271 I MultiDex: VM has multidex support, MultiDex support library is disabled.
08-10 07:07:08.778  1528  1539 I AccountManagerService: getTypesVisibleToCaller: isPermitted? true
08-10 07:07:08.866  2271  2271 D FirebaseApp: com.google.firebase.auth.FirebaseAuth is not linked. Skipping initialization.
08-10 07:07:08.992  2271  2271 D FirebaseApp: Initialized class com.google.firebase.iid.FirebaseInstanceId.
08-10 07:07:08.992  2271  2271 D FirebaseApp: com.google.firebase.crash.FirebaseCrash is not linked. Skipping initialization.
08-10 07:07:09.191  2271  2271 I FA      : App measurement is starting up, version: 9080
08-10 07:07:09.192  2271  2271 I FA      : To enable debug logging run: adb shell setprop log.tag.FA VERBOSE
08-10 07:07:09.445  1886  2308 V NQFileLogger: [102] e.a: about to write to file
08-10 07:07:09.489  1886  2308 V ProcessReports: [102] ProcessReportsService.a: If not already scheduled, schedule for 3600 to 14400 seconds from now (but might be processed inline after 900 seconds instead)
08-10 07:07:09.523  2271  2271 D FirebaseApp: Initialized class com.google.android.gms.measurement.AppMeasurement.
08-10 07:07:09.523  2271  2271 I FirebaseInitProvider: FirebaseApp initialization successful
08-10 07:07:09.693  2271  2313 W GooglePlayServicesUtil: Google Play services out of date.  Requires 9080000 but found 8489470
08-10 07:07:10.268  2271  2271 I Fabric  : Initializing Crashlytics 2.3.3.61
08-10 07:07:10.380  1528  1539 I AccountManagerService: getTypesVisibleToCaller: isPermitted? true
08-10 07:07:10.383  2271  2321 W GooglePlayServicesUtil: Google Play services out of date.  Requires 9080000 but found 8489470
08-10 07:07:10.544  2271  2271 W FA      : Service connection failed: ConnectionResult{statusCode=SERVICE_VERSION_UPDATE_REQUIRED, resolution=null, message=null}
08-10 07:07:10.569  2271  2328 D PlatformJobService: Run job, request{id=1, tag=job_data_tag}, waited 19:18:56 (+7 days), start 23:59:59, end 23:59:59
08-10 07:07:10.569  2271  2328 I JobExecutor: Executing request{id=1, tag=job_data_tag}, context PlatformJobService
08-10 07:07:10.570  2271  2329 W Dumpster: 2271:2329: hh: GTM getBoolean [dataSdkFuseEnabled] GTM not initialized, using preferences..
08-10 07:07:10.570  2271  2329 W Dumpster: 2271:2329: hh: GTM getBoolean [dataSdkFuseEnabled] preferences not initialized, using default
08-10 07:07:10.616  2271  2329 I JobExecutor: Finished job{id=1, finished=true, result=SUCCESS, canceled=false, periodic=true, class=hr, tag=job_data_tag}
08-10 07:07:10.616  2271  2328 D PlatformJobService: Finished job, request{id=1, tag=job_data_tag} SUCCESS
08-10 07:07:10.656  1528  1968 I ActivityManager: Start proc 2330:com.android.settings/1000 for broadcast com.android.settings/.sim.SimSelectNotification
08-10 07:07:10.700  2330  2330 W System  : ClassLoader referenced unknown path: /system/priv-app/Settings/lib/x86
08-10 07:07:10.978  2134  2134 I CheckinService: Checkin interval check for package: unspecified last checkin: 1470243827756 min interval config: 0 actual interval: 569003221
08-10 07:07:11.071  2134  2345 I EventLogService: Aggregate from 1470732422494 (log), 1470732422494 (data)
08-10 07:07:11.727  1528  1677 I ActivityManager: Start proc 2350:com.android.calendar/u0a20 for broadcast com.android.calendar/.widget.CalendarAppWidgetService$CalendarFactory
08-10 07:07:11.741  2271  2363 W GooglePlayServicesUtil: Google Play services out of date.  Requires 9080000 but found 8489470
08-10 07:07:11.749  2350  2350 W System  : ClassLoader referenced unknown path: /system/app/Calendar/lib/x86
08-10 07:07:11.783  2271  2365 W GooglePlayServicesUtil: Google Play services out of date.  Requires 9080000 but found 8489470
08-10 07:07:11.897  2350  2350 D ExtensionsFactory: No custom extensions.
08-10 07:07:11.914  2287  2287 V AlarmClock: AlarmInitReceiver android.intent.action.TIME_SET
08-10 07:07:11.929  1528  1821 I ActivityManager: Start proc 2373:com.android.providers.calendar/u0a1 for content provider com.android.providers.calendar/.CalendarProvider2
08-10 07:07:11.953  2373  2373 W System  : ClassLoader referenced unknown path: /system/priv-app/CalendarProvider/lib/x86
08-10 07:07:12.184  2373  2373 I CalendarProvider2: Created com.android.providers.calendar.CalendarAlarmManager@88cfccc(com.android.providers.calendar.CalendarProvider2@ad5fb15)
08-10 07:07:12.189  1528  1678 I AccountManagerService: getTypesVisibleToCaller: isPermitted? true
08-10 07:07:12.213  2287  2387 V AlarmClock: AlarmInitReceiver finished
08-10 07:07:12.598  1528  1540 I ActivityManager: Start proc 2394:com.android.messaging/u0a48 for broadcast com.android.messaging/.receiver.DefaultSmsSubscriptionChangeReceiver
08-10 07:07:12.647  2394  2394 W System  : ClassLoader referenced unknown path: /system/app/messaging/lib/x86
08-10 07:07:12.861  1528  1528 I AccountManagerService: getTypesVisibleToCaller: isPermitted? true
08-10 07:07:12.875  2394  2394 I MessagingApp: Carrier config changed. Reloading MMS config.
08-10 07:07:12.883  1528  1821 I ActivityManager: Start proc 2417:com.android.dialer/u0a4 for broadcast com.android.dialer/.calllog.CallLogReceiver
08-10 07:07:12.883  1528  2415 I RecoverySystem: No recovery log file
08-10 07:07:12.928  2394  2414 I MessagingAppDataModel: Fixup: Send failed - 0 Download failed - 0
08-10 07:07:12.932  1528  2412 I ActivityManager: Start proc 2432:com.android.keychain/1000 for service com.android.keychain/.KeyChainService
08-10 07:07:12.978  2432  2432 W System  : ClassLoader referenced unknown path: /system/app/KeyChain/lib/x86
08-10 07:07:12.981  2417  2417 W System  : ClassLoader referenced unknown path: /system/priv-app/Dialer/lib/x86
08-10 07:07:13.056  2394  2410 W MessagingApp: canonicalizeMccMnc: invalid mccmnc:null ,null
08-10 07:07:13.063  1528  1968 D MmsServiceBroker: getCarrierConfigValues() by com.android.messaging
08-10 07:07:13.063  1528  1968 W MmsServiceBroker: MmsService not connected. Try connecting...
08-10 07:07:13.064  1528  1528 I MmsServiceBroker: Connecting to MmsService
08-10 07:07:13.064  1528  1528 W ContextImpl: Calling a method in the system process without a qualified user: android.app.ContextImpl.bindService:1285 com.android.server.MmsServiceBroker.tryConnecting:240 com.android.server.MmsServiceBroker.-wrap3:-1 com.android.server.MmsServiceBroker$1.handleMessage:82 android.os.Handler.dispatchMessage:102
08-10 07:07:13.065  1776  1776 W System  : ClassLoader referenced unknown path: /system/priv-app/MmsService/lib/x86
08-10 07:07:13.068  1776  1776 D MmsService: onCreate
08-10 07:07:13.070  1528  1528 I MmsServiceBroker: MmsService connected
08-10 07:07:13.072  1776  1787 D MmsService: getCarrierConfigValues
08-10 07:07:13.072  1776  1787 I MmsService: mms config for sub 1: null
08-10 07:07:13.072  2394  2410 I MessagingApp: Carrier configs loaded: Bundle[{maxImageHeight=1944, maxMessageSize=1048576, maxImageWidth=2592}] from resources+system for subId=1
08-10 07:07:13.072  1776  2446 I MmsService: MmsConfigManager loads in background mcc/mnc: 310/260
08-10 07:07:13.082  1528  2415 I BootReceiver: Copying audit failures to DropBox
08-10 07:07:13.082  1528  2415 I BootReceiver: Checking for fsck errors
08-10 07:07:13.107  2394  2424 W MessagingApp: canonicalizeMccMnc: invalid mccmnc:null ,null
08-10 07:07:13.111  1528  1540 D MmsServiceBroker: getCarrierConfigValues() by com.android.messaging
08-10 07:07:13.112  1776  2006 D MmsService: getCarrierConfigValues
08-10 07:07:13.112  1776  2006 I MmsService: mms config for sub 1: Bundle[{httpSocketTimeout=60000, aliasMinChars=2, smsToMmsTextThreshold=-1, enableSMSDeliveryReports=true, maxMessageTextSize=-1, supportMmsContentDisposition=true, enabledTransID=false, aliasEnabled=false, supportHttpCharsetHeader=false, allowAttachAudio=true, smsToMmsTextLengthThreshold=-1, recipientLimit=2147483647, uaProfTagName=x-wap-profile, aliasMaxChars=48, maxImageHeight=480, enableMMSDeliveryReports=false, userAgent=, config_cellBroadcastAppLinks=true, maxSubjectLength=40, httpParams=, enableGroupMms=true, emailGatewayNumber=, maxMessageSize=307200, naiSuffix=, enableMMSReadReports=false, maxImageWidth=640, uaProfUrl=, enabledMMS=true, enabledNotifyWapMMSC=false, sendMultipartSmsAsSeparateMessages=false, enableMultipartSMS=true}]
08-10 07:07:13.112  2394  2424 I MessagingApp: Carrier configs loaded: Bundle[{httpSocketTimeout=60000, aliasMinChars=2, smsToMmsTextThreshold=-1, enableSMSDeliveryReports=true, maxMessageTextSize=-1, supportMmsContentDisposition=true, enabledTransID=false, aliasEnabled=false, supportHttpCharsetHeader=false, allowAttachAudio=true, smsToMmsTextLengthThreshold=-1, recipientLimit=2147483647, uaProfTagName=x-wap-profile, aliasMaxChars=48, maxImageHeight=480, enableMMSDeliveryReports=false, userAgent=, config_cellBroadcastAppLinks=true, maxSubjectLength=40, httpParams=, enableGroupMms=true, emailGatewayNumber=, maxMessageSize=307200, naiSuffix=, enableMMSReadReports=false, maxImageWidth=640, uaProfUrl=, enabledMMS=true, enabledNotifyWapMMSC=false, sendMultipartSmsAsSeparateMessages=false, enableMultipartSMS=true}] from resources+system for subId=1
08-10 07:07:13.118  2394  2424 W MessagingApp: canonicalizeMccMnc: invalid mccmnc:null ,null
08-10 07:07:13.122  1528  1968 D MmsServiceBroker: getCarrierConfigValues() by com.android.messaging
08-10 07:07:13.122  1776  2056 D MmsService: getCarrierConfigValues
08-10 07:07:13.122  1776  2056 I MmsService: mms config for sub 1: Bundle[{httpSocketTimeout=60000, aliasMinChars=2, smsToMmsTextThreshold=-1, enableSMSDeliveryReports=true, maxMessageTextSize=-1, supportMmsContentDisposition=true, enabledTransID=false, aliasEnabled=false, supportHttpCharsetHeader=false, allowAttachAudio=true, smsToMmsTextLengthThreshold=-1, recipientLimit=2147483647, uaProfTagName=x-wap-profile, aliasMaxChars=48, maxImageHeight=480, enableMMSDeliveryReports=false, userAgent=, config_cellBroadcastAppLinks=true, maxSubjectLength=40, httpParams=, enableGroupMms=true, emailGatewayNumber=, maxMessageSize=307200, naiSuffix=, enableMMSReadReports=false, maxImageWidth=640, uaProfUrl=, enabledMMS=true, enabledNotifyWapMMSC=false, sendMultipartSmsAsSeparateMessages=false, enableMultipartSMS=true}]
